Component: ARM Compiler 5.06 update 6 (build 750) Tool: armlink [4d35ed]

==============================================================================

Section Cross References

    startup_stm32l475xx.o(RESET) refers to startup_stm32l475xx.o(STACK) for __initial_sp
    startup_stm32l475xx.o(RESET) refers to startup_stm32l475xx.o(.text) for Reset_Handler
    startup_stm32l475xx.o(RESET) refers to stm32l4xx_it.o(i.NMI_Handler) for NMI_Handler
    startup_stm32l475xx.o(RESET) refers to stm32l4xx_it.o(i.HardFault_Handler) for HardFault_Handler
    startup_stm32l475xx.o(RESET) refers to stm32l4xx_it.o(i.MemManage_Handler) for MemManage_Handler
    startup_stm32l475xx.o(RESET) refers to stm32l4xx_it.o(i.BusFault_Handler) for BusFault_Handler
    startup_stm32l475xx.o(RESET) refers to stm32l4xx_it.o(i.UsageFault_Handler) for UsageFault_Handler
    startup_stm32l475xx.o(RESET) refers to stm32l4xx_it.o(i.SVC_Handler) for SVC_Handler
    startup_stm32l475xx.o(RESET) refers to stm32l4xx_it.o(i.DebugMon_Handler) for DebugMon_Handler
    startup_stm32l475xx.o(RESET) refers to stm32l4xx_it.o(i.PendSV_Handler) for PendSV_Handler
    startup_stm32l475xx.o(RESET) refers to stm32l4xx_it.o(i.SysTick_Handler) for SysTick_Handler
    startup_stm32l475xx.o(RESET) refers to bsp.o(i.USART1_IRQHandler) for USART1_IRQHandler
    startup_stm32l475xx.o(RESET) refers to stm32l4xx_it.o(i.OTG_FS_IRQHandler) for OTG_FS_IRQHandler
    startup_stm32l475xx.o(.text) refers to system_stm32l4xx.o(i.SystemInit) for SystemInit
    startup_stm32l475xx.o(.text) refers to entry.o(.ARM.Collect$$$$00000000) for __main
    main.o(i.MSC_Application) refers to memcpya.o(.text) for __aeabi_memcpy4
    main.o(i.MSC_Application) refers to ff.o(i.f_mount) for f_mount
    main.o(i.MSC_Application) refers to bsp.o(i.Error_Handler) for Error_Handler
    main.o(i.MSC_Application) refers to ff.o(i.f_open) for f_open
    main.o(i.MSC_Application) refers to ff.o(i.f_write) for f_write
    main.o(i.MSC_Application) refers to ff.o(i.f_close) for f_close
    main.o(i.MSC_Application) refers to fatfs.o(.data) for USBHPath
    main.o(i.MSC_Application) refers to main.o(.bss) for .bss
    main.o(i.easyflash_user_init) refers to easyflash.o(i.easyflash_init) for easyflash_init
    main.o(i.easyflash_user_init) refers to elog.o(i.elog_output) for elog_output
    main.o(i.easyflash_user_init) refers to main.o(i.test_env) for test_env
    main.o(i.easyflash_user_init) refers to main.o(.constdata) for .constdata
    main.o(i.elog_user_init) refers to elog.o(i.elog_init) for elog_init
    main.o(i.elog_user_init) refers to elog.o(i.elog_set_text_color_enabled) for elog_set_text_color_enabled
    main.o(i.elog_user_init) refers to elog.o(i.elog_set_fmt) for elog_set_fmt
    main.o(i.elog_user_init) refers to elog.o(i.elog_start) for elog_start
    main.o(i.elog_user_init) refers to main.o(i.test_elog) for test_elog
    main.o(i.elog_user_init) refers to printfa.o(i.__0printf) for __2printf
    main.o(i.elog_user_init) refers to main.o(.constdata) for .constdata
    main.o(i.gfx_draw_pixel) refers to lcd.o(i.LCD_Draw_ColorPoint) for LCD_Draw_ColorPoint
    main.o(i.main) refers to stm32l4xx_hal.o(i.HAL_Init) for HAL_Init
    main.o(i.main) refers to bsp.o(i.SystemClock_Config) for SystemClock_Config
    main.o(i.main) refers to delay.o(i.delay_init) for delay_init
    main.o(i.main) refers to stm32l4xx_hal_rcc.o(i.HAL_RCC_GetSysClockFreq) for HAL_RCC_GetSysClockFreq
    main.o(i.main) refers to bsp.o(i.MX_GPIO_Init) for MX_GPIO_Init
    main.o(i.main) refers to fatfs.o(i.MX_FATFS_Init) for MX_FATFS_Init
    main.o(i.main) refers to usb_host.o(i.MX_USB_HOST_Init) for MX_USB_HOST_Init
    main.o(i.main) refers to bsp.o(i.MX_USART1_UART_Init) for MX_USART1_UART_Init
    main.o(i.main) refers to main.o(i.elog_user_init) for elog_user_init
    main.o(i.main) refers to lcd.o(i.LCD_Init) for LCD_Init
    main.o(i.main) refers to elog.o(i.elog_output) for elog_output
    main.o(i.main) refers to shell_port.o(i.userShellInit) for userShellInit
    main.o(i.main) refers to w25qxx.o(i.W25QXX_Init) for W25QXX_Init
    main.o(i.main) refers to w25qxx.o(i.W25QXX_Read) for W25QXX_Read
    main.o(i.main) refers to elog.o(i.elog_hexdump) for elog_hexdump
    main.o(i.main) refers to main.o(i.easyflash_user_init) for easyflash_user_init
    main.o(i.main) refers to uicode.o(i.startHelloWave) for startHelloWave
    main.o(i.main) refers to usb_host.o(i.MX_USB_HOST_Process) for MX_USB_HOST_Process
    main.o(i.main) refers to ff.o(i.f_mount) for f_mount
    main.o(i.main) refers to main.o(i.MSC_Application) for MSC_Application
    main.o(i.main) refers to main.o(.constdata) for .constdata
    main.o(i.main) refers to main.o(.bss) for .bss
    main.o(i.main) refers to main.o(i.gfx_draw_pixel) for gfx_draw_pixel
    main.o(i.main) refers to main.o(.data) for .data
    main.o(i.main) refers to usb_host.o(.data) for Appli_state
[...]
    c_myUI::on_clicked(int, int)::index      0x20000800   Data           4  uicode.o(.data__ZZN6c_myUI10on_clickedEiiE5index)
    USBDISKFatFs                             0x20000804   Data         560  main.o(.bss)
    MyFile                                   0x20000a34   Data         560  main.o(.bss)
    datatemp                                 0x20000c64   Data          23  main.o(.bss)
    huart1                                   0x20000c7c   Data         132  bsp.o(.bss)
    SPI3_Handler                             0x20001180   Data         100  spi3.o(.bss)
    QSPI_Handler                             0x200011e4   Data          68  qspi.o(.bss)
    hUsbHostFS                               0x20001228   Data         984  usb_host.o(.bss)
    hhcd_USB_OTG_FS                          0x20001600   Data         772  usbh_conf.o(.bss)
    disk                                     0x20001924   Data          12  ff_gen_drv.o(.bss)
    c_theme::s_font_map                      0x200048dc   Data          32  uicode.o(.bss)
    c_theme::s_color_map                     0x200048fc   Data          44  uicode.o(.bss)
    c_edit::s_keyboard                       0x20004928   Data         120  uicode.o(.bss)
    env_cache_table                          0x20004c28   Data         128  ef_env.o(.bss)
    sector_cache_table                       0x20004ca8   Data          32  ef_env.o(.bss)
    shell                                    0x20004dbc   Data         108  shell_port.o(.bss)
    shellBuffer                              0x20004e28   Data         512  shell_port.o(.bss)
    __heap_base                              0x20005028   Data           0  startup_stm32l475xx.o(HEAP)
    __heap_limit                             0x20006028   Data           0  startup_stm32l475xx.o(HEAP)
    __initial_sp                             0x20006428   Data           0  startup_stm32l475xx.o(STACK)



==============================================================================

Memory Map of the image

  Image Entry point : 0x08000189

  Load Region LR_IROM1 (Base: 0x08000000, Size: 0x00012644, Max: 0x00040000, ABSOLUTE, COMPRESSED[0x00012124])

    Execution Region ER_IROM1 (Exec base: 0x08000000, Load base: 0x08000000, Size: 0x00011e40, Max: 0x00040000, ABSOLUTE)

    Exec Addr    Load Addr    Size         Type   Attr      Idx    E Section Name        Object

    0x08000000   0x08000000   0x00000188   Data   RO            3    RESET               startup_stm32l475xx.o
    0x08000188   0x08000188   0x00000000   Code   RO         8491  * .ARM.Collect$$$$00000000  mc_w.l(entry.o)
    0x08000188   0x08000188   0x00000004   Code   RO         8851    .ARM.Collect$$$$00000001  mc_w.l(entry2.o)
    0x0800018c   0x0800018c   0x00000004   Code   RO         8854    .ARM.Collect$$$$00000004  mc_w.l(entry5.o)
    0x08000190   0x08000190   0x00000000   Code   RO         8856    .ARM.Collect$$$$00000008  mc_w.l(entry7b.o)
    0x08000190   0x08000190   0x00000004   Code   RO         8857    .ARM.Collect$$$$00000009  mc_w.l(entry8a.o)
    0x08000194   0x08000194   0x00000000   Code   RO         8858    .ARM.Collect$$$$0000000A  mc_w.l(entry8b.o)
    0x08000194   0x08000194   0x00000008   Code   RO         8859    .ARM.Collect$$$$0000000B  mc_w.l(entry9a.o)
    0x0800019c   0x0800019c   0x00000000   Code   RO         8861    .ARM.Collect$$$$0000000D  mc_w.l(entry10a.o)
    0x0800019c   0x0800019c   0x00000004   Code   RO         8862    .ARM.Collect$$$$0000000E  mc_w.l(entry10b.o)
    0x080001a0   0x080001a0   0x00000000   Code   RO         8863    .ARM.Collect$$$$0000000F  mc_w.l(entry11a.o)
    0x080001a0   0x080001a0   0x00000004   Code   RO         8852    .ARM.Collect$$$$00002712  mc_w.l(entry2.o)
    0x080001a4   0x080001a4   0x00000024   Code   RO            4    .text               startup_stm32l475xx.o
    0x080001c8   0x080001c8   0x00000068   Code   RO         8494    .text               mc_w.l(uldiv.o)
    0x08000230   0x08000230   0x00000024   Code   RO         8496    .text               mc_w.l(memcpya.o)
    0x08000254   0x08000254   0x00000024   Code   RO         8498    .text               mc_w.l(memseta.o)
    0x08000278   0x08000278   0x00000024   Code   RO         8500    .text               mc_w.l(strstr.o)
    0x0800029c   0x0800029c   0x00000018   Code   RO         8502    .text               mc_w.l(strncpy.o)
    0x080002b4   0x080002b4   0x0000000e   Code   RO         8504    .text               mc_w.l(strlen.o)
    0x080002c2   0x080002c2   0x0000001c   Code   RO         8506    .text               mc_w.l(strcmp.o)
    0x080002de   0x080002de   0x0000001e   Code   RO         8510    .text               mc_w.l(strncmp.o)
    0x080002fc   0x080002fc   0x0000001c   Code   RO         8803    .text               mc_w.l(calloc.o)
    0x08000318   0x08000318   0x0000001a   Code   RO         8805    .text               mc_w.l(atol.o)
    0x08000332   0x08000332   0x00000002   PAD
    0x08000334   0x08000334   0x00000020   Code   RO         8810    .text               mc_w.l(cpp_init.o)
    0x08000354   0x08000354   0x0000002e   Code   RO         8812    .text               mc_w.l(aeabi_atexit.o)
    0x08000382   0x08000382   0x000000de   Code   RO         8814    .text               mf_w.l(ddiv.o)
    0x08000460   0x08000460   0x0000002c   Code   RO         8866    .text               mc_w.l(uidiv.o)
    0x0800048c   0x0800048c   0x0000001e   Code   RO         8868    .text               mc_w.l(llshl.o)
    0x080004aa   0x080004aa   0x00000020   Code   RO         8870    .text               mc_w.l(llushr.o)
    0x080004ca   0x080004ca   0x00000070   Code   RO         8881    .text               mc_w.l(strtol.o)
    0x0800053a   0x0800053a   0x00000000   Code   RO         8883    .text               mc_w.l(iusefp.o)
    0x0800053a   0x0800053a   0x00000002   PAD
    0x0800053c   0x0800053c   0x00000008   Code   RO         8884    .text               mc_w.l(cpp_dtor.o)
    0x08000544   0x08000544   0x00000042   Code   RO         8887    .text               mc_w.l(cxa_finalize.o)
    0x08000586   0x08000586   0x000000ba   Code   RO         8889    .text               mf_w.l(depilogue.o)
    0x08000640   0x08000640   0x0000015e   Code   RO         8891    .text               mf_w.l(dadd.o)
    0x0800079e   0x0800079e   0x000000ea   Code   RO         8893    .text               mf_w.l(dmul.o)
    0x08000888   0x08000888   0x00000030   Code   RO         8895    .text               mf_w.l(dfixul.o)
    0x080008b8   0x080008b8   0x00000030   Code   RO         8897    .text               mf_w.l(cdrcmple.o)
    0x080008e8   0x080008e8   0x00000024   Code   RO         8931    .text               mc_w.l(init.o)
    0x0800090c   0x0800090c   0x00000024   Code   RO         8933    .text               mc_w.l(llsshr.o)
    0x08000930   0x08000930   0x00000008   Code   RO         8935    .text               mc_w.l(ctype_o.o)
    0x08000938   0x08000938   0x000000a4   Code   RO         8963    .text               mc_w.l(_strtoul.o)
    0x080009dc   0x080009dc   0x00000002   Code   RO         8965    .text               mc_w.l(cpp_final.o)
    0x080009de   0x080009de   0x0000001c   Code   RO         8985    .text               mc_w.l(_chval.o)
    0x080009fa   0x080009fa   0x00000056   Code   RO         8997    .text               mc_w.l(__dczerorl2.o)
    0x08000a50   0x08000a50   0x00000002   Code   RO          320    i.BusFault_Handler  stm32l4xx_it.o
    0x08000a52   0x08000a52   0x0000004a   Code   RO         5454    i.DeInitStateMachine  usbh_core.o
    0x08000a9c   0x08000a9c   0x00000002   Code   RO          321    i.DebugMon_Handler  stm32l4xx_it.o
    0x08000a9e   0x08000a9e   0x00000004   Code   RO          438    i.Error_Handler     bsp.o
    0x08000aa2   0x08000aa2   0x00000006   Code   RO         5380    i.FATFS_LinkDriver  ff_gen_drv.o
    0x08000aa8   0x08000aa8   0x00000044   Code   RO         5381    i.FATFS_LinkDriverEx  ff_gen_drv.o
    0x08000aec   0x08000aec   0x0000004a   Code   RO         2693    i.HAL_DMA_Abort     stm32l4xx_hal_dma.o
    0x08000b36   0x08000b36   0x0000004e   Code   RO         2694    i.HAL_DMA_Abort_IT  stm32l4xx_hal_dma.o
    0x08000b84   0x08000b84   0x00000024   Code   RO         1417    i.HAL_Delay         stm32l4xx_hal.o
    0x08000ba8   0x08000ba8   0x0000021e   Code   RO         2629    i.HAL_GPIO_Init     stm32l4xx_hal_gpio.o
    0x08000dc6   0x08000dc6   0x0000000a   Code   RO         2633    i.HAL_GPIO_WritePin  stm32l4xx_hal_gpio.o
    0x08000dd0   0x08000dd0   0x0000000c   Code   RO         1421    i.HAL_GetTick       stm32l4xx_hal.o
    0x08000ddc   0x08000ddc   0x00000008   Code   RO         4759    i.HAL_HCD_Connect_Callback  usbh_conf.o
    0x08000de4   0x08000de4   0x00000008   Code   RO         4760    i.HAL_HCD_Disconnect_Callback  usbh_conf.o
    0x08000dec   0x08000dec   0x00000006   Code   RO          936    i.HAL_HCD_GetCurrentFrame  stm32l4xx_hal_hcd.o
    0x08000df2   0x08000df2   0x00000006   Code   RO          937    i.HAL_HCD_GetCurrentSpeed  stm32l4xx_hal_hcd.o
    0x08000df8   0x08000df8   0x00000012   Code   RO          940    i.HAL_HCD_HC_GetURBState  stm32l4xx_hal_hcd.o
    0x08000e0a   0x08000e0a   0x00000010   Code   RO          941    i.HAL_HCD_HC_GetXferCount  stm32l4xx_hal_hcd.o
    0x08000e1a   0x08000e1a   0x00000024   Code   RO          942    i.HAL_HCD_HC_Halt   stm32l4xx_hal_hcd.o
    0x08000e3e   0x08000e3e   0x0000007c   Code   RO          943    i.HAL_HCD_HC_Init   stm32l4xx_hal_hcd.o
    0x08000eba   0x08000eba   0x00000002   Code   RO         4761    i.HAL_HCD_HC_NotifyURBChange_Callback  usbh_conf.o
    0x08000ebc   0x08000ebc   0x00000098   Code   RO          945    i.HAL_HCD_HC_SubmitRequest  stm32l4xx_hal_hcd.o
    0x08000f54   0x08000f54   0x0000013a   Code   RO          946    i.HAL_HCD_IRQHandler  stm32l4xx_hal_hcd.o
    0x0800108e   0x0800108e   0x00000072   Code   RO          947    i.HAL_HCD_Init      stm32l4xx_hal_hcd.o
    0x08001100   0x08001100   0x000000d0   Code   RO         4763    i.HAL_HCD_MspInit   usbh_conf.o
    0x080011d0   0x080011d0   0x00000008   Code   RO         4764    i.HAL_HCD_PortDisabled_Callback  usbh_conf.o
    0x080011d8   0x080011d8   0x00000008   Code   RO         4765    i.HAL_HCD_PortEnabled_Callback  usbh_conf.o
    0x080011e0   0x080011e0   0x00000006   Code   RO          952    i.HAL_HCD_ResetPort  stm32l4xx_hal_hcd.o
    0x080011e6   0x080011e6   0x00000008   Code   RO         4766    i.HAL_HCD_SOF_Callback  usbh_conf.o
    0x080011ee   0x080011ee   0x0000002c   Code   RO          954    i.HAL_HCD_Start     stm32l4xx_hal_hcd.o
    0x0800121a   0x0800121a   0x00000024   Code   RO          955    i.HAL_HCD_Stop      stm32l4xx_hal_hcd.o
    0x0800123e   0x0800123e   0x00000002   PAD
    0x08001240   0x08001240   0x00000010   Code   RO         1427    i.HAL_IncTick       stm32l4xx_hal.o
    0x08001250   0x08001250   0x0000001e   Code   RO         1428    i.HAL_Init          stm32l4xx_hal.o
    0x0800126e   0x0800126e   0x00000002   PAD
    0x08001270   0x08001270   0x00000044   Code   RO         1429    i.HAL_InitTick      stm32l4xx_hal.o
    0x080012b4   0x080012b4   0x0000002c   Code   RO          402    i.HAL_MspInit       stm32l4xx_hal_msp.o
    0x080012e0   0x080012e0   0x0000001a   Code   RO         3176    i.HAL_NVIC_EnableIRQ  stm32l4xx_hal_cortex.o
    0x080012fa   0x080012fa   0x00000002   PAD
    0x080012fc   0x080012fc   0x00000040   Code   RO         3182    i.HAL_NVIC_SetPriority  stm32l4xx_hal_cortex.o
    0x0800133c   0x0800133c   0x00000024   Code   RO         3183    i.HAL_NVIC_SetPriorityGrouping  stm32l4xx_hal_cortex.o
    0x08001360   0x08001360   0x00000024   Code   RO         3184    i.HAL_NVIC_SystemReset  stm32l4xx_hal_cortex.o
    0x08001384   0x08001384   0x00000068   Code   RO         2920    i.HAL_PWREx_ControlVoltageScaling  stm32l4xx_hal_pwr_ex.o
    0x080013ec   0x080013ec   0x00000010   Code   RO         2946    i.HAL_PWREx_EnableVddUSB  stm32l4xx_hal_pwr_ex.o
    0x080013fc   0x080013fc   0x00000010   Code   RO         2951    i.HAL_PWREx_GetVoltageRange  stm32l4xx_hal_pwr_ex.o
    0x0800140c   0x0800140c   0x00000086   Code   RO         4217    i.HAL_QSPI_Abort    stm32l4xx_hal_qspi.o
    0x08001492   0x08001492   0x0000008c   Code   RO         4223    i.HAL_QSPI_Command  stm32l4xx_hal_qspi.o
    0x0800151e   0x0800151e   0x00000002   PAD
    0x08001520   0x08001520   0x000000a0   Code   RO         4232    i.HAL_QSPI_Init     stm32l4xx_hal_qspi.o
    0x080015c0   0x080015c0   0x00000050   Code   RO          879    i.HAL_QSPI_MspInit  qspi.o
    0x08001610   0x08001610   0x000000ca   Code   RO         4236    i.HAL_QSPI_Receive  stm32l4xx_hal_qspi.o
    0x080016da   0x080016da   0x00000002   PAD
    0x080016dc   0x080016dc   0x000000c2   Code   RO         4245    i.HAL_QSPI_Transmit  stm32l4xx_hal_qspi.o
    0x0800179e   0x0800179e   0x00000002   PAD
    0x080017a0   0x080017a0   0x000003ae   Code   RO         2282    i.HAL_RCCEx_PeriphCLKConfig  stm32l4xx_hal_rcc_ex.o
    0x08001b4e   0x08001b4e   0x00000002   PAD
    0x08001b50   0x08001b50   0x00000120   Code   RO         2161    i.HAL_RCC_ClockConfig  stm32l4xx_hal_rcc.o
    0x08001c70   0x08001c70   0x00000024   Code   RO         2167    i.HAL_RCC_GetPCLK1Freq  stm32l4xx_hal_rcc.o
    0x08001c94   0x08001c94   0x00000024   Code   RO         2168    i.HAL_RCC_GetPCLK2Freq  stm32l4xx_hal_rcc.o
    0x08001cb8   0x08001cb8   0x000000a4   Code   RO         2170    i.HAL_RCC_GetSysClockFreq  stm32l4xx_hal_rcc.o
    0x08001d5c   0x08001d5c   0x00000528   Code   RO         2173    i.HAL_RCC_OscConfig  stm32l4xx_hal_rcc.o
    0x08002284   0x08002284   0x000000e0   Code   RO         3901    i.HAL_SPI_Init      stm32l4xx_hal_spi.o
    0x08002364   0x08002364   0x00000050   Code   RO          669    i.HAL_SPI_MspInit   spi3.o
    0x080023b4   0x080023b4   0x0000018e   Code   RO         3909    i.HAL_SPI_Transmit  stm32l4xx_hal_spi.o
    0x08002542   0x08002542   0x00000018   Code   RO         3185    i.HAL_SYSTICK_CLKSourceConfig  stm32l4xx_hal_cortex.o
    0x0800255a   0x0800255a   0x00000028   Code   RO         3187    i.HAL_SYSTICK_Config  stm32l4xx_hal_cortex.o
    0x08002582   0x08002582   0x00000002   Code   RO         3423    i.HAL_UARTEx_RxEventCallback  stm32l4xx_hal_uart.o
    0x08002584   0x08002584   0x00000002   Code   RO         3816    i.HAL_UARTEx_WakeupCallback  stm32l4xx_hal_uart_ex.o
    0x08002586   0x08002586   0x00000002   Code   RO         3439    i.HAL_UART_ErrorCallback  stm32l4xx_hal_uart.o
    0x08002588   0x08002588   0x00000294   Code   RO         3442    i.HAL_UART_IRQHandler  stm32l4xx_hal_uart.o
    0x0800281c   0x0800281c   0x00000066   Code   RO         3443    i.HAL_UART_Init     stm32l4xx_hal_uart.o
    0x08002882   0x08002882   0x00000002   PAD
    0x08002884   0x08002884   0x00000090   Code   RO          404    i.HAL_UART_MspInit  stm32l4xx_hal_msp.o
    0x08002914   0x08002914   0x00000054   Code   RO         3448    i.HAL_UART_Receive_IT  stm32l4xx_hal_uart.o
    0x08002968   0x08002968   0x00000034   Code   RO         8314    i.HAL_UART_RxCpltCallback  shell_port.o
    0x0800299c   0x0800299c   0x000000b6   Code   RO         3452    i.HAL_UART_Transmit  stm32l4xx_hal_uart.o
    0x08002a52   0x08002a52   0x00000002   Code   RO         3455    i.HAL_UART_TxCpltCallback  stm32l4xx_hal_uart.o
    0x08002a54   0x08002a54   0x000001e6   Code   RO          956    i.HCD_HC_IN_IRQHandler  stm32l4xx_hal_hcd.o
    0x08002c3a   0x08002c3a   0x000001ec   Code   RO          957    i.HCD_HC_OUT_IRQHandler  stm32l4xx_hal_hcd.o
    0x08002e26   0x08002e26   0x00000094   Code   RO          958    i.HCD_Port_IRQHandler  stm32l4xx_hal_hcd.o
    0x08002eba   0x08002eba   0x0000008c   Code   RO          959    i.HCD_RXQLVL_IRQHandler  stm32l4xx_hal_hcd.o
    0x08002f46   0x08002f46   0x00000002   Code   RO          322    i.HardFault_Handler  stm32l4xx_it.o
    0x08002f48   0x08002f48   0x00000052   Code   RO          499    i.LCD_Address_Set   lcd.o
    0x08002f9a   0x08002f9a   0x00000002   PAD
    0x08002f9c   0x08002f9c   0x00000058   Code   RO          500    i.LCD_Clear         lcd.o
    0x08002ff4   0x08002ff4   0x00000016   Code   RO          506    i.LCD_Draw_ColorPoint  lcd.o
    0x0800300a   0x0800300a   0x00000002   PAD
    0x0800300c   0x0800300c   0x000000a4   Code   RO          510    i.LCD_Gpio_Init     lcd.o
    0x080030b0   0x080030b0   0x000001a0   Code   RO          511    i.LCD_Init          lcd.o
    0x08003250   0x08003250   0x00000040   Code   RO          513    i.LCD_SPI_Send      lcd.o
    0x08003290   0x08003290   0x0000001c   Code   RO          519    i.LCD_Write_Cmd     lcd.o
    0x080032ac   0x080032ac   0x0000001c   Code   RO          520    i.LCD_Write_Data    lcd.o
    0x080032c8   0x080032c8   0x00000028   Code   RO          521    i.LCD_Write_HalfWord  lcd.o
    0x080032f0   0x080032f0   0x00000094   Code   RO           13    i.MSC_Application   main.o
    0x08003384   0x08003384   0x00000018   Code   RO         4940    i.MX_DriverVbusFS   usbh_platform.o
    0x0800339c   0x0800339c   0x0000001c   Code   RO         4682    i.MX_FATFS_Init     fatfs.o
    0x080033b8   0x080033b8   0x0000007c   Code   RO          439    i.MX_GPIO_Init      bsp.o
    0x08003434   0x08003434   0x00000038   Code   RO          440    i.MX_USART1_UART_Init  bsp.o
    0x0800346c   0x0800346c   0x00000040   Code   RO         4720    i.MX_USB_HOST_Init  usb_host.o
    0x080034ac   0x080034ac   0x0000000c   Code   RO         4721    i.MX_USB_HOST_Process  usb_host.o
    0x080034b8   0x080034b8   0x00000002   Code   RO          323    i.MemManage_Handler  stm32l4xx_it.o
    0x080034ba   0x080034ba   0x00000002   Code   RO          324    i.NMI_Handler       stm32l4xx_it.o
    0x080034bc   0x080034bc   0x0000000c   Code   RO          325    i.OTG_FS_IRQHandler  stm32l4xx_it.o
    0x080034c8   0x080034c8   0x00000002   Code   RO          326    i.PendSV_Handler    stm32l4xx_it.o
    0x080034ca   0x080034ca   0x0000015e   Code   RO         4250    i.QSPI_Config       stm32l4xx_hal_qspi.o
    0x08003628   0x08003628   0x00000040   Code   RO          880    i.QSPI_Init         qspi.o
    0x08003668   0x08003668   0x00000024   Code   RO          881    i.QSPI_Receive      qspi.o
    0x0800368c   0x0800368c   0x00000038   Code   RO          882    i.QSPI_Send_CMD     qspi.o
    0x080036c4   0x080036c4   0x00000048   Code   RO         4257    i.QSPI_WaitFlagStateUntilTimeout  stm32l4xx_hal_qspi.o
    0x0800370c   0x0800370c   0x0000012c   Code   RO         2286    i.RCCEx_PLLSAI1_Config  stm32l4xx_hal_rcc_ex.o
    0x08003838   0x08003838   0x00000108   Code   RO         2287    i.RCCEx_PLLSAI2_Config  stm32l4xx_hal_rcc_ex.o
    0x08003940   0x08003940   0x0000007c   Code   RO         2174    i.RCC_SetFlashLatencyFromMSIRange  stm32l4xx_hal_rcc.o
    0x080039bc   0x080039bc   0x0000004c   Code   RO          670    i.SPI3_Init         spi3.o
    0x08003a08   0x08003a08   0x00000014   Code   RO          672    i.SPI3_WriteByte    spi3.o
    0x08003a1c   0x08003a1c   0x00000048   Code   RO         3939    i.SPI_EndRxTxTransaction  stm32l4xx_hal_spi.o
    0x08003a64   0x08003a64   0x000000e6   Code   RO         3944    i.SPI_WaitFifoStateUntilTimeout  stm32l4xx_hal_spi.o
    0x08003b4a   0x08003b4a   0x00000002   PAD
    0x08003b4c   0x08003b4c   0x000000b8   Code   RO         3945    i.SPI_WaitFlagStateUntilTimeout  stm32l4xx_hal_spi.o
    0x08003c04   0x08003c04   0x00000002   Code   RO          327    i.SVC_Handler       stm32l4xx_it.o
    0x08003c06   0x08003c06   0x00000004   Code   RO          328    i.SysTick_Handler   stm32l4xx_it.o
    0x08003c0a   0x08003c0a   0x00000074   Code   RO          441    i.SystemClock_Config  bsp.o
    0x08003c7e   0x08003c7e   0x00000002   PAD
    0x08003c80   0x08003c80   0x00000010   Code   RO         4590    i.SystemInit        system_stm32l4xx.o
    0x08003c90   0x08003c90   0x000000c8   Code   RO         3457    i.UART_AdvFeatureConfig  stm32l4xx_hal_uart.o
    0x08003d58   0x08003d58   0x0000005c   Code   RO         3458    i.UART_CheckIdleState  stm32l4xx_hal_uart.o
    0x08003db4   0x08003db4   0x00000014   Code   RO         3459    i.UART_DMAAbortOnError  stm32l4xx_hal_uart.o
    0x08003dc8   0x08003dc8   0x0000004a   Code   RO         3469    i.UART_EndRxTransfer  stm32l4xx_hal_uart.o
    0x08003e12   0x08003e12   0x0000009e   Code   RO         3471    i.UART_RxISR_16BIT  stm32l4xx_hal_uart.o
    0x08003eb0   0x08003eb0   0x0000009e   Code   RO         3472    i.UART_RxISR_8BIT   stm32l4xx_hal_uart.o
    0x08003f4e   0x08003f4e   0x00000002   PAD
    0x08003f50   0x08003f50   0x00000248   Code   RO         3473    i.UART_SetConfig    stm32l4xx_hal_uart.o
    0x08004198   0x08004198   0x000000b8   Code   RO         3475    i.UART_Start_Receive_IT  stm32l4xx_hal_uart.o
    0x08004250   0x08004250   0x000000c6   Code   RO         3478    i.UART_WaitOnFlagUntilTimeout  stm32l4xx_hal_uart.o
    0x08004316   0x08004316   0x00000002   PAD
    0x08004318   0x08004318   0x0000000c   Code   RO          442    i.USART1_IRQHandler  bsp.o
    0x08004324   0x08004324   0x00000028   Code   RO         5781    i.USBH_AllocPipe    usbh_pipes.o
    0x0800434c   0x0800434c   0x00000026   Code   RO         5709    i.USBH_BulkReceiveData  usbh_ioreq.o
    0x08004372   0x08004372   0x00000030   Code   RO         5710    i.USBH_BulkSendData  usbh_ioreq.o
    0x080043a2   0x080043a2   0x0000000a   Code   RO         5782    i.USBH_ClosePipe    usbh_pipes.o
    0x080043ac   0x080043ac   0x0000001e   Code   RO         5595    i.USBH_ClrFeature   usbh_ctlreq.o
    0x080043ca   0x080043ca   0x00000026   Code   RO         5711    i.USBH_CtlReceiveData  usbh_ioreq.o
    0x080043f0   0x080043f0   0x0000003a   Code   RO         5596    i.USBH_CtlReq       usbh_ctlreq.o
    0x0800442a   0x0800442a   0x00000030   Code   RO         5712    i.USBH_CtlSendData  usbh_ioreq.o
    0x0800445a   0x0800445a   0x00000024   Code   RO         5713    i.USBH_CtlSendSetup  usbh_ioreq.o
    0x0800447e   0x0800447e   0x00000004   Code   RO         4767    i.USBH_Delay        usbh_conf.o
    0x08004482   0x08004482   0x0000004c   Code   RO         5456    i.USBH_FindInterface  usbh_core.o
    0x080044ce   0x080044ce   0x00000018   Code   RO         5783    i.USBH_FreePipe     usbh_pipes.o
    0x080044e6   0x080044e6   0x00000040   Code   RO         5597    i.USBH_GetDescriptor  usbh_ctlreq.o
    0x08004526   0x08004526   0x00000020   Code   RO         5784    i.USBH_GetFreePipe  usbh_pipes.o
    0x08004546   0x08004546   0x0000000e   Code   RO         5598    i.USBH_GetNextDesc  usbh_ctlreq.o
    0x08004554   0x08004554   0x0000002e   Code   RO         5599    i.USBH_Get_CfgDesc  usbh_ctlreq.o
    0x08004582   0x08004582   0x0000002e   Code   RO         5600    i.USBH_Get_DevDesc  usbh_ctlreq.o
    0x080045b0   0x080045b0   0x0000002e   Code   RO         5601    i.USBH_Get_StringDesc  usbh_ctlreq.o
    0x080045de   0x080045de   0x00000024   Code   RO         4768    i.USBH_Get_USB_Status  usbh_conf.o
    0x08004602   0x08004602   0x000001c6   Code   RO         5602    i.USBH_HandleControl  usbh_ctlreq.o
    0x080047c8   0x080047c8   0x00000238   Code   RO         5459    i.USBH_HandleEnum   usbh_core.o
    0x08004a00   0x08004a00   0x00000014   Code   RO         5460    i.USBH_HandleSof    usbh_core.o
    0x08004a14   0x08004a14   0x00000042   Code   RO         5461    i.USBH_Init         usbh_core.o
    0x08004a56   0x08004a56   0x00000012   Code   RO         4769    i.USBH_LL_ClosePipe  usbh_conf.o
    0x08004a68   0x08004a68   0x00000014   Code   RO         5463    i.USBH_LL_Connect   usbh_core.o
    0x08004a7c   0x08004a7c   0x0000002e   Code   RO         5464    i.USBH_LL_Disconnect  usbh_core.o
    0x08004aaa   0x08004aaa   0x0000001a   Code   RO         4771    i.USBH_LL_DriverVBUS  usbh_conf.o
    0x08004ac4   0x08004ac4   0x00000008   Code   RO         4772    i.USBH_LL_GetLastXferSize  usbh_conf.o
    0x08004acc   0x08004acc   0x00000022   Code   RO         4773    i.USBH_LL_GetSpeed  usbh_conf.o
    0x08004aee   0x08004aee   0x00000024   Code   RO         4774    i.USBH_LL_GetToggle  usbh_conf.o
    0x08004b12   0x08004b12   0x00000008   Code   RO         4775    i.USBH_LL_GetURBState  usbh_conf.o
    0x08004b1a   0x08004b1a   0x0000000e   Code   RO         5465    i.USBH_LL_IncTimer  usbh_core.o
    0x08004b28   0x08004b28   0x00000050   Code   RO         4776    i.USBH_LL_Init      usbh_conf.o
    0x08004b78   0x08004b78   0x00000026   Code   RO         4777    i.USBH_LL_OpenPipe  usbh_conf.o
    0x08004b9e   0x08004b9e   0x00000008   Code   RO         5466    i.USBH_LL_PortDisabled  usbh_core.o
    0x08004ba6   0x08004ba6   0x00000008   Code   RO         5467    i.USBH_LL_PortEnabled  usbh_core.o
    0x08004bae   0x08004bae   0x00000012   Code   RO         4778    i.USBH_LL_ResetPort  usbh_conf.o
    0x08004bc0   0x08004bc0   0x00000006   Code   RO         5468    i.USBH_LL_SetTimer  usbh_core.o
    0x08004bc6   0x08004bc6   0x00000026   Code   RO         4779    i.USBH_LL_SetToggle  usbh_conf.o
    0x08004bec   0x08004bec   0x00000012   Code   RO         4780    i.USBH_LL_Start     usbh_conf.o
    0x08004bfe   0x08004bfe   0x00000012   Code   RO         4781    i.USBH_LL_Stop      usbh_conf.o
    0x08004c10   0x08004c10   0x0000002a   Code   RO         4782    i.USBH_LL_SubmitURB  usbh_conf.o
    0x08004c3a   0x08004c3a   0x00000024   Code   RO         5919    i.USBH_MSC_BOT_Abort  usbh_msc_bot.o
    0x08004c5e   0x08004c5e   0x00000002   PAD
    0x08004c60   0x08004c60   0x00000024   Code   RO         5920    i.USBH_MSC_BOT_Init  usbh_msc_bot.o
    0x08004c84   0x08004c84   0x0000023a   Code   RO         5921    i.USBH_MSC_BOT_Process  usbh_msc_bot.o
    0x08004ebe   0x08004ebe   0x00000016   Code   RO         5922    i.USBH_MSC_BOT_REQ_GetMaxLUN  usbh_msc_bot.o
    0x08004ed4   0x08004ed4   0x00000018   Code   RO         5923    i.USBH_MSC_BOT_REQ_Reset  usbh_msc_bot.o
    0x08004eec   0x08004eec   0x0000007c   Code   RO         5828    i.USBH_MSC_ClassRequest  usbh_msc.o
    0x08004f68   0x08004f68   0x0000004c   Code   RO         5924    i.USBH_MSC_DecodeCSW  usbh_msc_bot.o
    0x08004fb4   0x08004fb4   0x00000070   Code   RO         5829    i.USBH_MSC_GetLUNInfo  usbh_msc.o
    0x08005024   0x08005024   0x0000004c   Code   RO         5831    i.USBH_MSC_InterfaceDeInit  usbh_msc.o
    0x08005070   0x08005070   0x0000010e   Code   RO         5832    i.USBH_MSC_InterfaceInit  usbh_msc.o
    0x0800517e   0x0800517e   0x00000348   Code   RO         5834    i.USBH_MSC_Process  usbh_msc.o
    0x080054c6   0x080054c6   0x000000be   Code   RO         5835    i.USBH_MSC_RdWrProcess  usbh_msc.o
    0x08005584   0x08005584   0x0000009a   Code   RO         5836    i.USBH_MSC_Read     usbh_msc.o
    0x0800561e   0x0800561e   0x000000e4   Code   RO         5971    i.USBH_MSC_SCSI_Inquiry  usbh_msc_scsi.o
    0x08005702   0x08005702   0x0000009c   Code   RO         5972    i.USBH_MSC_SCSI_Read  usbh_msc_scsi.o
    0x0800579e   0x0800579e   0x0000008c   Code   RO         5973    i.USBH_MSC_SCSI_ReadCapacity  usbh_msc_scsi.o
    0x0800582a   0x0800582a   0x00000098   Code   RO         5974    i.USBH_MSC_SCSI_RequestSense  usbh_msc_scsi.o
    0x080058c2   0x080058c2   0x0000004e   Code   RO         5975    i.USBH_MSC_SCSI_TestUnitReady  usbh_msc_scsi.o
    0x08005910   0x08005910   0x0000009a   Code   RO         5976    i.USBH_MSC_SCSI_Write  usbh_msc_scsi.o
    0x080059aa   0x080059aa   0x00000004   Code   RO         5837    i.USBH_MSC_SOFProcess  usbh_msc.o
    0x080059ae   0x080059ae   0x00000026   Code   RO         5838    i.USBH_MSC_UnitIsReady  usbh_msc.o
    0x080059d4   0x080059d4   0x0000009a   Code   RO         5839    i.USBH_MSC_Write    usbh_msc.o
    0x08005a6e   0x08005a6e   0x0000001e   Code   RO         5785    i.USBH_OpenPipe     usbh_pipes.o
    0x08005a8c   0x08005a8c   0x000000b2   Code   RO         5603    i.USBH_ParseCfgDesc  usbh_ctlreq.o
    0x08005b3e   0x08005b3e   0x00000058   Code   RO         5604    i.USBH_ParseDevDesc  usbh_ctlreq.o
    0x08005b96   0x08005b96   0x00000020   Code   RO         5605    i.USBH_ParseEPDesc  usbh_ctlreq.o
    0x08005bb6   0x08005bb6   0x00000026   Code   RO         5606    i.USBH_ParseInterfaceDesc  usbh_ctlreq.o
    0x08005bdc   0x08005bdc   0x00000034   Code   RO         5607    i.USBH_ParseStringDesc  usbh_ctlreq.o
    0x08005c10   0x08005c10   0x00000270   Code   RO         5469    i.USBH_Process      usbh_core.o
    0x08005e80   0x08005e80   0x00000022   Code   RO         5471    i.USBH_RegisterClass  usbh_core.o
    0x08005ea2   0x08005ea2   0x00000016   Code   RO         5472    i.USBH_SelectInterface  usbh_core.o
    0x08005eb8   0x08005eb8   0x0000001c   Code   RO         5608    i.USBH_SetAddress   usbh_ctlreq.o
    0x08005ed4   0x08005ed4   0x0000001c   Code   RO         5609    i.USBH_SetCfg       usbh_ctlreq.o
    0x08005ef0   0x08005ef0   0x0000001c   Code   RO         5610    i.USBH_SetFeature   usbh_ctlreq.o
    0x08005f0c   0x08005f0c   0x00000016   Code   RO         5473    i.USBH_Start        usbh_core.o
    0x08005f22   0x08005f22   0x00000002   PAD
    0x08005f24   0x08005f24   0x00000028   Code   RO         4722    i.USBH_UserProcess  usb_host.o
    0x08005f4c   0x08005f4c   0x00000004   Code   RO         4627    i.USBH_initialize   usbh_diskio.o
    0x08005f50   0x08005f50   0x00000070   Code   RO         4628    i.USBH_ioctl        usbh_diskio.o
    0x08005fc0   0x08005fc0   0x00000044   Code   RO         4629    i.USBH_read         usbh_diskio.o
    0x08006004   0x08006004   0x00000018   Code   RO         4630    i.USBH_status       usbh_diskio.o
    0x0800601c   0x0800601c   0x0000004c   Code   RO         4631    i.USBH_write        usbh_diskio.o
    0x08006068   0x08006068   0x0000005c   Code   RO         1114    i.USB_CoreInit      stm32l4xx_ll_usb.o
    0x080060c4   0x080060c4   0x0000000c   Code   RO         1121    i.USB_DisableGlobalInt  stm32l4xx_ll_usb.o
    0x080060d0   0x080060d0   0x0000002c   Code   RO         1123    i.USB_DriveVbus     stm32l4xx_ll_usb.o
    0x080060fc   0x080060fc   0x0000000c   Code   RO         1130    i.USB_EnableGlobalInt  stm32l4xx_ll_usb.o
    0x08006108   0x08006108   0x0000003c   Code   RO         1131    i.USB_FlushRxFifo   stm32l4xx_ll_usb.o
    0x08006144   0x08006144   0x00000040   Code   RO         1132    i.USB_FlushTxFifo   stm32l4xx_ll_usb.o
    0x08006184   0x08006184   0x00000008   Code   RO         1133    i.USB_GetCurrentFrame  stm32l4xx_ll_usb.o
    0x0800618c   0x0800618c   0x0000000e   Code   RO         1135    i.USB_GetHostSpeed  stm32l4xx_ll_usb.o
    0x0800619a   0x0800619a   0x00000008   Code   RO         1136    i.USB_GetMode       stm32l4xx_ll_usb.o
    0x080061a2   0x080061a2   0x000000c4   Code   RO         1137    i.USB_HC_Halt       stm32l4xx_ll_usb.o
    0x08006266   0x08006266   0x00000002   PAD
    0x08006268   0x08006268   0x000000ee   Code   RO         1138    i.USB_HC_Init       stm32l4xx_ll_usb.o
    0x08006356   0x08006356   0x00000008   Code   RO         1139    i.USB_HC_ReadInterrupt  stm32l4xx_ll_usb.o
    0x0800635e   0x0800635e   0x000000f8   Code   RO         1140    i.USB_HC_StartXfer  stm32l4xx_ll_usb.o
    0x08006456   0x08006456   0x00000002   PAD
    0x08006458   0x08006458   0x0000008c   Code   RO         1141    i.USB_HostInit      stm32l4xx_ll_usb.o
    0x080064e4   0x080064e4   0x00000036   Code   RO         1142    i.USB_InitFSLSPClkSel  stm32l4xx_ll_usb.o
    0x0800651a   0x0800651a   0x00000008   Code   RO         1147    i.USB_ReadInterrupts  stm32l4xx_ll_usb.o
    0x08006522   0x08006522   0x0000003e   Code   RO         1148    i.USB_ReadPacket    stm32l4xx_ll_usb.o
    0x08006560   0x08006560   0x00000032   Code   RO         1149    i.USB_ResetPort     stm32l4xx_ll_usb.o
    0x08006592   0x08006592   0x0000005c   Code   RO         1150    i.USB_SetCurrentMode  stm32l4xx_ll_usb.o
    0x080065ee   0x080065ee   0x0000008a   Code   RO         1155    i.USB_StopHost      stm32l4xx_ll_usb.o
    0x08006678   0x08006678   0x00000024   Code   RO         1156    i.USB_WritePacket   stm32l4xx_ll_usb.o
    0x0800669c   0x0800669c   0x00000002   Code   RO          329    i.UsageFault_Handler  stm32l4xx_it.o
    0x0800669e   0x0800669e   0x00000002   PAD
    0x080066a0   0x080066a0   0x00000098   Code   RO          776    i.W25QXX_Init       w25qxx.o
    0x08006738   0x08006738   0x0000002a   Code   RO          777    i.W25QXX_Read       w25qxx.o
    0x08006762   0x08006762   0x0000002c   Code   RO          778    i.W25QXX_ReadID     w25qxx.o
    0x0800678e   0x0800678e   0x00000006   Code   RO         6279    i._Z12thread_sleepj  uicode.o
    0x08006794   0x08006794   0x00000050   Code   RO         6281    i._Z13load_resourcev  uicode.o
    0x080067e4   0x080067e4   0x00000010   Code   RO         6290    i._Z7_assertPKci    uicode.o
    0x080067f4   0x080067f4   0x000001f0   Code   RO         6294    i._Z9create_uiPviiiP15EXTERNAL_GFX_OP  uicode.o
    0x080069e4   0x080069e4   0x00000110   Code   RO         6713    i._ZN10c_keyboard14on_key_clickedEii  uicode.o
    0x08006af4   0x08006af4   0x0000001e   Code   RO         6967    i._ZN10c_keyboard14pre_create_wndEv  uicode.o
    0x08006b12   0x08006b12   0x00000002   PAD
    0x08006b14   0x08006b14   0x0000001c   Code   RO         6961    i._ZN10c_keyboard16on_init_childrenEv  uicode.o
    0x08006b30   0x08006b30   0x00000034   Code   RO         6973    i._ZN10c_keyboard8on_paintEv  uicode.o
    0x08006b64   0x08006b64   0x00000002   Code   RO         6720    i._ZN10c_keyboardD1Ev  uicode.o
    0x08006b66   0x08006b66   0x00000002   PAD
    0x08006b68   0x08006b68   0x0000010a   Code   RO         6480    i._ZN11c_wave_ctrl12refresh_waveEh  uicode.o
    0x08006c72   0x08006c72   0x0000000c   Code   RO         7048    i._ZN11c_wave_ctrl14set_wave_speedEj  uicode.o
    0x08006c7e   0x08006c7e   0x0000004a   Code   RO         6991    i._ZN11c_wave_ctrl16on_init_childrenEv  uicode.o
    0x08006cc8   0x08006cc8   0x000000ea   Code   RO         6637    i._ZN11c_wave_ctrl17draw_smooth_vlineEiiij  uicode.o
    0x08006db2   0x08006db2   0x00000002   PAD
    0x08006db4   0x08006db4   0x00000088   Code   RO         6630    i._ZN11c_wave_ctrl18restore_backgroundEv  uicode.o
    0x08006e3c   0x08006e3c   0x0000004a   Code   RO         6600    i._ZN11c_wave_ctrl20set_wave_in_out_rateEjj  uicode.o
    0x08006e86   0x08006e86   0x000000aa   Code   RO         6997    i._ZN11c_wave_ctrl8on_paintEv  uicode.o
    0x08006f30   0x08006f30   0x0000004c   Code   RO         6594    i._ZN11c_wave_ctrlC1Ev  uicode.o
    0x08006f7c   0x08006f7c   0x00000002   Code   RO         6729    i._ZN11c_wave_ctrlD1Ev  uicode.o
    0x08006f7e   0x08006f7e   0x00000002   PAD
    0x08006f80   0x08006f80   0x00000044   Code   RO         6486    i._ZN13c_wave_buffer15write_wave_dataEs  uicode.o
    0x08006fc4   0x08006fc4   0x00000132   Code   RO         6644    i._ZN13c_wave_buffer23read_wave_data_by_frameERsS0_sjs  uicode.o
    0x080070f6   0x080070f6   0x0000005a   Code   RO         6588    i._ZN13c_wave_bufferC1Ev  uicode.o
    0x08007150   0x08007150   0x000000ae   Code   RO         7034    i._ZN15c_font_operator14get_string_posEPKvS1_6c_rectjRiS3_  uicode.o
    0x080071fe   0x080071fe   0x00000002   PAD
    0x08007200   0x08007200   0x000000d8   Code   RO         6814    i._ZN15c_surface_no_fb15fill_rect_on_fbEiiiij  uicode.o
    0x080072d8   0x080072d8   0x00000064   Code   RO         6820    i._ZN15c_surface_no_fb16draw_pixel_on_fbEiij  uicode.o
    0x0800733c   0x0800733c   0x00000210   Code   RO         6982    i._ZN17c_keyboard_button8on_paintEv  uicode.o
    0x0800754c   0x0800754c   0x00000010   Code   RO         6723    i._ZN17c_keyboard_buttonC1Ev  uicode.o
    0x0800755c   0x0800755c   0x00000002   Code   RO         6726    i._ZN17c_keyboard_buttonD1Ev  uicode.o
    0x0800755e   0x0800755e   0x00000056   Code   RO         6826    i._ZN17c_lattice_font_op11draw_stringEP9c_surfaceiPKviiS3_jj  uicode.o
    0x080075b4   0x080075b4   0x00000046   Code   RO         6536    i._ZN17c_lattice_font_op11get_latticeEPK24struct_lattice_font_infoj  uicode.o
    0x080075fa   0x080075fa   0x00000002   PAD
    0x080075fc   0x080075fc   0x0000012a   Code   RO         7054    i._ZN17c_lattice_font_op12draw_latticeEP9c_surfaceiiiiiPKhjj  uicode.o
    0x08007726   0x08007726   0x0000005c   Code   RO         6853    i._ZN17c_lattice_font_op12get_str_sizeEPKvS1_RiS2_  uicode.o
    0x08007782   0x08007782   0x00000002   PAD
    0x08007784   0x08007784   0x00000054   Code   RO         6542    i._ZN17c_lattice_font_op13get_utf8_codeEPKcRj  uicode.o
    0x080077d8   0x080077d8   0x000000c6   Code   RO         7041    i._ZN17c_lattice_font_op16draw_single_charEP9c_surfaceijiiPK24struct_lattice_font_infojj  uicode.o
    0x0800789e   0x0800789e   0x0000006e   Code   RO         6832    i._ZN17c_lattice_font_op19draw_string_in_rectEP9c_surfaceiPKv6c_rectS3_jjj  uicode.o
    0x0800790c   0x0800790c   0x00000026   Code   RO         6650    i._ZN5c_wnd11show_windowEv  uicode.o
    0x08007932   0x08007932   0x00000002   Code   RO         6894    i._ZN5c_wnd14pre_create_wndEv  uicode.o
    0x08007934   0x08007934   0x00000002   Code   RO         6882    i._ZN5c_wnd16on_init_childrenEv  uicode.o
    0x08007936   0x08007936   0x00000002   PAD
    0x08007938   0x08007938   0x000000ec   Code   RO         6492    i._ZN5c_wnd7connectEPS_tPKcssssP15struct_wnd_tree  uicode.o
    0x08007a24   0x08007a24   0x00000002   Code   RO         6888    i._ZN5c_wnd8on_paintEv  uicode.o
    0x08007a26   0x08007a26   0x00000002   PAD
    0x08007a28   0x08007a28   0x00000038   Code   RO         6568    i._ZN5c_wndC1Ev     uicode.o
    0x08007a60   0x08007a60   0x00000058   Code   RO         6732    i._ZN6c_myUI10on_clickedEii  uicode.o
    0x08007ab8   0x08007ab8   0x000000b8   Code   RO         7006    i._ZN6c_myUI16on_init_childrenEv  uicode.o
    0x08007b70   0x08007b70   0x00000038   Code   RO         7012    i._ZN6c_myUI8on_paintEv  uicode.o
    0x08007ba8   0x08007ba8   0x00000002   Code   RO         6739    i._ZN6c_myUID1Ev    uicode.o
    0x08007baa   0x08007baa   0x00000002   PAD
    0x08007bac   0x08007bac   0x0000002c   Code   RO         6612    i._ZN6c_rect8set_rectEiiii  uicode.o
    0x08007bd8   0x08007bd8   0x0000000e   Code   RO         6624    i._ZN6c_rectC1Ev    uicode.o
    0x08007be6   0x08007be6   0x00000002   PAD
    0x08007be8   0x08007be8   0x00000030   Code   RO         6554    i._ZN6c_word11draw_stringEP9c_surfaceiPKviiS3_jj  uicode.o
    0x08007c18   0x08007c18   0x00000040   Code   RO         6561    i._ZN6c_word19draw_string_in_rectEP9c_surfaceiPKv6c_rectS3_jjj  uicode.o
    0x08007c58   0x08007c58   0x00000010   Code   RO         6669    i._ZN7c_layerC1Ev   uicode.o
    0x08007c68   0x08007c68   0x00000020   Code   RO         6606    i._ZN7c_theme9add_colorE10COLOR_LISTj  uicode.o
    0x08007c88   0x08007c88   0x00000020   Code   RO         7021    i._ZN7c_theme9get_colorE10COLOR_LIST  uicode.o
    0x08007ca8   0x08007ca8   0x0000002c   Code   RO         6932    i._ZN8c_button14pre_create_wndEv  uicode.o
    0x08007cd4   0x08007cd4   0x000000f4   Code   RO         6912    i._ZN8c_button8on_paintEv  uicode.o
    0x08007dc8   0x08007dc8   0x00000010   Code   RO         6707    i._ZN8c_buttonC1Ev  uicode.o
    0x08007dd8   0x08007dd8   0x00000002   Code   RO         6710    i._ZN8c_buttonD1Ev  uicode.o
    0x08007dda   0x08007dda   0x0000002e   Code   RO         6499    i._ZN9c_displayC1EPviiP9c_surface  uicode.o
    0x08007e08   0x08007e08   0x0000002e   Code   RO         6693    i._ZN9c_surface10draw_hlineEiiijj  uicode.o
    0x08007e36   0x08007e36   0x00000002   PAD
    0x08007e38   0x08007e38   0x000000f0   Code   RO         6788    i._ZN9c_surface10draw_pixelEiijj  uicode.o
    0x08007f28   0x08007f28   0x0000002e   Code   RO         6700    i._ZN9c_surface10draw_vlineEiiijj  uicode.o
    0x08007f56   0x08007f56   0x00000002   PAD
    0x08007f58   0x08007f58   0x00000074   Code   RO         6505    i._ZN9c_surface11set_surfaceE13Z_ORDER_LEVEL6c_rect  uicode.o
    0x08007fcc   0x08007fcc   0x000000dc   Code   RO         6802    i._ZN9c_surface15fill_rect_on_fbEiiiij  uicode.o
    0x080080a8   0x080080a8   0x0000006a   Code   RO         6808    i._ZN9c_surface16draw_pixel_on_fbEiij  uicode.o
    0x08008112   0x08008112   0x00000002   PAD
    0x08008114   0x08008114   0x00000080   Code   RO         6530    i._ZN9c_surface9draw_rectE6c_rectjjj  uicode.o
    0x08008194   0x08008194   0x00000014   Code   RO         7027    i._ZN9c_surface9fill_rectE6c_rectjj  uicode.o
    0x080081a8   0x080081a8   0x0000010a   Code   RO         6795    i._ZN9c_surface9fill_rectEiiiijj  uicode.o
    0x080082b2   0x080082b2   0x00000002   PAD
    0x080082b4   0x080082b4   0x00000074   Code   RO         6524    i._ZN9c_surface9get_pixelEiij  uicode.o
    0x08008328   0x08008328   0x000000a2   Code   RO         6511    i._ZN9c_surfaceC1Ejjj13Z_ORDER_LEVEL6c_rect  uicode.o
    0x080083ca   0x080083ca   0x00000012   Code   RO         6663    i._ZNK5c_wnd11get_wnd_ptrEt  uicode.o
    0x080083dc   0x080083dc   0x0000000c   Code   RO         6618    i._ZNK5c_wnd12get_wnd_rectER6c_rect  uicode.o
    0x080083e8   0x080083e8   0x00000012   Code   RO         6657    i._ZNK5c_wnd14get_last_childEv  uicode.o
    0x080083fa   0x080083fa   0x00000052   Code   RO         6474    i._ZNK5c_wnd15get_screen_rectER6c_rect  uicode.o
    0x0800844c   0x0800844c   0x00000020   Code   RO         6675    i._ZNK6c_rect10pt_in_rectEii  uicode.o
    0x0800846c   0x0800846c   0x00000020   Code   RO         8747    i.__0printf         mc_w.l(printfa.o)
    0x0800848c   0x0800848c   0x00000030   Code   RO         8748    i.__0snprintf       mc_w.l(printfa.o)
    0x080084bc   0x080084bc   0x00000028   Code   RO         8749    i.__0sprintf        mc_w.l(printfa.o)
    0x080084e4   0x080084e4   0x0000002c   Code   RO         8752    i.__0vsnprintf      mc_w.l(printfa.o)
    0x08008510   0x08008510   0x00000024   Code   RO         8753    i.__0vsprintf       mc_w.l(printfa.o)
    0x08008534   0x08008534   0x00000020   Code   RO         3189    i.__NVIC_SetPriority  stm32l4xx_hal_cortex.o
    0x08008554   0x08008554   0x00000008   Code   RO         8874    i.__aeabi_errno_addr  mc_w.l(errno.o)
    0x0800855c   0x0800855c   0x00000024   Code   RO         8488    i.__aeabi_vec_ctor_nocookie_nodtor  cpprt_w.l(aeabi_vec_ctor_nocookie_nodtor.o)
    0x08008580   0x08008580   0x00000010   Code   RO         8376    i.__cxa_guard_acquire  cpprt_w.l(cxa_guard_acquire.o)
    0x08008590   0x08008590   0x0000000e   Code   RO         8991    i.__scatterload_copy  mc_w.l(handlers.o)
    0x0800859e   0x0800859e   0x00000002   Code   RO         8992    i.__scatterload_null  mc_w.l(handlers.o)
    0x080085a0   0x080085a0   0x0000000e   Code   RO         8993    i.__scatterload_zeroinit  mc_w.l(handlers.o)
    0x080085ae   0x080085ae   0x00000002   PAD
    0x080085b0   0x080085b0   0x00000394   Code   RO         6298    i.__sti___10_UIcode_cpp_396ac66f  uicode.o
    0x08008944   0x08008944   0x0000018a   Code   RO         8754    i._fp_digits        mc_w.l(printfa.o)
    0x08008ace   0x08008ace   0x00000002   PAD
    0x08008ad0   0x08008ad0   0x000006e2   Code   RO         8755    i._printf_core      mc_w.l(printfa.o)
    0x080091b2   0x080091b2   0x00000024   Code   RO         8756    i._printf_post_padding  mc_w.l(printfa.o)
    0x080091d6   0x080091d6   0x0000002e   Code   RO         8757    i._printf_pre_padding  mc_w.l(printfa.o)
    0x08009204   0x08009204   0x00000016   Code   RO         8758    i._snputc           mc_w.l(printfa.o)
    0x0800921a   0x0800921a   0x0000000a   Code   RO         8759    i._sputc            mc_w.l(printfa.o)
    0x08009224   0x08009224   0x000001fa   Code   RO         7215    i.aai_write         sfud.o
    0x0800941e   0x0800941e   0x00000026   Code   RO         7531    i.align_write       ef_env.o
    0x08009444   0x08009444   0x000000c8   Code   RO         7532    i.alloc_env         ef_env.o
    0x0800950c   0x0800950c   0x0000002c   Code   RO         7533    i.alloc_env_cb      ef_env.o
    0x08009538   0x08009538   0x0000009c   Code   RO         7534    i.check_and_recovery_env_cb  ef_env.o
    0x080095d4   0x080095d4   0x00000020   Code   RO         7535    i.check_and_recovery_gc_cb  ef_env.o
    0x080095f4   0x080095f4   0x00000074   Code   RO         5019    i.check_fs          ff.o
    0x08009668   0x08009668   0x0000002c   Code   RO         7536    i.check_sec_hdr_cb  ef_env.o
    0x08009694   0x08009694   0x00000010   Code   RO         5020    i.chk_chr           ff.o
    0x080096a4   0x080096a4   0x00000070   Code   RO         5021    i.chk_lock          ff.o
    0x08009714   0x08009714   0x00000024   Code   RO         5022    i.clear_lock        ff.o
    0x08009738   0x08009738   0x00000028   Code   RO         5023    i.clmt_clust        ff.o
    0x08009760   0x08009760   0x00000018   Code   RO         5024    i.clust2sect        ff.o
    0x08009778   0x08009778   0x000000ba   Code   RO         5025    i.create_chain      ff.o
    0x08009832   0x08009832   0x00000002   PAD
    0x08009834   0x08009834   0x000001d4   Code   RO         7537    i.create_env_blob   ef_env.o
    0x08009a08   0x08009a08   0x000000e2   Code   RO         5026    i.create_name       ff.o
    0x08009aea   0x08009aea   0x00000002   PAD
    0x08009aec   0x08009aec   0x00000030   Code   RO         5027    i.dec_lock          ff.o
    0x08009b1c   0x08009b1c   0x000000f0   Code   RO         7538    i.del_env           ef_env.o
    0x08009c0c   0x08009c0c   0x00000014   Code   RO          714    i.delay_init        delay.o
    0x08009c20   0x08009c20   0x0000001a   Code   RO          715    i.delay_ms          delay.o
    0x08009c3a   0x08009c3a   0x00000002   PAD
    0x08009c3c   0x08009c3c   0x00000034   Code   RO          716    i.delay_us          delay.o
    0x08009c70   0x08009c70   0x0000004a   Code   RO         5028    i.dir_alloc         ff.o
    0x08009cba   0x08009cba   0x00000058   Code   RO         5029    i.dir_find          ff.o
    0x08009d12   0x08009d12   0x00000126   Code   RO         5030    i.dir_next          ff.o
    0x08009e38   0x08009e38   0x0000003c   Code   RO         5032    i.dir_register      ff.o
    0x08009e74   0x08009e74   0x000000a4   Code   RO         5034    i.dir_sdi           ff.o
    0x08009f18   0x08009f18   0x0000002c   Code   RO         4964    i.disk_initialize   diskio.o
    0x08009f44   0x08009f44   0x0000001c   Code   RO         4965    i.disk_ioctl        diskio.o
    0x08009f60   0x08009f60   0x00000020   Code   RO         4966    i.disk_read         diskio.o
    0x08009f80   0x08009f80   0x00000018   Code   RO         4967    i.disk_status       diskio.o
    0x08009f98   0x08009f98   0x00000020   Code   RO         4968    i.disk_write        diskio.o
    0x08009fb8   0x08009fb8   0x000000f0   Code   RO         7539    i.do_gc             ef_env.o
    0x0800a0a8   0x0800a0a8   0x000000a8   Code   RO         7517    i.easyflash_init    easyflash.o
    0x0800a150   0x0800a150   0x00000064   Code   RO           14    i.easyflash_user_init  main.o
    0x0800a1b4   0x0800a1b4   0x00000024   Code   RO         7902    i.ef_calc_crc32     ef_utils.o
    0x0800a1d8   0x0800a1d8   0x000000f4   Code   RO         7542    i.ef_env_init       ef_env.o
    0x0800a2cc   0x0800a2cc   0x00000110   Code   RO         7543    i.ef_env_set_default  ef_env.o
    0x0800a3dc   0x0800a3dc   0x00000070   Code   RO         7544    i.ef_get_env        ef_env.o
    0x0800a44c   0x0800a44c   0x0000007c   Code   RO         7545    i.ef_get_env_blob   ef_env.o
    0x0800a4c8   0x0800a4c8   0x00000014   Code   RO         7836    i.ef_iap_init       ef_iap.o
    0x0800a4dc   0x0800a4dc   0x0000001a   Code   RO         7547    i.ef_is_str         ef_env.o
    0x0800a4f6   0x0800a4f6   0x00000002   PAD
    0x0800a4f8   0x0800a4f8   0x000000bc   Code   RO         7548    i.ef_load_env       ef_env.o
    0x0800a5b4   0x0800a5b4   0x00000050   Code   RO         7444    i.ef_log_debug      ef_port.o
    0x0800a604   0x0800a604   0x00000040   Code   RO         7445    i.ef_log_info       ef_port.o
    0x0800a644   0x0800a644   0x00000004   Code   RO         7446    i.ef_port_env_lock  ef_port.o
    0x0800a648   0x0800a648   0x00000004   Code   RO         7447    i.ef_port_env_unlock  ef_port.o
    0x0800a64c   0x0800a64c   0x00000094   Code   RO         7448    i.ef_port_erase     ef_port.o
    0x0800a6e0   0x0800a6e0   0x00000038   Code   RO         7449    i.ef_port_init      ef_port.o
    0x0800a718   0x0800a718   0x00000020   Code   RO         7450    i.ef_port_read      ef_port.o
    0x0800a738   0x0800a738   0x00000024   Code   RO         7451    i.ef_port_write     ef_port.o
    0x0800a75c   0x0800a75c   0x00000024   Code   RO         7452    i.ef_print          ef_port.o
    0x0800a780   0x0800a780   0x00000098   Code   RO         7549    i.ef_print_env      ef_env.o
    0x0800a818   0x0800a818   0x00000004   Code   RO         7551    i.ef_save_env       ef_env.o
    0x0800a81c   0x0800a81c   0x0000001a   Code   RO         7552    i.ef_set_and_save_env  ef_env.o
    0x0800a836   0x0800a836   0x0000001a   Code   RO         7553    i.ef_set_env        ef_env.o
    0x0800a850   0x0800a850   0x00000050   Code   RO         7554    i.ef_set_env_blob   ef_env.o
    0x0800a8a0   0x0800a8a0   0x000000ec   Code   RO         6026    i.elog_get_filter_tag_lvl  elog.o
    0x0800a98c   0x0800a98c   0x00000172   Code   RO         6029    i.elog_hexdump      elog.o
    0x0800aafe   0x0800aafe   0x00000002   PAD
    0x0800ab00   0x0800ab00   0x00000068   Code   RO         6030    i.elog_init         elog.o
    0x0800ab68   0x0800ab68   0x00000370   Code   RO         6031    i.elog_output       elog.o
    0x0800aed8   0x0800aed8   0x00000020   Code   RO         6032    i.elog_output_lock  elog.o
    0x0800aef8   0x0800aef8   0x0000002c   Code   RO         6033    i.elog_output_lock_enabled  elog.o
    0x0800af24   0x0800af24   0x00000020   Code   RO         6034    i.elog_output_unlock  elog.o
    0x0800af44   0x0800af44   0x00000008   Code   RO         6214    i.elog_port_get_p_info  elog_port.o
    0x0800af4c   0x0800af4c   0x00000008   Code   RO         6215    i.elog_port_get_t_info  elog_port.o
    0x0800af54   0x0800af54   0x00000008   Code   RO         6216    i.elog_port_get_time  elog_port.o
    0x0800af5c   0x0800af5c   0x00000004   Code   RO         6217    i.elog_port_init    elog_port.o
    0x0800af60   0x0800af60   0x00000010   Code   RO         6218    i.elog_port_output  elog_port.o
    0x0800af70   0x0800af70   0x00000008   Code   RO         6219    i.elog_port_output_lock  elog_port.o
    0x0800af78   0x0800af78   0x00000008   Code   RO         6220    i.elog_port_output_unlock  elog_port.o
    0x0800af80   0x0800af80   0x000000b0   Code   RO         6038    i.elog_set_filter_lvl  elog.o
    0x0800b030   0x0800b030   0x000000b8   Code   RO         6041    i.elog_set_fmt      elog.o
    0x0800b0e8   0x0800b0e8   0x0000000c   Code   RO         6043    i.elog_set_text_color_enabled  elog.o
    0x0800b0f4   0x0800b0f4   0x00000088   Code   RO         6044    i.elog_start        elog.o
    0x0800b17c   0x0800b17c   0x000000f0   Code   RO         6183    i.elog_strcpy       elog_utils.o
    0x0800b26c   0x0800b26c   0x000000d4   Code   RO           15    i.elog_user_init    main.o
    0x0800b340   0x0800b340   0x00000028   Code   RO         5035    i.enq_lock          ff.o
    0x0800b368   0x0800b368   0x00000062   Code   RO         7555    i.env_iterator      ef_env.o
    0x0800b3ca   0x0800b3ca   0x0000002a   Code   RO         5036    i.f_close           ff.o
    0x0800b3f4   0x0800b3f4   0x00000068   Code   RO         5043    i.f_mount           ff.o
    0x0800b45c   0x0800b45c   0x00000210   Code   RO         5044    i.f_open            ff.o
    0x0800b66c   0x0800b66c   0x0000009a   Code   RO         5053    i.f_sync            ff.o
    0x0800b706   0x0800b706   0x000001ca   Code   RO         5056    i.f_write           ff.o
    0x0800b8d0   0x0800b8d0   0x00000042   Code   RO         7556    i.find_env          ef_env.o
    0x0800b912   0x0800b912   0x00000036   Code   RO         7557    i.find_env_cb       ef_env.o
    0x0800b948   0x0800b948   0x00000020   Code   RO         7558    i.find_env_no_cache  ef_env.o
    0x0800b968   0x0800b968   0x00000084   Code   RO         7559    i.find_next_env_addr  ef_env.o
    0x0800b9ec   0x0800b9ec   0x000002dc   Code   RO         5057    i.find_volume       ff.o
    0x0800bcc8   0x0800bcc8   0x00000086   Code   RO         5058    i.follow_path       ff.o
    0x0800bd4e   0x0800bd4e   0x00000002   PAD
    0x0800bd50   0x0800bd50   0x000000d0   Code   RO         7560    i.format_sector     ef_env.o
    0x0800be20   0x0800be20   0x00000018   Code   RO          443    i.fputc             bsp.o
    0x0800be38   0x0800be38   0x00000050   Code   RO         8775    i.free              mc_w.l(malloc.o)
    0x0800be88   0x0800be88   0x0000000e   Code   RO         7561    i.gc_check_cb       ef_env.o
    0x0800be96   0x0800be96   0x00000002   PAD
    0x0800be98   0x0800be98   0x000000a8   Code   RO         7562    i.gc_collect        ef_env.o
    0x0800bf40   0x0800bf40   0x00000078   Code   RO         7563    i.get_env_from_cache  ef_env.o
    0x0800bfb8   0x0800bfb8   0x000000c4   Code   RO         5059    i.get_fat           ff.o
    0x0800c07c   0x0800c07c   0x00000004   Code   RO         4683    i.get_fattime       fatfs.o
    0x0800c080   0x0800c080   0x000000c0   Code   RO         6046    i.get_fmt_enabled   elog.o
    0x0800c140   0x0800c140   0x0000004e   Code   RO         5061    i.get_ldnumber      ff.o
    0x0800c18e   0x0800c18e   0x0000004e   Code   RO         7564    i.get_next_env_addr  ef_env.o
    0x0800c1dc   0x0800c1dc   0x00000034   Code   RO         7565    i.get_next_sector_addr  ef_env.o
    0x0800c210   0x0800c210   0x0000002c   Code   RO         7566    i.get_sector_from_cache  ef_env.o
    0x0800c23c   0x0800c23c   0x00000028   Code   RO         7567    i.get_status        ef_env.o
    0x0800c264   0x0800c264   0x00000024   Code   RO           16    i.gfx_draw_pixel    main.o
    0x0800c288   0x0800c288   0x00000288   Code   RO         7216    i.hardware_init     sfud.o
    0x0800c510   0x0800c510   0x00000094   Code   RO         5062    i.inc_lock          ff.o
    0x0800c5a4   0x0800c5a4   0x00000026   Code   RO         5063    i.ld_clust          ff.o
    0x0800c5ca   0x0800c5ca   0x00000016   Code   RO         5064    i.ld_dword          ff.o
    0x0800c5e0   0x0800c5e0   0x0000000a   Code   RO         5065    i.ld_word           ff.o
    0x0800c5ea   0x0800c5ea   0x00000002   PAD
    0x0800c5ec   0x0800c5ec   0x00000128   Code   RO           17    i.main              main.o
    0x0800c714   0x0800c714   0x0000009c   Code   RO         7217    i.make_adress_byte_array  sfud.o
    0x0800c7b0   0x0800c7b0   0x0000006c   Code   RO         8776    i.malloc            mc_w.l(malloc.o)
    0x0800c81c   0x0800c81c   0x00000018   Code   RO         5066    i.mem_cmp           ff.o
    0x0800c834   0x0800c834   0x00000012   Code   RO         5067    i.mem_cpy           ff.o
    0x0800c846   0x0800c846   0x0000000c   Code   RO         5068    i.mem_set           ff.o
    0x0800c852   0x0800c852   0x00000002   PAD
    0x0800c854   0x0800c854   0x00000150   Code   RO         7568    i.move_env          ef_env.o
    0x0800c9a4   0x0800c9a4   0x00000034   Code   RO         5069    i.move_window       ff.o
    0x0800c9d8   0x0800c9d8   0x00000064   Code   RO         7569    i.new_env           ef_env.o
    0x0800ca3c   0x0800ca3c   0x00000222   Code   RO         7218    i.page256_or_1_byte_write  sfud.o
    0x0800cc5e   0x0800cc5e   0x00000002   PAD
    0x0800cc60   0x0800cc60   0x000000c8   Code   RO         7570    i.print_env_cb      ef_env.o
    0x0800cd28   0x0800cd28   0x00000102   Code   RO         5070    i.put_fat           ff.o
    0x0800ce2a   0x0800ce2a   0x00000002   PAD
    0x0800ce2c   0x0800ce2c   0x000000f4   Code   RO         7366    i.qspi_read         sfud_port.o
    0x0800cf20   0x0800cf20   0x00000132   Code   RO         7367    i.qspi_send_then_recv  sfud_port.o
    0x0800d052   0x0800d052   0x00000002   PAD
    0x0800d054   0x0800d054   0x00000170   Code   RO         7571    i.read_env          ef_env.o
    0x0800d1c4   0x0800d1c4   0x000000a8   Code   RO         7220    i.read_jedec_id     sfud.o
    0x0800d26c   0x0800d26c   0x00000216   Code   RO         7572    i.read_sector_meta_data  ef_env.o
    0x0800d482   0x0800d482   0x00000002   PAD
    0x0800d484   0x0800d484   0x00000024   Code   RO         8315    i.reboot            shell_port.o
    0x0800d4a8   0x0800d4a8   0x0000007e   Code   RO         5074    i.remove_chain      ff.o
    0x0800d526   0x0800d526   0x00000002   PAD
    0x0800d528   0x0800d528   0x00000110   Code   RO         7221    i.reset             sfud.o
    0x0800d638   0x0800d638   0x0000000a   Code   RO         7368    i.retry_delay_100us  sfud_port.o
    0x0800d642   0x0800d642   0x00000056   Code   RO         7573    i.sector_iterator   ef_env.o
    0x0800d698   0x0800d698   0x00000022   Code   RO         7574    i.sector_statistics_cb  ef_env.o
    0x0800d6ba   0x0800d6ba   0x00000002   PAD
    0x0800d6bc   0x0800d6bc   0x00000114   Code   RO         7222    i.set_4_byte_address_mode  sfud.o
    0x0800d7d0   0x0800d7d0   0x00000088   Code   RO         7575    i.set_env           ef_env.o
    0x0800d858   0x0800d858   0x0000002c   Code   RO         7576    i.set_status        ef_env.o
    0x0800d884   0x0800d884   0x000000fc   Code   RO         7223    i.set_write_enabled  sfud.o
    0x0800d980   0x0800d980   0x00000134   Code   RO         7224    i.sfud_chip_erase   sfud.o
    0x0800dab4   0x0800dab4   0x000000f0   Code   RO         7225    i.sfud_device_init  sfud.o
    0x0800dba4   0x0800dba4   0x000001e2   Code   RO         7226    i.sfud_erase        sfud.o
    0x0800dd86   0x0800dd86   0x00000002   PAD
    0x0800dd88   0x0800dd88   0x00000008   Code   RO         7230    i.sfud_get_device_table  sfud.o
    0x0800dd90   0x0800dd90   0x0000008c   Code   RO         7231    i.sfud_init         sfud.o
    0x0800de1c   0x0800de1c   0x00000048   Code   RO         7369    i.sfud_log_debug    sfud_port.o
    0x0800de64   0x0800de64   0x0000003c   Code   RO         7370    i.sfud_log_info     sfud_port.o
    0x0800dea0   0x0800dea0   0x0000015e   Code   RO         7233    i.sfud_read         sfud.o
    0x0800dffe   0x0800dffe   0x00000002   PAD
    0x0800e000   0x0800e000   0x0000008c   Code   RO         7234    i.sfud_read_status  sfud.o
    0x0800e08c   0x0800e08c   0x00000044   Code   RO         7371    i.sfud_spi_port_init  sfud_port.o
    0x0800e0d0   0x0800e0d0   0x0000002a   Code   RO         7235    i.sfud_write        sfud.o
    0x0800e0fa   0x0800e0fa   0x00000002   PAD
    0x0800e0fc   0x0800e0fc   0x000000dc   Code   RO         7236    i.sfud_write_status  sfud.o
    0x0800e1d8   0x0800e1d8   0x00000006   Code   RO         7916    i.shellBackspace    shell.o
    0x0800e1de   0x0800e1de   0x00000030   Code   RO         7917    i.shellCheckPermission  shell.o
    0x0800e20e   0x0800e20e   0x00000002   PAD
    0x0800e210   0x0800e210   0x0000001c   Code   RO         7918    i.shellClear        shell.o
    0x0800e22c   0x0800e22c   0x00000030   Code   RO         7919    i.shellClearCommandLine  shell.o
    0x0800e25c   0x0800e25c   0x00000014   Code   RO         7920    i.shellCmds         shell.o
    0x0800e270   0x0800e270   0x00000008   Code   RO         7921    i.shellDelete       shell.o
    0x0800e278   0x0800e278   0x000000d6   Code   RO         7922    i.shellDeleteByte   shell.o
    0x0800e34e   0x0800e34e   0x00000002   PAD
    0x0800e350   0x0800e350   0x0000001c   Code   RO         7923    i.shellDeleteCommandLine  shell.o
    0x0800e36c   0x0800e36c   0x00000008   Code   RO         7924    i.shellDown         shell.o
    0x0800e374   0x0800e374   0x00000014   Code   RO         7925    i.shellEnter        shell.o
    0x0800e388   0x0800e388   0x00000090   Code   RO         7926    i.shellExec         shell.o
    0x0800e418   0x0800e418   0x0000003c   Code   RO         8283    i.shellExtParseChar  shell_ext.o
    0x0800e454   0x0800e454   0x0000010a   Code   RO         8284    i.shellExtParseNumber  shell_ext.o
    0x0800e55e   0x0800e55e   0x000000a0   Code   RO         8285    i.shellExtParsePara  shell_ext.o
    0x0800e5fe   0x0800e5fe   0x000000c6   Code   RO         8286    i.shellExtRun       shell_ext.o
    0x0800e6c4   0x0800e6c4   0x00000004   Code   RO         7927    i.shellGetCommandDesc  shell.o
    0x0800e6c8   0x0800e6c8   0x00000038   Code   RO         7928    i.shellGetCommandName  shell.o
    0x0800e700   0x0800e700   0x00000028   Code   RO         7929    i.shellGetCurrent   shell.o
    0x0800e728   0x0800e728   0x0000003e   Code   RO         7930    i.shellGetVarValue  shell.o
    0x0800e766   0x0800e766   0x00000002   PAD
    0x0800e768   0x0800e768   0x000000dc   Code   RO         7931    i.shellHandler      shell.o
    0x0800e844   0x0800e844   0x00000028   Code   RO         7932    i.shellHelp         shell.o
    0x0800e86c   0x0800e86c   0x00000098   Code   RO         7933    i.shellHistory      shell.o
    0x0800e904   0x0800e904   0x00000068   Code   RO         7934    i.shellHistoryAdd   shell.o
    0x0800e96c   0x0800e96c   0x000000a0   Code   RO         7935    i.shellInit         shell.o
    0x0800ea0c   0x0800ea0c   0x000000dc   Code   RO         7936    i.shellInsertByte   shell.o
    0x0800eae8   0x0800eae8   0x00000014   Code   RO         7937    i.shellKeys         shell.o
    0x0800eafc   0x0800eafc   0x00000020   Code   RO         7938    i.shellLeft         shell.o
    0x0800eb1c   0x0800eb1c   0x0000004c   Code   RO         7940    i.shellListCommand  shell.o
    0x0800eb68   0x0800eb68   0x000000f4   Code   RO         7941    i.shellListItem     shell.o
    0x0800ec5c   0x0800ec5c   0x00000050   Code   RO         7942    i.shellListKey      shell.o
    0x0800ecac   0x0800ecac   0x00000050   Code   RO         7943    i.shellListUser     shell.o
    0x0800ecfc   0x0800ecfc   0x00000050   Code   RO         7944    i.shellListVar      shell.o
    0x0800ed4c   0x0800ed4c   0x00000010   Code   RO         7945    i.shellNormalInput  shell.o
    0x0800ed5c   0x0800ed5c   0x00000078   Code   RO         7946    i.shellParserParam  shell.o
    0x0800edd4   0x0800edd4   0x00000020   Code   RO         7949    i.shellRight        shell.o
    0x0800edf4   0x0800edf4   0x000000b8   Code   RO         7951    i.shellRunCommand   shell.o
    0x0800eeac   0x0800eeac   0x0000006e   Code   RO         7952    i.shellSeekCommand  shell.o
    0x0800ef1a   0x0800ef1a   0x00000002   PAD
    0x0800ef1c   0x0800ef1c   0x00000060   Code   RO         7953    i.shellSetUser      shell.o
    0x0800ef7c   0x0800ef7c   0x00000058   Code   RO         7954    i.shellSetVar       shell.o
    0x0800efd4   0x0800efd4   0x00000070   Code   RO         7955    i.shellSetVarValue  shell.o
    0x0800f044   0x0800f044   0x000000b0   Code   RO         7956    i.shellShowVar      shell.o
    0x0800f0f4   0x0800f0f4   0x00000024   Code   RO         7957    i.shellStringCompare  shell.o
    0x0800f118   0x0800f118   0x00000018   Code   RO         7958    i.shellStringCopy   shell.o
    0x0800f130   0x0800f130   0x00000116   Code   RO         7959    i.shellTab          shell.o
    0x0800f246   0x0800f246   0x00000002   PAD
    0x0800f248   0x0800f248   0x0000004c   Code   RO         7961    i.shellToDec        shell.o
    0x0800f294   0x0800f294   0x0000002a   Code   RO         7962    i.shellToHex        shell.o
    0x0800f2be   0x0800f2be   0x00000006   Code   RO         7963    i.shellUp           shell.o
    0x0800f2c4   0x0800f2c4   0x00000014   Code   RO         7964    i.shellUsers        shell.o
    0x0800f2d8   0x0800f2d8   0x00000014   Code   RO         7965    i.shellVars         shell.o
    0x0800f2ec   0x0800f2ec   0x00000058   Code   RO         7966    i.shellWriteCommandHelp  shell.o
    0x0800f344   0x0800f344   0x0000005c   Code   RO         7967    i.shellWritePrompt  shell.o
    0x0800f3a0   0x0800f3a0   0x00000080   Code   RO         7968    i.shellWriteReturnValue  shell.o
    0x0800f420   0x0800f420   0x00000024   Code   RO         7969    i.shellWriteString  shell.o
    0x0800f444   0x0800f444   0x00000004   Code   RO         7372    i.spi_lock          sfud_port.o
    0x0800f448   0x0800f448   0x00000004   Code   RO         7373    i.spi_unlock        sfud_port.o
    0x0800f44c   0x0800f44c   0x000000d0   Code   RO         7374    i.spi_write_read    sfud_port.o
    0x0800f51c   0x0800f51c   0x00000028   Code   RO         5075    i.st_clust          ff.o
    0x0800f544   0x0800f544   0x00000014   Code   RO         5076    i.st_dword          ff.o
    0x0800f558   0x0800f558   0x0000000a   Code   RO         5077    i.st_word           ff.o
    0x0800f562   0x0800f562   0x0000000a   Code   RO         6300    i.startHelloWave    uicode.o
    0x0800f56c   0x0800f56c   0x0000008c   Code   RO         5078    i.sync_fs           ff.o
    0x0800f5f8   0x0800f5f8   0x00000056   Code   RO         5079    i.sync_window       ff.o
    0x0800f64e   0x0800f64e   0x00000002   PAD
    0x0800f650   0x0800f650   0x000000b0   Code   RO           19    i.test_elog         main.o
    0x0800f700   0x0800f700   0x0000016c   Code   RO           20    i.test_env          main.o
    0x0800f86c   0x0800f86c   0x000000b0   Code   RO         7577    i.update_env_cache  ef_env.o
    0x0800f91c   0x0800f91c   0x0000005a   Code   RO         7578    i.update_sec_status  ef_env.o
    0x0800f976   0x0800f976   0x00000002   PAD
    0x0800f978   0x0800f978   0x00000060   Code   RO         7579    i.update_sector_cache  ef_env.o
    0x0800f9d8   0x0800f9d8   0x00000034   Code   RO         8316    i.userShellInit     shell_port.o
    0x0800fa0c   0x0800fa0c   0x0000001c   Code   RO         8318    i.userShellWrite    shell_port.o
    0x0800fa28   0x0800fa28   0x00000038   Code   RO         5080    i.validate          ff.o
    0x0800fa60   0x0800fa60   0x000000c4   Code   RO         7237    i.wait_busy         sfud.o
    0x0800fb24   0x0800fb24   0x000000c0   Code   RO         7580    i.write_status      ef_env.o
    0x0800fbe4   0x0800fbe4   0x00000061   Data   RO           22    .constdata          main.o
    0x0800fc45   0x0800fc45   0x0000000c   Data   RO          788    .constdata          w25qxx.o
    0x0800fc51   0x0800fc51   0x00000003   PAD
    0x0800fc54   0x0800fc54   0x00000040   Data   RO         4591    .constdata          system_stm32l4xx.o
    0x0800fc94   0x0800fc94   0x00000008   Data   RO         4592    .constdata          system_stm32l4xx.o
    0x0800fc9c   0x0800fc9c   0x00000014   Data   RO         4632    .constdata          usbh_diskio.o
    0x0800fcb0   0x0800fcb0   0x0000009c   Data   RO         5082    .constdata          ff.o
    0x0800fd4c   0x0800fd4c   0x000000c6   Data   RO         6048    .constdata          elog.o
    0x0800fe12   0x0800fe12   0x00000023   Data   RO         6184    .constdata          elog_utils.o
    0x0800fe35   0x0800fe35   0x00000003   PAD
    0x0800fe38   0x0800fe38   0x00000254   Data   RO         6326    .constdata          uicode.o
    0x0801008c   0x0801008c   0x000000c2   Data   RO         7185    .constdata          lucida_console_27.o
    0x0801014e   0x0801014e   0x0000008a   Data   RO         7186    .constdata          lucida_console_27.o
    0x080101d8   0x080101d8   0x0000009e   Data   RO         7187    .constdata          lucida_console_27.o
    0x08010276   0x08010276   0x0000008a   Data   RO         7188    .constdata          lucida_console_27.o
    0x08010300   0x08010300   0x00000090   Data   RO         7189    .constdata          lucida_console_27.o
    0x08010390   0x08010390   0x000000cc   Data   RO         7190    .constdata          lucida_console_27.o
    0x0801045c   0x0801045c   0x00000144   Data   RO         7191    .constdata          lucida_console_27.o
    0x080105a0   0x080105a0   0x00000106   Data   RO         7192    .constdata          lucida_console_27.o
    0x080106a6   0x080106a6   0x000000f2   Data   RO         7193    .constdata          lucida_console_27.o
    0x08010798   0x08010798   0x0000007e   Data   RO         7194    .constdata          lucida_console_27.o
    0x08010816   0x08010816   0x00000002   PAD
    0x08010818   0x08010818   0x0000000c   Data   RO         7195    .constdata          lucida_console_27.o
    0x08010824   0x08010824   0x00000416   Data   RO         7239    .constdata          sfud.o
    0x08010c3a   0x08010c3a   0x0000000f   Data   RO         7376    .constdata          sfud_port.o
    0x08010c49   0x08010c49   0x00000003   PAD
    0x08010c4c   0x08010c4c   0x00000056   Data   RO         7454    .constdata          ef_port.o
    0x08010ca2   0x08010ca2   0x00000077   Data   RO         7582    .constdata          ef_env.o
    0x08010d19   0x08010d19   0x00000003   PAD
    0x08010d1c   0x08010d1c   0x00000400   Data   RO         7903    .constdata          ef_utils.o
    0x0801111c   0x0801111c   0x00000007   Data   RO         7971    .constdata          shell.o
    0x08011123   0x08011123   0x00000001   Data   RO         7972    .constdata          shell.o
    0x08011124   0x08011124   0x0000000d   Data   RO         7973    .constdata          shell.o
    0x08011131   0x08011131   0x00000007   Data   RO         7974    .constdata          shell.o
    0x08011138   0x08011138   0x00000008   Data   RO         7975    .constdata          shell.o
    0x08011140   0x08011140   0x00000003   Data   RO         7976    .constdata          shell.o
    0x08011143   0x08011143   0x00000005   Data   RO         7977    .constdata          shell.o
    0x08011148   0x08011148   0x00000006   Data   RO         7978    .constdata          shell.o
    0x0801114e   0x0801114e   0x00000005   Data   RO         7979    .constdata          shell.o
    0x08011153   0x08011153   0x00000004   Data   RO         7980    .constdata          shell.o
    0x08011157   0x08011157   0x0000000a   Data   RO         7981    .constdata          shell.o
    0x08011161   0x08011161   0x0000000a   Data   RO         7982    .constdata          shell.o
    0x0801116b   0x0801116b   0x00000007   Data   RO         7983    .constdata          shell.o
    0x08011172   0x08011172   0x00000006   Data   RO         7984    .constdata          shell.o
    0x08011178   0x08011178   0x00000006   Data   RO         7985    .constdata          shell.o
    0x0801117e   0x0801117e   0x00000005   Data   RO         7986    .constdata          shell.o
    0x08011183   0x08011183   0x0000001e   Data   RO         7987    .constdata          shell.o
    0x080111a1   0x080111a1   0x00000006   Data   RO         7988    .constdata          shell.o
    0x080111a7   0x080111a7   0x0000000e   Data   RO         7989    .constdata          shell.o
    0x080111b5   0x080111b5   0x00000005   Data   RO         7990    .constdata          shell.o
    0x080111ba   0x080111ba   0x0000000d   Data   RO         7991    .constdata          shell.o
    0x080111c7   0x080111c7   0x00000005   Data   RO         7992    .constdata          shell.o
    0x080111cc   0x080111cc   0x0000000d   Data   RO         7993    .constdata          shell.o
    0x080111d9   0x080111d9   0x00000005   Data   RO         7994    .constdata          shell.o
    0x080111de   0x080111de   0x0000000d   Data   RO         7995    .constdata          shell.o
    0x080111eb   0x080111eb   0x00000006   Data   RO         7996    .constdata          shell.o
    0x080111f1   0x080111f1   0x0000000e   Data   RO         7997    .constdata          shell.o
    0x080111ff   0x080111ff   0x00000007   Data   RO         8320    .constdata          shell_port.o
    0x08011206   0x08011206   0x00000007   Data   RO         8321    .constdata          shell_port.o
    0x0801120d   0x0801120d   0x00000081   Data   RO         8936    .constdata          mc_w.l(ctype_o.o)
    0x0801128e   0x0801128e   0x00000002   PAD
    0x08011290   0x08011290   0x00000004   Data   RO         8937    .constdata          mc_w.l(ctype_o.o)
    0x08011294   0x08011294   0x00000038   Data   RO         6755    .constdata__ZTV10c_keyboard  uicode.o
    0x080112cc   0x080112cc   0x00000034   Data   RO         6759    .constdata__ZTV11c_wave_ctrl  uicode.o
    0x08011300   0x08011300   0x00000018   Data   RO         6745    .constdata__ZTV15c_surface_no_fb  uicode.o
    0x08011318   0x08011318   0x00000010   Data   RO         6749    .constdata__ZTV17c_bitmap_operator  uicode.o
    0x08011328   0x08011328   0x00000034   Data   RO         6757    .constdata__ZTV17c_keyboard_button  uicode.o
    0x0801135c   0x0801135c   0x0000001c   Data   RO         6747    .constdata__ZTV17c_lattice_font_op  uicode.o
    0x08011378   0x08011378   0x00000034   Data   RO         6751    .constdata__ZTV5c_wnd  uicode.o
    0x080113ac   0x080113ac   0x00000034   Data   RO         6761    .constdata__ZTV6c_myUI  uicode.o
    0x080113e0   0x080113e0   0x00000034   Data   RO         6753    .constdata__ZTV8c_button  uicode.o
    0x08011414   0x08011414   0x00000018   Data   RO         6743    .constdata__ZTV9c_surface  uicode.o
    0x0801142c   0x0801142c   0x00000014   Data   RO         6460    .constdata__ZZN10c_keyboard15on_char_clickedEiiEs  uicode.o
    0x08011440   0x08011440   0x00000014   Data   RO         6470    .constdata__ZZN11c_wave_ctrl12refresh_waveEhEs  uicode.o
    0x08011454   0x08011454   0x00000014   Data   RO         6469    .constdata__ZZN13c_wave_buffer23read_wave_data_by_frameERsS0_sjsEs  uicode.o
    0x08011468   0x08011468   0x00000014   Data   RO         6444    .constdata__ZZN15c_font_operator14get_string_posEPKvS1_6c_rectjRiS3_Es  uicode.o
    0x0801147c   0x0801147c   0x00000014   Data   RO         6461    .constdata__ZZN17c_keyboard_button8on_paintEvEs  uicode.o
    0x08011490   0x08011490   0x00000005   Data   RO         6462    .constdata__ZZN17c_keyboard_button8on_paintEvEs_0  uicode.o
    0x08011495   0x08011495   0x00000004   Data   RO         6463    .constdata__ZZN17c_keyboard_button8on_paintEvEs_1  uicode.o
    0x08011499   0x08011499   0x00000006   Data   RO         6464    .constdata__ZZN17c_keyboard_button8on_paintEvEs_2  uicode.o
    0x0801149f   0x0801149f   0x00000006   Data   RO         6465    .constdata__ZZN17c_keyboard_button8on_paintEvEs_3  uicode.o
    0x080114a5   0x080114a5   0x00000002   Data   RO         6466    .constdata__ZZN17c_keyboard_button8on_paintEvEs_4  uicode.o
    0x080114a7   0x080114a7   0x00000005   Data   RO         6467    .constdata__ZZN17c_keyboard_button8on_paintEvEs_5  uicode.o
    0x080114ac   0x080114ac   0x00000005   Data   RO         6468    .constdata__ZZN17c_keyboard_button8on_paintEvEs_6  uicode.o
    0x080114b1   0x080114b1   0x00000014   Data   RO         6450    .constdata__ZZN17c_lattice_font_op12draw_latticeEP9c_surfaceiiiiiPKhjjEs  uicode.o
    0x080114c5   0x080114c5   0x00000014   Data   RO         6451    .constdata__ZZN17c_lattice_font_op13get_utf8_codeEPKcRjEs  uicode.o
    0x080114d9   0x080114d9   0x00000014   Data   RO         6457    .constdata__ZZN5c_wnd14load_child_wndEP15struct_wnd_treeEs  uicode.o
    0x080114ed   0x080114ed   0x00000014   Data   RO         6456    .constdata__ZZN5c_wnd16add_child_2_tailEPS_Es  uicode.o
    0x08011501   0x08011501   0x00000014   Data   RO         6454    .constdata__ZZN5c_wnd7connectEPS_tPKcssssP15struct_wnd_treeEs  uicode.o
    0x08011515   0x08011515   0x00000008   Data   RO         6471    .constdata__ZZN6c_myUI10on_clickedEiiEs  uicode.o
    0x0801151d   0x0801151d   0x00000004   Data   RO         6472    .constdata__ZZN6c_myUI10on_clickedEiiEs_0  uicode.o
    0x08011521   0x08011521   0x0000000a   Data   RO         6473    .constdata__ZZN6c_myUI10on_clickedEiiEs_1  uicode.o
    0x0801152b   0x0801152b   0x00000014   Data   RO         6435    .constdata__ZZN6c_rect8set_rectEiiiiEs  uicode.o
    0x0801153f   0x0801153f   0x00000014   Data   RO         6438    .constdata__ZZN7c_theme9add_colorE10COLOR_LISTjEs  uicode.o
    0x08011553   0x08011553   0x00000014   Data   RO         6439    .constdata__ZZN7c_theme9get_colorE10COLOR_LISTEs  uicode.o
    0x08011567   0x08011567   0x00000014   Data   RO         6458    .constdata__ZZN8c_button8on_paintEvEs  uicode.o
    0x0801157b   0x0801157b   0x00000014   Data   RO         6441    .constdata__ZZN9c_surface10draw_pixelEiijjEs  uicode.o
    0x0801158f   0x0801158f   0x00000014   Data   RO         6443    .constdata__ZZN9c_surface11set_surfaceE13Z_ORDER_LEVEL6c_rectEs  uicode.o
    0x080115a3   0x080115a3   0x00000014   Data   RO         6440    .constdata__ZZN9c_surface9get_pixelEiijEs  uicode.o
    0x080115b7   0x080115b7   0x00000001   PAD
    0x080115b8   0x080115b8   0x00000004   Data   RO         5840    .conststring        usbh_msc.o
    0x080115bc   0x080115bc   0x00000047   Data   RO         6049    .conststring        elog.o
    0x08011603   0x08011603   0x00000001   PAD
    0x08011604   0x08011604   0x00000008   Data   RO         6327    .conststring        uicode.o
    0x0801160c   0x0801160c   0x00000255   Data   RO         7240    .conststring        sfud.o
    0x08011861   0x08011861   0x00000003   PAD
    0x08011864   0x08011864   0x00000067   Data   RO         7455    .conststring        ef_port.o
    0x080118cb   0x080118cb   0x00000001   PAD
    0x080118cc   0x080118cc   0x00000049   Data   RO         7518    .conststring        easyflash.o
    0x08011915   0x08011915   0x00000003   PAD
    0x08011918   0x08011918   0x0000012f   Data   RO         7583    .conststring        ef_env.o
    0x08011a47   0x08011a47   0x00000001   PAD
    0x08011a48   0x08011a48   0x000002a1   Data   RO         7998    .conststring        shell.o
    0x08011ce9   0x08011ce9   0x00000003   PAD
    0x08011cec   0x08011cec   0x00000020   Data   RO         8989    Region$$Table       anon$$obj.o
    0x08011d0c   0x08011d0c   0x00000120   Data   RO         8000    shellCommand        shell.o
    0x08011e2c   0x08011e2c   0x00000010   Data   RO         8323    shellCommand        shell_port.o
    0x08011e3c   0x08011e3c   0x00000004   Data   RO         6330    .init_array         uicode.o
    0x08011e40   0x08011e3c   0x00000000   Data   RO         8808    .init_array         mc_w.l(cpp_init.o)


    Execution Region RW_IRAM2 (Exec base: 0x10000000, Load base: 0x08012124, Size: 0x00000000, Max: 0x00008000, ABSOLUTE)

    **** No section assigned to this execution region ****


    Execution Region RW_IRAM1 (Exec base: 0x20000000, Load base: 0x08011e40, Size: 0x00006428, Max: 0x00018000, ABSOLUTE, COMPRESSED[0x000002e4])

    Exec Addr    Load Addr    Size         Type   Attr      Idx    E Section Name        Object

    0x20000000   COMPRESSED   0x00000008   Data   RW           23    .data               main.o
    0x20000008   COMPRESSED   0x00000004   Data   RW          717    .data               delay.o
    0x2000000c   COMPRESSED   0x00000002   Data   RW          789    .data               w25qxx.o
    0x2000000e   COMPRESSED   0x00000002   PAD
    0x20000010   COMPRESSED   0x0000000c   Data   RW         1445    .data               stm32l4xx_hal.o
    0x2000001c   COMPRESSED   0x00000004   Data   RW         4593    .data               system_stm32l4xx.o
    0x20000020   COMPRESSED   0x00000005   Data   RW         4686    .data               fatfs.o
    0x20000025   COMPRESSED   0x00000001   Data   RW         4724    .data               usb_host.o
    0x20000026   COMPRESSED   0x00000002   PAD
    0x20000028   COMPRESSED   0x00000008   Data   RW         5083    .data               ff.o
    0x20000030   COMPRESSED   0x00000020   Data   RW         5841    .data               usbh_msc.o
    0x20000050   COMPRESSED   0x00000034   Data   RW         6050    .data               elog.o
    0x20000084   COMPRESSED   0x00000524   Data   RW         6328    .data               uicode.o
    0x200005a8   COMPRESSED   0x00000078   Data   RW         7196    .data               lucida_console_27.o
    0x20000620   COMPRESSED   0x00000050   Data   RW         7241    .data               sfud.o
    0x20000670   COMPRESSED   0x0000000c   Data   RW         7377    .data               sfud_port.o
    0x2000067c   COMPRESSED   0x00000001   Data   RW         7519    .data               easyflash.o
    0x2000067d   COMPRESSED   0x00000003   PAD
    0x20000680   COMPRESSED   0x00000010   Data   RW         7584    .data               ef_env.o
    0x20000690   COMPRESSED   0x00000004   Data   RW         7838    .data               ef_iap.o
    0x20000694   COMPRESSED   0x00000054   Data   RW         7999    .data               shell.o
    0x200006e8   COMPRESSED   0x00000001   Data   RW         8322    .data               shell_port.o
    0x200006e9   COMPRESSED   0x00000003   PAD
    0x200006ec   COMPRESSED   0x00000004   Data   RW         8865    .data               mc_w.l(stdout.o)
    0x200006f0   COMPRESSED   0x00000004   Data   RW         8872    .data               mc_w.l(mvars.o)
    0x200006f4   COMPRESSED   0x00000004   Data   RW         8873    .data               mc_w.l(mvars.o)
    0x200006f8   COMPRESSED   0x00000004   Data   RW         8877    .data               mc_w.l(errno.o)
    0x200006fc   COMPRESSED   0x00000004   Data   RW         8885    .data               mc_w.l(cpp_dtor.o)
    0x20000700   COMPRESSED   0x00000100   Data   RW         6762    .data__ZZN17c_lattice_font_op13get_utf8_codeEPKcRjE19s_utf8_length_table  uicode.o
    0x20000800   COMPRESSED   0x00000004   Data   RW         6763    .data__ZZN6c_myUI10on_clickedEiiE5index  uicode.o
    0x20000804        -       0x00000477   Zero   RW           21    .bss                main.o
    0x20000c7b   COMPRESSED   0x00000001   PAD
    0x20000c7c        -       0x00000084   Zero   RW          444    .bss                bsp.o
    0x20000d00        -       0x00000480   Zero   RW          522    .bss                lcd.o
    0x20001180        -       0x00000064   Zero   RW          673    .bss                spi3.o
    0x200011e4        -       0x00000044   Zero   RW          884    .bss                qspi.o
    0x20001228        -       0x000003d8   Zero   RW         4723    .bss                usb_host.o
    0x20001600        -       0x00000304   Zero   RW         4783    .bss                usbh_conf.o
    0x20001904        -       0x00000020   Zero   RW         5081    .bss                ff.o
    0x20001924        -       0x0000000c   Zero   RW         5384    .bss                ff_gen_drv.o
    0x20001930        -       0x000004f8   Zero   RW         6047    .bss                elog.o
    0x20001e28        -       0x00002b78   Zero   RW         6323    .bss                uicode.o
    0x200049a0        -       0x00000105   Zero   RW         7238    .bss                sfud.o
    0x20004aa5        -       0x00000100   Zero   RW         7375    .bss                sfud_port.o
    0x20004ba5        -       0x00000080   Zero   RW         7453    .bss                ef_port.o
    0x20004c25   COMPRESSED   0x00000003   PAD
    0x20004c28        -       0x00000174   Zero   RW         7581    .bss                ef_env.o
    0x20004d9c        -       0x0000001d   Zero   RW         7970    .bss                shell.o
    0x20004db9   COMPRESSED   0x00000003   PAD
    0x20004dbc        -       0x0000026c   Zero   RW         8319    .bss                shell_port.o
    0x20005028        -       0x00001000   Zero   RW            2    HEAP                startup_stm32l475xx.o
    0x20006028        -       0x00000400   Zero   RW            1    STACK               startup_stm32l475xx.o


==============================================================================

Image component sizes


      Code (inc. data)   RO Data    RW Data    ZI Data      Debug   Object Name

       336         30          0          0        132       4007   bsp.o
        98          8          0          4          0       1979   delay.o
       160         26          0          0          0       3733   diskio.o
       168         92         73          1          0       1045   easyflash.o
      6214       1780        422         16        372      44227   ef_env.o
        20         10          0          4          0        714   ef_iap.o
       460        192        189          0        128       6502   ef_port.o
        36          4       1024          0          0       1172   ef_utils.o
      2398        774        269         52       1272      17432   elog.o
        60         20          0          0          0       9241   elog_port.o
       240         92         35          0          0       5964   elog_utils.o
        32         12          0          5          0       1568   fatfs.o
      5010         84        156          8         32      44205   ff.o
        74          4          0          0         12       1671   ff_gen_drv.o
       932         42          0          0       1152       7279   lcd.o
         0          0       1942        120          0      34387   lucida_console_27.o
      1332        580         97          8       1143     853834   main.o
       236         28          0          0         68       3053   qspi.o
      4950       2172       1643         80        261      20087   sfud.o
       976        260         15         12        256      11309   sfud_port.o
      4022        224       1188         84         29      40174   shell.o
       684          8          0          0          0       5246   shell_ext.o
       168         58         30          1        620       3315   shell_port.o
       176         26          0          0        100       2362   spi3.o
        36          8        392          0       5120        844   startup_stm32l475xx.o
       162         24          0         12          0      14461   stm32l4xx_hal.o
       258         24          0          0          0      35168   stm32l4xx_hal_cortex.o
       152          0          0          0          0       1811   stm32l4xx_hal_dma.o
       552         36          0          0          0       2380   stm32l4xx_hal_gpio.o
      2138          0          0          0          0      13885   stm32l4xx_hal_hcd.o
       188         16          0          0          0       1661   stm32l4xx_hal_msp.o
       136         24          0          0          0       1939   stm32l4xx_hal_pwr_ex.o
      1252         10          0          0          0       7829   stm32l4xx_hal_qspi.o
      1968         98          0          0          0       6972   stm32l4xx_hal_rcc.o
      1506         44          0          0          0       4084   stm32l4xx_hal_rcc_ex.o
      1108         10          0          0          0       5926   stm32l4xx_hal_spi.o
      2702         84          0          0          0      14837   stm32l4xx_hal_uart.o
         2          0          0          0          0       1032   stm32l4xx_hal_uart_ex.o
        32          6          0          0          0       4726   stm32l4xx_it.o
      1584         30          0          0          0      17126   stm32l4xx_ll_usb.o
        16          4         72          4          0       1209   system_stm32l4xx.o
      8286        388       1411       1576      11128      96052   uicode.o
       116         22          0          1        984       2310   usb_host.o
       672         10          0          0        772      16105   usbh_conf.o
      1608         20          0          0          0      11887   usbh_core.o
      1230         12          0          0          0      12850   usbh_ctlreq.o
       284         20         20          0          0       4241   usbh_diskio.o
       208          0          0          0          0       4512   usbh_ioreq.o
      1962         10          4         32          0      11497   usbh_msc.o
       764         26          0          0          0       5633   usbh_msc_bot.o
       908          0          0          0          0       6367   usbh_msc_scsi.o
       136          0          0          0          0       4002   usbh_pipes.o
        24          6          0          0          0        582   usbh_platform.o
       238         64         12          2          0       2786   w25qxx.o

    ----------------------------------------------------------------------
     59128       7522       9053       2032      23588    1439220   Object Totals
         0          0         32          0          0          0   (incl. Generated)
       118          0         27         10          7          0   (incl. Padding)

    ----------------------------------------------------------------------

      Code (inc. data)   RO Data    RW Data    ZI Data      Debug   Library Member Name

        36          0          0          0          0         84   aeabi_vec_ctor_nocookie_nodtor.o
        16          0          0          0          0         68   cxa_guard_acquire.o
        86          0          0          0          0          0   __dczerorl2.o
        28          0          0          0          0         68   _chval.o
       164          0          0          0          0         92   _strtoul.o
        46          0          0          0          0         84   aeabi_atexit.o
        26          0          0          0          0         80   atol.o
        28          0          0          0          0         76   calloc.o
         8          4          0          4          0         68   cpp_dtor.o
         2          0          0          0          0         68   cpp_final.o
        32         10          0          0          0         80   cpp_init.o
         8          4        133          0          0         68   ctype_o.o
        66          0          0          0          0         84   cxa_finalize.o
         0          0          0          0          0          0   entry.o
         0          0          0          0          0          0   entry10a.o
         4          0          0          0          0          0   entry10b.o
         0          0          0          0          0          0   entry11a.o
         8          4          0          0          0          0   entry2.o
         4          0          0          0          0          0   entry5.o
         0          0          0          0          0          0   entry7b.o
         4          0          0          0          0          0   entry8a.o
         0          0          0          0          0          0   entry8b.o
         8          4          0          0          0          0   entry9a.o
         8          4          0          4          0         68   errno.o
        30          0          0          0          0          0   handlers.o
        36          8          0          0          0         68   init.o
         0          0          0          0          0          0   iusefp.o
        30          0          0          0          0         68   llshl.o
        36          0          0          0          0         68   llsshr.o
        32          0          0          0          0         68   llushr.o
       188         20          0          0          0        160   malloc.o
        36          0          0          0          0         68   memcpya.o
        36          0          0          0          0        108   memseta.o
         0          0          0          8          0          0   mvars.o
      2470        110          0          0          0        916   printfa.o
         0          0          0          4          0          0   stdout.o
        28          0          0          0          0         76   strcmp.o
        14          0          0          0          0         68   strlen.o
        30          0          0          0          0         80   strncmp.o
        24          0          0          0          0         76   strncpy.o
        36          0          0          0          0         80   strstr.o
       112          0          0          0          0         88   strtol.o
        44          0          0          0          0         80   uidiv.o
       104          0          0          0          0         92   uldiv.o
        48          0          0          0          0         68   cdrcmple.o
       350          0          0          0          0        148   dadd.o
       222          0          0          0          0        100   ddiv.o
       186          0          0          0          0        176   depilogue.o
        48          0          0          0          0         68   dfixul.o
       234          0          0          0          0         96   dmul.o

    ----------------------------------------------------------------------
      4964        168        135         20          0       3808   Library Totals
         8          0          2          0          0          0   (incl. Padding)

    ----------------------------------------------------------------------

      Code (inc. data)   RO Data    RW Data    ZI Data      Debug   Library Name

        52          0          0          0          0        152   cpprt_w.l
      3816        168        133         20          0       3000   mc_w.l
      1088          0          0          0          0        656   mf_w.l

    ----------------------------------------------------------------------
      4964        168        135         20          0       3808   Library Totals

    ----------------------------------------------------------------------

==============================================================================


      Code (inc. data)   RO Data    RW Data    ZI Data      Debug   

     64092       7690       9188       2052      23588    1390280   Grand Totals
     64092       7690       9188        740      23588    1390280   ELF Image Totals (compressed)
     64092       7690       9188        740          0          0   ROM Totals

==============================================================================

    Total RO  Size (Code + RO Data)                73280 (  71.56kB)
    Total RW  Size (RW Data + ZI Data)             25640 (  25.04kB)
    Total ROM Size (Code + RO Data + RW Data)      74020 (  72.29kB)

==============================================================================

