Component: ARM Compiler 5.06 update 6 (build 750) Tool: armlink [4d35ed]

==============================================================================

Section Cross References

    startup_stm32l475xx.o(RESET) refers to startup_stm32l475xx.o(STACK) for __initial_sp
    startup_stm32l475xx.o(RESET) refers to startup_stm32l475xx.o(.text) for Reset_Handler
    startup_stm32l475xx.o(RESET) refers to stm32l4xx_it.o(i.NMI_Handler) for NMI_Handler
    startup_stm32l475xx.o(RESET) refers to stm32l4xx_it.o(i.HardFault_Handler) for HardFault_Handler
    startup_stm32l475xx.o(RESET) refers to stm32l4xx_it.o(i.MemManage_Handler) for MemManage_Handler
    startup_stm32l475xx.o(RESET) refers to stm32l4xx_it.o(i.BusFault_Handler) for BusFault_Handler
    startup_stm32l475xx.o(RESET) refers to stm32l4xx_it.o(i.UsageFault_Handler) for UsageFault_Handler
    startup_stm32l475xx.o(RESET) refers to stm32l4xx_it.o(i.SVC_Handler) for SVC_Handler
    startup_stm32l475xx.o(RESET) refers to stm32l4xx_it.o(i.DebugMon_Handler) for DebugMon_Handler
    startup_stm32l475xx.o(RESET) refers to stm32l4xx_it.o(i.PendSV_Handler) for PendSV_Handler
    startup_stm32l475xx.o(RESET) refers to stm32l4xx_it.o(i.SysTick_Handler) for SysTick_Handler
    startup_stm32l475xx.o(RESET) refers to wwdg.o(i.WWDG_IRQHandler) for WWDG_IRQHandler
    startup_stm32l475xx.o(RESET) refers to exti.o(i.EXTI9_5_IRQHandler) for EXTI9_5_IRQHandler
    startup_stm32l475xx.o(RESET) refers to bsp.o(i.TIM3_IRQHandler) for TIM3_IRQHandler
    startup_stm32l475xx.o(RESET) refers to bsp.o(i.TIM4_IRQHandler) for TIM4_IRQHandler
    startup_stm32l475xx.o(RESET) refers to bsp.o(i.USART1_IRQHandler) for USART1_IRQHandler
    startup_stm32l475xx.o(RESET) refers to bsp.o(i.USART3_IRQHandler) for USART3_IRQHandler
    startup_stm32l475xx.o(RESET) refers to exti.o(i.EXTI15_10_IRQHandler) for EXTI15_10_IRQHandler
    startup_stm32l475xx.o(RESET) refers to stm32l4xx_it.o(i.OTG_FS_IRQHandler) for OTG_FS_IRQHandler
    startup_stm32l475xx.o(.text) refers to system_stm32l4xx.o(i.SystemInit) for SystemInit
    startup_stm32l475xx.o(.text) refers to entry.o(.ARM.Collect$$$$00000000) for __main
    main.o(i.FreeModbus_Init) refers to mb.o(i.eMBInit) for eMBInit
    main.o(i.FreeModbus_Init) refers to elog.o(i.elog_output) for elog_output
    main.o(i.FreeModbus_Init) refers to mb.o(i.eMBEnable) for eMBEnable
    main.o(i.FreeModbus_Init) refers to main.o(.constdata) for .constdata
    main.o(i.SD_Mount) refers to memcpya.o(.text) for __aeabi_memcpy4
    main.o(i.SD_Mount) refers to memseta.o(.text) for __aeabi_memclr4
    main.o(i.SD_Mount) refers to elog.o(i.elog_output) for elog_output
    main.o(i.SD_Mount) refers to ff.o(i.f_mount) for f_mount
    main.o(i.SD_Mount) refers to ff.o(i.f_open) for f_open
    main.o(i.SD_Mount) refers to ff.o(i.f_write) for f_write
    main.o(i.SD_Mount) refers to bsp.o(i.Error_Handler) for Error_Handler
    main.o(i.SD_Mount) refers to ff.o(i.f_lseek) for f_lseek
    main.o(i.SD_Mount) refers to ff.o(i.f_read) for f_read
    main.o(i.SD_Mount) refers to ff.o(i.f_close) for f_close
    main.o(i.SD_Mount) refers to printfa.o(i.__0printf) for __2printf
    main.o(i.SD_Mount) refers to fatfs.o(.data) for SDPath
    main.o(i.SD_Mount) refers to main.o(.constdata) for .constdata
    main.o(i.SD_Mount) refers to fatfs.o(.bss) for SDFatFs
    main.o(i.SD_Mount) refers to fatfs.o(.bss) for SDFile
    main.o(i.easyflash_user_init) refers to elog.o(i.elog_output) for elog_output
    main.o(i.easyflash_user_init) refers to main.o(i.test_env) for test_env
    main.o(i.easyflash_user_init) refers to main.o(.constdata) for .constdata
    main.o(i.elog_user_init) refers to elog.o(i.elog_set_text_color_enabled) for elog_set_text_color_enabled
    main.o(i.elog_user_init) refers to elog.o(i.elog_set_fmt) for elog_set_fmt
    main.o(i.elog_user_init) refers to elog_flash.o(i.elog_flash_init) for elog_flash_init
    main.o(i.elog_user_init) refers to elog_file.o(i.elog_file_init) for elog_file_init
    main.o(i.elog_user_init) refers to elog.o(i.elog_start) for elog_start
    main.o(i.elog_user_init) refers to main.o(i.test_elog) for test_elog
    main.o(i.elog_user_init) refers to printfa.o(i.__0printf) for __2printf
    main.o(i.elog_user_init) refers to main.o(.constdata) for .constdata
    main.o(i.elogger_eflash_user_init) refers to easyflash.o(i.easyflash_init) for easyflash_init
    main.o(i.elogger_eflash_user_init) refers to elog.o(i.elog_init) for elog_init
    main.o(i.elogger_eflash_user_init) refers to main.o(i.elog_user_init) for elog_user_init
    main.o(i.elogger_eflash_user_init) refers to main.o(i.easyflash_user_init) for easyflash_user_init
    main.o(i.gfx_draw_pixel) refers to lcd.o(i.LCD_Draw_ColorPoint) for LCD_Draw_ColorPoint
    main.o(i.main) refers to stm32l4xx_hal.o(i.HAL_Init) for HAL_Init
    main.o(i.main) refers to bsp.o(i.SystemClock_Config) for SystemClock_Config
    main.o(i.main) refers to delay.o(i.delay_init) for delay_init
[...]
    0x08000726   0x08000726   0x00000024   Code   RO        12240    .text               mc_w.l(llsshr.o)
    0x0800074a   0x0800074a   0x00000070   Code   RO        12257    .text               mc_w.l(strtol.o)
    0x080007ba   0x080007ba   0x00000000   Code   RO        12259    .text               mc_w.l(iusefp.o)
    0x080007ba   0x080007ba   0x00000002   PAD
    0x080007bc   0x080007bc   0x00000008   Code   RO        12260    .text               mc_w.l(cpp_dtor.o)
    0x080007c4   0x080007c4   0x00000042   Code   RO        12263    .text               mc_w.l(cxa_finalize.o)
    0x08000806   0x08000806   0x000000ba   Code   RO        12265    .text               mf_w.l(depilogue.o)
    0x080008c0   0x080008c0   0x00000030   Code   RO        12269    .text               mf_w.l(dfixul.o)
    0x080008f0   0x080008f0   0x00000024   Code   RO        12305    .text               mc_w.l(init.o)
    0x08000914   0x08000914   0x00000008   Code   RO        12309    .text               mc_w.l(ctype_o.o)
    0x0800091c   0x0800091c   0x000000a4   Code   RO        12339    .text               mc_w.l(_strtoul.o)
    0x080009c0   0x080009c0   0x00000002   Code   RO        12341    .text               mc_w.l(cpp_final.o)
    0x080009c2   0x080009c2   0x0000001c   Code   RO        12364    .text               mc_w.l(_chval.o)
    0x080009de   0x080009de   0x00000056   Code   RO        12376    .text               mc_w.l(__dczerorl2.o)
    0x08000a34   0x08000a34   0x00000002   Code   RO          418    i.BusFault_Handler  stm32l4xx_it.o
    0x08000a36   0x08000a36   0x0000004a   Code   RO         7234    i.DeInitStateMachine  usbh_core.o
    0x08000a80   0x08000a80   0x00000002   Code   RO          419    i.DebugMon_Handler  stm32l4xx_it.o
    0x08000a82   0x08000a82   0x00000016   Code   RO         1451    i.EXTI15_10_IRQHandler  exti.o
    0x08000a98   0x08000a98   0x00000016   Code   RO         1452    i.EXTI9_5_IRQHandler  exti.o
    0x08000aae   0x08000aae   0x00000002   Code   RO        11487    i.EnterCriticalSection  port.o
    0x08000ab0   0x08000ab0   0x00000004   Code   RO          548    i.Error_Handler     bsp.o
    0x08000ab4   0x08000ab4   0x00000002   Code   RO        11488    i.ExitCriticalSection  port.o
    0x08000ab6   0x08000ab6   0x00000006   Code   RO         7160    i.FATFS_LinkDriver  ff_gen_drv.o
    0x08000abc   0x08000abc   0x00000048   Code   RO         7161    i.FATFS_LinkDriverEx  ff_gen_drv.o
    0x08000b04   0x08000b04   0x0000008c   Code   RO           13    i.FreeModbus_Init   main.o
    0x08000b90   0x08000b90   0x0000004a   Code   RO         3374    i.HAL_DMA_Abort     stm32l4xx_hal_dma.o
    0x08000bda   0x08000bda   0x0000004e   Code   RO         3375    i.HAL_DMA_Abort_IT  stm32l4xx_hal_dma.o
    0x08000c28   0x08000c28   0x00000024   Code   RO         2098    i.HAL_Delay         stm32l4xx_hal.o
    0x08000c4c   0x08000c4c   0x00000044   Code   RO         1454    i.HAL_GPIO_EXTI_Callback  exti.o
    0x08000c90   0x08000c90   0x00000018   Code   RO         3309    i.HAL_GPIO_EXTI_IRQHandler  stm32l4xx_hal_gpio.o
    0x08000ca8   0x08000ca8   0x0000021e   Code   RO         3310    i.HAL_GPIO_Init     stm32l4xx_hal_gpio.o
    0x08000ec6   0x08000ec6   0x00000010   Code   RO         3313    i.HAL_GPIO_TogglePin  stm32l4xx_hal_gpio.o
    0x08000ed6   0x08000ed6   0x0000000a   Code   RO         3314    i.HAL_GPIO_WritePin  stm32l4xx_hal_gpio.o
    0x08000ee0   0x08000ee0   0x0000000c   Code   RO         2102    i.HAL_GetTick       stm32l4xx_hal.o
    0x08000eec   0x08000eec   0x00000008   Code   RO         6539    i.HAL_HCD_Connect_Callback  usbh_conf.o
    0x08000ef4   0x08000ef4   0x00000008   Code   RO         6540    i.HAL_HCD_Disconnect_Callback  usbh_conf.o
    0x08000efc   0x08000efc   0x00000006   Code   RO         1617    i.HAL_HCD_GetCurrentFrame  stm32l4xx_hal_hcd.o
    0x08000f02   0x08000f02   0x00000012   Code   RO         1621    i.HAL_HCD_HC_GetURBState  stm32l4xx_hal_hcd.o
    0x08000f14   0x08000f14   0x00000010   Code   RO         1622    i.HAL_HCD_HC_GetXferCount  stm32l4xx_hal_hcd.o
    0x08000f24   0x08000f24   0x00000024   Code   RO         1623    i.HAL_HCD_HC_Halt   stm32l4xx_hal_hcd.o
    0x08000f48   0x08000f48   0x0000007c   Code   RO         1624    i.HAL_HCD_HC_Init   stm32l4xx_hal_hcd.o
    0x08000fc4   0x08000fc4   0x00000002   Code   RO         6541    i.HAL_HCD_HC_NotifyURBChange_Callback  usbh_conf.o
    0x08000fc6   0x08000fc6   0x00000098   Code   RO         1626    i.HAL_HCD_HC_SubmitRequest  stm32l4xx_hal_hcd.o
    0x0800105e   0x0800105e   0x0000013a   Code   RO         1627    i.HAL_HCD_IRQHandler  stm32l4xx_hal_hcd.o
    0x08001198   0x08001198   0x00000072   Code   RO         1628    i.HAL_HCD_Init      stm32l4xx_hal_hcd.o
    0x0800120a   0x0800120a   0x00000002   PAD
    0x0800120c   0x0800120c   0x000000d0   Code   RO         6543    i.HAL_HCD_MspInit   usbh_conf.o
    0x080012dc   0x080012dc   0x00000008   Code   RO         6544    i.HAL_HCD_PortDisabled_Callback  usbh_conf.o
    0x080012e4   0x080012e4   0x00000008   Code   RO         6545    i.HAL_HCD_PortEnabled_Callback  usbh_conf.o
    0x080012ec   0x080012ec   0x00000008   Code   RO         6546    i.HAL_HCD_SOF_Callback  usbh_conf.o
    0x080012f4   0x080012f4   0x0000002c   Code   RO         1635    i.HAL_HCD_Start     stm32l4xx_hal_hcd.o
    0x08001320   0x08001320   0x00000024   Code   RO         1636    i.HAL_HCD_Stop      stm32l4xx_hal_hcd.o
    0x08001344   0x08001344   0x00000010   Code   RO         2108    i.HAL_IncTick       stm32l4xx_hal.o
    0x08001354   0x08001354   0x0000001e   Code   RO         2109    i.HAL_Init          stm32l4xx_hal.o
    0x08001372   0x08001372   0x00000002   PAD
    0x08001374   0x08001374   0x00000044   Code   RO         2110    i.HAL_InitTick      stm32l4xx_hal.o
    0x080013b8   0x080013b8   0x0000002c   Code   RO          500    i.HAL_MspInit       stm32l4xx_hal_msp.o
    0x080013e4   0x080013e4   0x0000001a   Code   RO         3857    i.HAL_NVIC_EnableIRQ  stm32l4xx_hal_cortex.o
    0x080013fe   0x080013fe   0x00000002   PAD
    0x08001400   0x08001400   0x00000040   Code   RO         3863    i.HAL_NVIC_SetPriority  stm32l4xx_hal_cortex.o
    0x08001440   0x08001440   0x00000024   Code   RO         3864    i.HAL_NVIC_SetPriorityGrouping  stm32l4xx_hal_cortex.o
    0x08001464   0x08001464   0x00000024   Code   RO         3865    i.HAL_NVIC_SystemReset  stm32l4xx_hal_cortex.o
    0x08001488   0x08001488   0x00000068   Code   RO         3601    i.HAL_PWREx_ControlVoltageScaling  stm32l4xx_hal_pwr_ex.o
    0x080014f0   0x080014f0   0x00000010   Code   RO         3627    i.HAL_PWREx_EnableVddUSB  stm32l4xx_hal_pwr_ex.o
    0x08001500   0x08001500   0x00000010   Code   RO         3632    i.HAL_PWREx_GetVoltageRange  stm32l4xx_hal_pwr_ex.o
    0x08001510   0x08001510   0x00000086   Code   RO         5863    i.HAL_QSPI_Abort    stm32l4xx_hal_qspi.o
    0x08001596   0x08001596   0x0000008c   Code   RO         5869    i.HAL_QSPI_Command  stm32l4xx_hal_qspi.o
    0x08001622   0x08001622   0x00000002   PAD
    0x08001624   0x08001624   0x000000a0   Code   RO         5878    i.HAL_QSPI_Init     stm32l4xx_hal_qspi.o
    0x080016c4   0x080016c4   0x00000050   Code   RO          999    i.HAL_QSPI_MspInit  qspi.o
    0x08001714   0x08001714   0x000000ca   Code   RO         5882    i.HAL_QSPI_Receive  stm32l4xx_hal_qspi.o
    0x080017de   0x080017de   0x00000002   PAD
    0x080017e0   0x080017e0   0x000000c2   Code   RO         5891    i.HAL_QSPI_Transmit  stm32l4xx_hal_qspi.o
    0x080018a2   0x080018a2   0x00000002   PAD
    0x080018a4   0x080018a4   0x000003ae   Code   RO         2963    i.HAL_RCCEx_PeriphCLKConfig  stm32l4xx_hal_rcc_ex.o
    0x08001c52   0x08001c52   0x00000002   PAD
    0x08001c54   0x08001c54   0x00000120   Code   RO         2842    i.HAL_RCC_ClockConfig  stm32l4xx_hal_rcc.o
    0x08001d74   0x08001d74   0x00000024   Code   RO         2848    i.HAL_RCC_GetPCLK1Freq  stm32l4xx_hal_rcc.o
    0x08001d98   0x08001d98   0x00000024   Code   RO         2849    i.HAL_RCC_GetPCLK2Freq  stm32l4xx_hal_rcc.o
    0x08001dbc   0x08001dbc   0x000000a4   Code   RO         2851    i.HAL_RCC_GetSysClockFreq  stm32l4xx_hal_rcc.o
    0x08001e60   0x08001e60   0x00000528   Code   RO         2854    i.HAL_RCC_OscConfig  stm32l4xx_hal_rcc.o
    0x08002388   0x08002388   0x000000e0   Code   RO         5547    i.HAL_SPI_Init      stm32l4xx_hal_spi.o
    0x08002468   0x08002468   0x000000a0   Code   RO         1304    i.HAL_SPI_MspInit   spi.o
    0x08002508   0x08002508   0x0000018e   Code   RO         5555    i.HAL_SPI_Transmit  stm32l4xx_hal_spi.o
    0x08002696   0x08002696   0x00000268   Code   RO         5556    i.HAL_SPI_TransmitReceive  stm32l4xx_hal_spi.o
    0x080028fe   0x080028fe   0x00000018   Code   RO         3866    i.HAL_SYSTICK_CLKSourceConfig  stm32l4xx_hal_cortex.o
    0x08002916   0x08002916   0x00000028   Code   RO         3868    i.HAL_SYSTICK_Config  stm32l4xx_hal_cortex.o
    0x0800293e   0x0800293e   0x00000002   Code   RO         4775    i.HAL_TIMEx_Break2Callback  stm32l4xx_hal_tim_ex.o
    0x08002940   0x08002940   0x00000002   Code   RO         4776    i.HAL_TIMEx_BreakCallback  stm32l4xx_hal_tim_ex.o
    0x08002942   0x08002942   0x00000002   Code   RO         4777    i.HAL_TIMEx_CommutCallback  stm32l4xx_hal_tim_ex.o
    0x08002944   0x08002944   0x0000009c   Code   RO         4797    i.HAL_TIMEx_MasterConfigSynchronization  stm32l4xx_hal_tim_ex.o
    0x080029e0   0x080029e0   0x00000062   Code   RO         4061    i.HAL_TIM_Base_Init  stm32l4xx_hal_tim.o
    0x08002a42   0x08002a42   0x00000002   PAD
    0x08002a44   0x08002a44   0x00000064   Code   RO          502    i.HAL_TIM_Base_MspInit  stm32l4xx_hal_msp.o
    0x08002aa8   0x08002aa8   0x00000080   Code   RO         4066    i.HAL_TIM_Base_Start_IT  stm32l4xx_hal_tim.o
    0x08002b28   0x08002b28   0x00000030   Code   RO         4069    i.HAL_TIM_Base_Stop_IT  stm32l4xx_hal_tim.o
    0x08002b58   0x08002b58   0x00000002   Code   RO         4095    i.HAL_TIM_IC_CaptureCallback  stm32l4xx_hal_tim.o
    0x08002b5a   0x08002b5a   0x00000184   Code   RO         4109    i.HAL_TIM_IRQHandler  stm32l4xx_hal_tim.o
    0x08002cde   0x08002cde   0x00000002   Code   RO         4112    i.HAL_TIM_OC_DelayElapsedCallback  stm32l4xx_hal_tim.o
    0x08002ce0   0x08002ce0   0x00000002   Code   RO         4139    i.HAL_TIM_PWM_PulseFinishedCallback  stm32l4xx_hal_tim.o
    0x08002ce2   0x08002ce2   0x00000002   PAD
    0x08002ce4   0x08002ce4   0x00000028   Code   RO          549    i.HAL_TIM_PeriodElapsedCallback  bsp.o
    0x08002d0c   0x08002d0c   0x00000002   Code   RO         4152    i.HAL_TIM_TriggerCallback  stm32l4xx_hal_tim.o
    0x08002d0e   0x08002d0e   0x00000002   Code   RO         5069    i.HAL_UARTEx_RxEventCallback  stm32l4xx_hal_uart.o
    0x08002d10   0x08002d10   0x00000002   Code   RO         5462    i.HAL_UARTEx_WakeupCallback  stm32l4xx_hal_uart_ex.o
    0x08002d12   0x08002d12   0x00000002   Code   RO         5085    i.HAL_UART_ErrorCallback  stm32l4xx_hal_uart.o
    0x08002d14   0x08002d14   0x00000294   Code   RO         5088    i.HAL_UART_IRQHandler  stm32l4xx_hal_uart.o
    0x08002fa8   0x08002fa8   0x00000066   Code   RO         5089    i.HAL_UART_Init     stm32l4xx_hal_uart.o
    0x0800300e   0x0800300e   0x00000002   PAD
    0x08003010   0x08003010   0x00000110   Code   RO          504    i.HAL_UART_MspInit  stm32l4xx_hal_msp.o
    0x08003120   0x08003120   0x000000fe   Code   RO         5092    i.HAL_UART_Receive  stm32l4xx_hal_uart.o
    0x0800321e   0x0800321e   0x00000002   PAD
    0x08003220   0x08003220   0x00000054   Code   RO         5094    i.HAL_UART_Receive_IT  stm32l4xx_hal_uart.o
    0x08003274   0x08003274   0x00000034   Code   RO          550    i.HAL_UART_RxCpltCallback  bsp.o
    0x080032a8   0x080032a8   0x000000b6   Code   RO         5098    i.HAL_UART_Transmit  stm32l4xx_hal_uart.o
    0x0800335e   0x0800335e   0x00000002   Code   RO          551    i.HAL_UART_TxCpltCallback  bsp.o
    0x08003360   0x08003360   0x00000020   Code   RO         1566    i.HAL_WWDG_EarlyWakeupCallback  wwdg.o
    0x08003380   0x08003380   0x0000001e   Code   RO         6266    i.HAL_WWDG_IRQHandler  stm32l4xx_hal_wwdg.o
    0x0800339e   0x0800339e   0x0000000a   Code   RO         6269    i.HAL_WWDG_Refresh  stm32l4xx_hal_wwdg.o
    0x080033a8   0x080033a8   0x000001e6   Code   RO         1637    i.HCD_HC_IN_IRQHandler  stm32l4xx_hal_hcd.o
    0x0800358e   0x0800358e   0x000001ec   Code   RO         1638    i.HCD_HC_OUT_IRQHandler  stm32l4xx_hal_hcd.o
    0x0800377a   0x0800377a   0x00000094   Code   RO         1639    i.HCD_Port_IRQHandler  stm32l4xx_hal_hcd.o
    0x0800380e   0x0800380e   0x0000008c   Code   RO         1640    i.HCD_RXQLVL_IRQHandler  stm32l4xx_hal_hcd.o
    0x0800389a   0x0800389a   0x00000002   Code   RO          420    i.HardFault_Handler  stm32l4xx_it.o
    0x0800389c   0x0800389c   0x00000052   Code   RO          655    i.LCD_Address_Set   lcd.o
    0x080038ee   0x080038ee   0x00000002   PAD
    0x080038f0   0x080038f0   0x00000058   Code   RO          656    i.LCD_Clear         lcd.o
    0x08003948   0x08003948   0x000000a4   Code   RO          666    i.LCD_Gpio_Init     lcd.o
    0x080039ec   0x080039ec   0x000001a0   Code   RO          667    i.LCD_Init          lcd.o
    0x08003b8c   0x08003b8c   0x00000040   Code   RO          669    i.LCD_SPI_Send      lcd.o
    0x08003bcc   0x08003bcc   0x0000001c   Code   RO          675    i.LCD_Write_Cmd     lcd.o
    0x08003be8   0x08003be8   0x0000001c   Code   RO          676    i.LCD_Write_Data    lcd.o
    0x08003c04   0x08003c04   0x00000048   Code   RO         1400    i.LED_Init          led.o
    0x08003c4c   0x08003c4c   0x00000018   Code   RO         6720    i.MX_DriverVbusFS   usbh_platform.o
    0x08003c64   0x08003c64   0x0000002c   Code   RO         6460    i.MX_FATFS_Init     fatfs.o
    0x08003c90   0x08003c90   0x0000007c   Code   RO          552    i.MX_GPIO_Init      bsp.o
    0x08003d0c   0x08003d0c   0x00000038   Code   RO          553    i.MX_USART1_UART_Init  bsp.o
    0x08003d44   0x08003d44   0x00000040   Code   RO         6500    i.MX_USB_HOST_Init  usb_host.o
    0x08003d84   0x08003d84   0x00000002   Code   RO          421    i.MemManage_Handler  stm32l4xx_it.o
    0x08003d86   0x08003d86   0x00000002   Code   RO          422    i.NMI_Handler       stm32l4xx_it.o
    0x08003d88   0x08003d88   0x0000000c   Code   RO          423    i.OTG_FS_IRQHandler  stm32l4xx_it.o
    0x08003d94   0x08003d94   0x00000002   Code   RO          424    i.PendSV_Handler    stm32l4xx_it.o
    0x08003d96   0x08003d96   0x0000015e   Code   RO         5896    i.QSPI_Config       stm32l4xx_hal_qspi.o
    0x08003ef4   0x08003ef4   0x00000040   Code   RO         1000    i.QSPI_Init         qspi.o
    0x08003f34   0x08003f34   0x00000024   Code   RO         1001    i.QSPI_Receive      qspi.o
    0x08003f58   0x08003f58   0x00000038   Code   RO         1002    i.QSPI_Send_CMD     qspi.o
    0x08003f90   0x08003f90   0x00000048   Code   RO         5903    i.QSPI_WaitFlagStateUntilTimeout  stm32l4xx_hal_qspi.o
    0x08003fd8   0x08003fd8   0x0000012c   Code   RO         2967    i.RCCEx_PLLSAI1_Config  stm32l4xx_hal_rcc_ex.o
    0x08004104   0x08004104   0x00000108   Code   RO         2968    i.RCCEx_PLLSAI2_Config  stm32l4xx_hal_rcc_ex.o
    0x0800420c   0x0800420c   0x0000007c   Code   RO         2855    i.RCC_SetFlashLatencyFromMSIRange  stm32l4xx_hal_rcc.o
    0x08004288   0x08004288   0x00000004   Code   RO         6406    i.SDCARD_initialize  sd_diskio.o
    0x0800428c   0x0800428c   0x00000032   Code   RO         6407    i.SDCARD_ioctl      sd_diskio.o
    0x080042be   0x080042be   0x0000002a   Code   RO         6408    i.SDCARD_read       sd_diskio.o
    0x080042e8   0x080042e8   0x00000004   Code   RO         6409    i.SDCARD_status     sd_diskio.o
    0x080042ec   0x080042ec   0x0000002a   Code   RO         6410    i.SDCARD_write      sd_diskio.o
    0x08004316   0x08004316   0x00000002   PAD
    0x08004318   0x08004318   0x0000001c   Code   RO         1185    i.SD_DisSelect      sd_card.o
    0x08004334   0x08004334   0x0000002a   Code   RO         1187    i.SD_GetCSD         sd_card.o
    0x0800435e   0x0800435e   0x00000028   Code   RO         1188    i.SD_GetResponse    sd_card.o
    0x08004386   0x08004386   0x0000006e   Code   RO         1189    i.SD_GetSectorCount  sd_card.o
    0x080043f4   0x080043f4   0x00000158   Code   RO         1190    i.SD_Init           sd_card.o
    0x0800454c   0x0800454c   0x00000408   Code   RO           14    i.SD_Mount          main.o
    0x08004954   0x08004954   0x0000006c   Code   RO         1191    i.SD_ReadDisk       sd_card.o
    0x080049c0   0x080049c0   0x00000034   Code   RO         1192    i.SD_RecvData       sd_card.o
    0x080049f4   0x080049f4   0x00000054   Code   RO         1193    i.SD_SPI_Init       sd_card.o
    0x08004a48   0x08004a48   0x00000004   Code   RO         1194    i.SD_SPI_ReadWriteByte  sd_card.o
    0x08004a4c   0x08004a4c   0x00000020   Code   RO         1197    i.SD_Select         sd_card.o
    0x08004a6c   0x08004a6c   0x00000050   Code   RO         1198    i.SD_SendBlock      sd_card.o
    0x08004abc   0x08004abc   0x0000005e   Code   RO         1199    i.SD_SendCmd        sd_card.o
    0x08004b1a   0x08004b1a   0x00000020   Code   RO         1200    i.SD_WaitReady      sd_card.o
    0x08004b3a   0x08004b3a   0x00000002   PAD
    0x08004b3c   0x08004b3c   0x00000080   Code   RO         1201    i.SD_WriteDisk      sd_card.o
    0x08004bbc   0x08004bbc   0x00000054   Code   RO         1305    i.SPI1_Init         spi.o
    0x08004c10   0x08004c10   0x00000020   Code   RO         1306    i.SPI1_ReadWriteByte  spi.o
    0x08004c30   0x08004c30   0x00000034   Code   RO         1307    i.SPI1_SetSpeed     spi.o
    0x08004c64   0x08004c64   0x00000018   Code   RO         1308    i.SPI1_WriteByte    spi.o
    0x08004c7c   0x08004c7c   0x0000004c   Code   RO         1309    i.SPI3_Init         spi.o
    0x08004cc8   0x08004cc8   0x00000014   Code   RO         1311    i.SPI3_WriteByte    spi.o
    0x08004cdc   0x08004cdc   0x00000048   Code   RO         5585    i.SPI_EndRxTxTransaction  stm32l4xx_hal_spi.o
    0x08004d24   0x08004d24   0x000000e6   Code   RO         5590    i.SPI_WaitFifoStateUntilTimeout  stm32l4xx_hal_spi.o
    0x08004e0a   0x08004e0a   0x00000002   PAD
    0x08004e0c   0x08004e0c   0x000000b8   Code   RO         5591    i.SPI_WaitFlagStateUntilTimeout  stm32l4xx_hal_spi.o
    0x08004ec4   0x08004ec4   0x00000002   Code   RO          425    i.SVC_Handler       stm32l4xx_it.o
    0x08004ec6   0x08004ec6   0x00000002   PAD
    0x08004ec8   0x08004ec8   0x000000b8   Code   RO         1054    i.Str2Int           common.o
    0x08004f80   0x08004f80   0x00000004   Code   RO          426    i.SysTick_Handler   stm32l4xx_it.o
    0x08004f84   0x08004f84   0x00000074   Code   RO          555    i.SystemClock_Config  bsp.o
    0x08004ff8   0x08004ff8   0x00000010   Code   RO         6314    i.SystemInit        system_stm32l4xx.o
    0x08005008   0x08005008   0x0000000c   Code   RO          556    i.TIM3_IRQHandler   bsp.o
    0x08005014   0x08005014   0x0000002c   Code   RO         1373    i.TIM3_Init         timer.o
    0x08005040   0x08005040   0x0000000c   Code   RO          557    i.TIM4_IRQHandler   bsp.o
    0x0800504c   0x0800504c   0x000000c0   Code   RO         4154    i.TIM_Base_SetConfig  stm32l4xx_hal_tim.o
    0x0800510c   0x0800510c   0x000000c8   Code   RO         5103    i.UART_AdvFeatureConfig  stm32l4xx_hal_uart.o
    0x080051d4   0x080051d4   0x0000005c   Code   RO         5104    i.UART_CheckIdleState  stm32l4xx_hal_uart.o
    0x08005230   0x08005230   0x00000014   Code   RO         5105    i.UART_DMAAbortOnError  stm32l4xx_hal_uart.o
    0x08005244   0x08005244   0x0000004a   Code   RO         5115    i.UART_EndRxTransfer  stm32l4xx_hal_uart.o
    0x0800528e   0x0800528e   0x0000009e   Code   RO         5117    i.UART_RxISR_16BIT  stm32l4xx_hal_uart.o
    0x0800532c   0x0800532c   0x0000009e   Code   RO         5118    i.UART_RxISR_8BIT   stm32l4xx_hal_uart.o
    0x080053ca   0x080053ca   0x00000002   PAD
    0x080053cc   0x080053cc   0x00000248   Code   RO         5119    i.UART_SetConfig    stm32l4xx_hal_uart.o
    0x08005614   0x08005614   0x000000b8   Code   RO         5121    i.UART_Start_Receive_IT  stm32l4xx_hal_uart.o
    0x080056cc   0x080056cc   0x000000c6   Code   RO         5124    i.UART_WaitOnFlagUntilTimeout  stm32l4xx_hal_uart.o
    0x08005792   0x08005792   0x00000002   PAD
    0x08005794   0x08005794   0x0000000c   Code   RO          558    i.USART1_IRQHandler  bsp.o
    0x080057a0   0x080057a0   0x00000030   Code   RO          559    i.USART3_IRQHandler  bsp.o
    0x080057d0   0x080057d0   0x00000028   Code   RO         7561    i.USBH_AllocPipe    usbh_pipes.o
    0x080057f8   0x080057f8   0x00000026   Code   RO         7489    i.USBH_BulkReceiveData  usbh_ioreq.o
    0x0800581e   0x0800581e   0x00000030   Code   RO         7490    i.USBH_BulkSendData  usbh_ioreq.o
    0x0800584e   0x0800584e   0x0000000a   Code   RO         7562    i.USBH_ClosePipe    usbh_pipes.o
    0x08005858   0x08005858   0x0000001e   Code   RO         7375    i.USBH_ClrFeature   usbh_ctlreq.o
    0x08005876   0x08005876   0x00000026   Code   RO         7491    i.USBH_CtlReceiveData  usbh_ioreq.o
    0x0800589c   0x0800589c   0x0000003a   Code   RO         7376    i.USBH_CtlReq       usbh_ctlreq.o
    0x080058d6   0x080058d6   0x00000030   Code   RO         7492    i.USBH_CtlSendData  usbh_ioreq.o
    0x08005906   0x08005906   0x00000024   Code   RO         7493    i.USBH_CtlSendSetup  usbh_ioreq.o
    0x0800592a   0x0800592a   0x0000004c   Code   RO         7236    i.USBH_FindInterface  usbh_core.o
    0x08005976   0x08005976   0x00000018   Code   RO         7563    i.USBH_FreePipe     usbh_pipes.o
    0x0800598e   0x0800598e   0x00000020   Code   RO         7564    i.USBH_GetFreePipe  usbh_pipes.o
    0x080059ae   0x080059ae   0x00000024   Code   RO         6548    i.USBH_Get_USB_Status  usbh_conf.o
    0x080059d2   0x080059d2   0x000001c6   Code   RO         7382    i.USBH_HandleControl  usbh_ctlreq.o
    0x08005b98   0x08005b98   0x00000014   Code   RO         7240    i.USBH_HandleSof    usbh_core.o
    0x08005bac   0x08005bac   0x00000042   Code   RO         7241    i.USBH_Init         usbh_core.o
    0x08005bee   0x08005bee   0x00000012   Code   RO         6549    i.USBH_LL_ClosePipe  usbh_conf.o
    0x08005c00   0x08005c00   0x00000014   Code   RO         7243    i.USBH_LL_Connect   usbh_core.o
    0x08005c14   0x08005c14   0x0000002e   Code   RO         7244    i.USBH_LL_Disconnect  usbh_core.o
    0x08005c42   0x08005c42   0x0000001a   Code   RO         6551    i.USBH_LL_DriverVBUS  usbh_conf.o
    0x08005c5c   0x08005c5c   0x00000008   Code   RO         6552    i.USBH_LL_GetLastXferSize  usbh_conf.o
    0x08005c64   0x08005c64   0x00000024   Code   RO         6554    i.USBH_LL_GetToggle  usbh_conf.o
    0x08005c88   0x08005c88   0x00000008   Code   RO         6555    i.USBH_LL_GetURBState  usbh_conf.o
    0x08005c90   0x08005c90   0x0000000e   Code   RO         7245    i.USBH_LL_IncTimer  usbh_core.o
    0x08005c9e   0x08005c9e   0x00000002   PAD
    0x08005ca0   0x08005ca0   0x00000050   Code   RO         6556    i.USBH_LL_Init      usbh_conf.o
    0x08005cf0   0x08005cf0   0x00000026   Code   RO         6557    i.USBH_LL_OpenPipe  usbh_conf.o
    0x08005d16   0x08005d16   0x00000008   Code   RO         7246    i.USBH_LL_PortDisabled  usbh_core.o
    0x08005d1e   0x08005d1e   0x00000008   Code   RO         7247    i.USBH_LL_PortEnabled  usbh_core.o
    0x08005d26   0x08005d26   0x00000006   Code   RO         7248    i.USBH_LL_SetTimer  usbh_core.o
    0x08005d2c   0x08005d2c   0x00000026   Code   RO         6559    i.USBH_LL_SetToggle  usbh_conf.o
    0x08005d52   0x08005d52   0x00000012   Code   RO         6560    i.USBH_LL_Start     usbh_conf.o
    0x08005d64   0x08005d64   0x00000012   Code   RO         6561    i.USBH_LL_Stop      usbh_conf.o
    0x08005d76   0x08005d76   0x0000002a   Code   RO         6562    i.USBH_LL_SubmitURB  usbh_conf.o
    0x08005da0   0x08005da0   0x00000024   Code   RO         7699    i.USBH_MSC_BOT_Abort  usbh_msc_bot.o
    0x08005dc4   0x08005dc4   0x00000024   Code   RO         7700    i.USBH_MSC_BOT_Init  usbh_msc_bot.o
    0x08005de8   0x08005de8   0x0000023a   Code   RO         7701    i.USBH_MSC_BOT_Process  usbh_msc_bot.o
    0x08006022   0x08006022   0x00000016   Code   RO         7702    i.USBH_MSC_BOT_REQ_GetMaxLUN  usbh_msc_bot.o
    0x08006038   0x08006038   0x00000018   Code   RO         7703    i.USBH_MSC_BOT_REQ_Reset  usbh_msc_bot.o
    0x08006050   0x08006050   0x0000007c   Code   RO         7608    i.USBH_MSC_ClassRequest  usbh_msc.o
    0x080060cc   0x080060cc   0x0000004c   Code   RO         7704    i.USBH_MSC_DecodeCSW  usbh_msc_bot.o
    0x08006118   0x08006118   0x00000070   Code   RO         7609    i.USBH_MSC_GetLUNInfo  usbh_msc.o
    0x08006188   0x08006188   0x0000004c   Code   RO         7611    i.USBH_MSC_InterfaceDeInit  usbh_msc.o
    0x080061d4   0x080061d4   0x0000010e   Code   RO         7612    i.USBH_MSC_InterfaceInit  usbh_msc.o
    0x080062e2   0x080062e2   0x00000348   Code   RO         7614    i.USBH_MSC_Process  usbh_msc.o
    0x0800662a   0x0800662a   0x000000be   Code   RO         7615    i.USBH_MSC_RdWrProcess  usbh_msc.o
    0x080066e8   0x080066e8   0x0000009a   Code   RO         7616    i.USBH_MSC_Read     usbh_msc.o
    0x08006782   0x08006782   0x000000e4   Code   RO         7751    i.USBH_MSC_SCSI_Inquiry  usbh_msc_scsi.o
    0x08006866   0x08006866   0x0000009c   Code   RO         7752    i.USBH_MSC_SCSI_Read  usbh_msc_scsi.o
    0x08006902   0x08006902   0x0000008c   Code   RO         7753    i.USBH_MSC_SCSI_ReadCapacity  usbh_msc_scsi.o
    0x0800698e   0x0800698e   0x00000098   Code   RO         7754    i.USBH_MSC_SCSI_RequestSense  usbh_msc_scsi.o
    0x08006a26   0x08006a26   0x0000004e   Code   RO         7755    i.USBH_MSC_SCSI_TestUnitReady  usbh_msc_scsi.o
    0x08006a74   0x08006a74   0x0000009a   Code   RO         7756    i.USBH_MSC_SCSI_Write  usbh_msc_scsi.o
    0x08006b0e   0x08006b0e   0x00000004   Code   RO         7617    i.USBH_MSC_SOFProcess  usbh_msc.o
    0x08006b12   0x08006b12   0x00000026   Code   RO         7618    i.USBH_MSC_UnitIsReady  usbh_msc.o
    0x08006b38   0x08006b38   0x0000009a   Code   RO         7619    i.USBH_MSC_Write    usbh_msc.o
    0x08006bd2   0x08006bd2   0x0000001e   Code   RO         7565    i.USBH_OpenPipe     usbh_pipes.o
    0x08006bf0   0x08006bf0   0x00000022   Code   RO         7251    i.USBH_RegisterClass  usbh_core.o
    0x08006c12   0x08006c12   0x00000016   Code   RO         7252    i.USBH_SelectInterface  usbh_core.o
    0x08006c28   0x08006c28   0x00000016   Code   RO         7253    i.USBH_Start        usbh_core.o
    0x08006c3e   0x08006c3e   0x00000002   PAD
    0x08006c40   0x08006c40   0x00000028   Code   RO         6502    i.USBH_UserProcess  usb_host.o
    0x08006c68   0x08006c68   0x00000004   Code   RO         6351    i.USBH_initialize   usbh_diskio.o
    0x08006c6c   0x08006c6c   0x00000070   Code   RO         6352    i.USBH_ioctl        usbh_diskio.o
    0x08006cdc   0x08006cdc   0x00000044   Code   RO         6353    i.USBH_read         usbh_diskio.o
    0x08006d20   0x08006d20   0x00000018   Code   RO         6354    i.USBH_status       usbh_diskio.o
    0x08006d38   0x08006d38   0x0000004c   Code   RO         6355    i.USBH_write        usbh_diskio.o
    0x08006d84   0x08006d84   0x0000005c   Code   RO         1795    i.USB_CoreInit      stm32l4xx_ll_usb.o
    0x08006de0   0x08006de0   0x0000000c   Code   RO         1802    i.USB_DisableGlobalInt  stm32l4xx_ll_usb.o
    0x08006dec   0x08006dec   0x0000002c   Code   RO         1804    i.USB_DriveVbus     stm32l4xx_ll_usb.o
    0x08006e18   0x08006e18   0x0000000c   Code   RO         1811    i.USB_EnableGlobalInt  stm32l4xx_ll_usb.o
    0x08006e24   0x08006e24   0x0000003c   Code   RO         1812    i.USB_FlushRxFifo   stm32l4xx_ll_usb.o
    0x08006e60   0x08006e60   0x00000040   Code   RO         1813    i.USB_FlushTxFifo   stm32l4xx_ll_usb.o
    0x08006ea0   0x08006ea0   0x00000008   Code   RO         1814    i.USB_GetCurrentFrame  stm32l4xx_ll_usb.o
    0x08006ea8   0x08006ea8   0x0000000e   Code   RO         1816    i.USB_GetHostSpeed  stm32l4xx_ll_usb.o
    0x08006eb6   0x08006eb6   0x00000008   Code   RO         1817    i.USB_GetMode       stm32l4xx_ll_usb.o
    0x08006ebe   0x08006ebe   0x000000c4   Code   RO         1818    i.USB_HC_Halt       stm32l4xx_ll_usb.o
    0x08006f82   0x08006f82   0x00000002   PAD
    0x08006f84   0x08006f84   0x000000ee   Code   RO         1819    i.USB_HC_Init       stm32l4xx_ll_usb.o
    0x08007072   0x08007072   0x00000008   Code   RO         1820    i.USB_HC_ReadInterrupt  stm32l4xx_ll_usb.o
    0x0800707a   0x0800707a   0x000000f8   Code   RO         1821    i.USB_HC_StartXfer  stm32l4xx_ll_usb.o
    0x08007172   0x08007172   0x00000002   PAD
    0x08007174   0x08007174   0x0000008c   Code   RO         1822    i.USB_HostInit      stm32l4xx_ll_usb.o
    0x08007200   0x08007200   0x00000036   Code   RO         1823    i.USB_InitFSLSPClkSel  stm32l4xx_ll_usb.o
    0x08007236   0x08007236   0x00000008   Code   RO         1828    i.USB_ReadInterrupts  stm32l4xx_ll_usb.o
    0x0800723e   0x0800723e   0x0000003e   Code   RO         1829    i.USB_ReadPacket    stm32l4xx_ll_usb.o
    0x0800727c   0x0800727c   0x0000005c   Code   RO         1831    i.USB_SetCurrentMode  stm32l4xx_ll_usb.o
    0x080072d8   0x080072d8   0x0000008a   Code   RO         1836    i.USB_StopHost      stm32l4xx_ll_usb.o
    0x08007362   0x08007362   0x00000002   PAD
    0x08007364   0x08007364   0x00000024   Code   RO         1837    i.USB_WritePacket   stm32l4xx_ll_usb.o
    0x08007388   0x08007388   0x00000002   Code   RO          427    i.UsageFault_Handler  stm32l4xx_it.o
    0x0800738a   0x0800738a   0x00000002   PAD
    0x0800738c   0x0800738c   0x00000098   Code   RO          896    i.W25QXX_Init       w25qxx.o
    0x08007424   0x08007424   0x0000002a   Code   RO          897    i.W25QXX_Read       w25qxx.o
    0x0800744e   0x0800744e   0x0000002c   Code   RO          898    i.W25QXX_ReadID     w25qxx.o
    0x0800747a   0x0800747a   0x00000002   PAD
    0x0800747c   0x0800747c   0x0000000c   Code   RO         1568    i.WWDG_IRQHandler   wwdg.o
    0x08007488   0x08007488   0x00000002   Code   RO         8708    i._ZN10c_keyboardD1Ev  uicode.o
    0x0800748a   0x0800748a   0x00000002   PAD
    0x0800748c   0x0800748c   0x0000004c   Code   RO         8582    i._ZN11c_wave_ctrlC1Ev  uicode.o
    0x080074d8   0x080074d8   0x00000002   Code   RO         8717    i._ZN11c_wave_ctrlD1Ev  uicode.o
    0x080074da   0x080074da   0x0000005a   Code   RO         8576    i._ZN13c_wave_bufferC1Ev  uicode.o
    0x08007534   0x08007534   0x00000010   Code   RO         8711    i._ZN17c_keyboard_buttonC1Ev  uicode.o
    0x08007544   0x08007544   0x00000002   Code   RO         8714    i._ZN17c_keyboard_buttonD1Ev  uicode.o
    0x08007546   0x08007546   0x00000002   PAD
    0x08007548   0x08007548   0x00000038   Code   RO         8556    i._ZN5c_wndC1Ev     uicode.o
    0x08007580   0x08007580   0x00000002   Code   RO         8727    i._ZN6c_myUID1Ev    uicode.o
    0x08007582   0x08007582   0x0000000e   Code   RO         8612    i._ZN6c_rectC1Ev    uicode.o
    0x08007590   0x08007590   0x00000010   Code   RO         8695    i._ZN8c_buttonC1Ev  uicode.o
    0x080075a0   0x080075a0   0x00000002   Code   RO         8698    i._ZN8c_buttonD1Ev  uicode.o
    0x080075a2   0x080075a2   0x00000002   PAD
    0x080075a4   0x080075a4   0x00000020   Code   RO        12097    i.__0printf         mc_w.l(printfa.o)
    0x080075c4   0x080075c4   0x00000030   Code   RO        12098    i.__0snprintf       mc_w.l(printfa.o)
    0x080075f4   0x080075f4   0x00000028   Code   RO        12099    i.__0sprintf        mc_w.l(printfa.o)
    0x0800761c   0x0800761c   0x0000002c   Code   RO        12102    i.__0vsnprintf      mc_w.l(printfa.o)
    0x08007648   0x08007648   0x00000024   Code   RO        12103    i.__0vsprintf       mc_w.l(printfa.o)
    0x0800766c   0x0800766c   0x00000020   Code   RO         3870    i.__NVIC_SetPriority  stm32l4xx_hal_cortex.o
    0x0800768c   0x0800768c   0x00000008   Code   RO        12244    i.__aeabi_errno_addr  mc_w.l(errno.o)
    0x08007694   0x08007694   0x0000005c   Code   RO        12129    i.__free$realloc    mc_w.l(mallocr.o)
    0x080076f0   0x080076f0   0x00000050   Code   RO        12130    i.__malloc$realloc  mc_w.l(mallocr.o)
    0x08007740   0x08007740   0x0000000e   Code   RO        12370    i.__scatterload_copy  mc_w.l(handlers.o)
    0x0800774e   0x0800774e   0x00000002   Code   RO        12371    i.__scatterload_null  mc_w.l(handlers.o)
    0x08007750   0x08007750   0x0000000e   Code   RO        12372    i.__scatterload_zeroinit  mc_w.l(handlers.o)
    0x0800775e   0x0800775e   0x00000002   PAD
    0x08007760   0x08007760   0x00000394   Code   RO         8286    i.__sti___10_UIcode_cpp_396ac66f  uicode.o
    0x08007af4   0x08007af4   0x0000018a   Code   RO        12104    i._fp_digits        mc_w.l(printfa.o)
    0x08007c7e   0x08007c7e   0x00000002   PAD
    0x08007c80   0x08007c80   0x000006e2   Code   RO        12105    i._printf_core      mc_w.l(printfa.o)
    0x08008362   0x08008362   0x00000024   Code   RO        12106    i._printf_post_padding  mc_w.l(printfa.o)
    0x08008386   0x08008386   0x0000002e   Code   RO        12107    i._printf_pre_padding  mc_w.l(printfa.o)
    0x080083b4   0x080083b4   0x00000016   Code   RO        12108    i._snputc           mc_w.l(printfa.o)
    0x080083ca   0x080083ca   0x0000000a   Code   RO        12109    i._sputc            mc_w.l(printfa.o)
    0x080083d4   0x080083d4   0x000001fa   Code   RO         9203    i.aai_write         sfud.o
    0x080085ce   0x080085ce   0x00000026   Code   RO         9519    i.align_write       ef_env.o
    0x080085f4   0x080085f4   0x000000c8   Code   RO         9520    i.alloc_env         ef_env.o
    0x080086bc   0x080086bc   0x0000002c   Code   RO         9521    i.alloc_env_cb      ef_env.o
    0x080086e8   0x080086e8   0x00000028   Code   RO        10427    i.cJSON_Version     cjson.o
    0x08008710   0x08008710   0x0000009c   Code   RO         9522    i.check_and_recovery_env_cb  ef_env.o
    0x080087ac   0x080087ac   0x00000020   Code   RO         9523    i.check_and_recovery_gc_cb  ef_env.o
    0x080087cc   0x080087cc   0x00000074   Code   RO         6799    i.check_fs          ff.o
    0x08008840   0x08008840   0x0000002c   Code   RO         9524    i.check_sec_hdr_cb  ef_env.o
    0x0800886c   0x0800886c   0x00000010   Code   RO         6800    i.chk_chr           ff.o
    0x0800887c   0x0800887c   0x00000070   Code   RO         6801    i.chk_lock          ff.o
    0x080088ec   0x080088ec   0x00000028   Code   RO        11167    i.cjson_main        cjson_test.o
    0x08008914   0x08008914   0x0000000a   Code   RO         1083    i.clean_log         user_cmd.o
    0x0800891e   0x0800891e   0x00000002   PAD
    0x08008920   0x08008920   0x00000024   Code   RO         6802    i.clear_lock        ff.o
    0x08008944   0x08008944   0x00000028   Code   RO         6803    i.clmt_clust        ff.o
    0x0800896c   0x0800896c   0x00000018   Code   RO         6804    i.clust2sect        ff.o
    0x08008984   0x08008984   0x000000ba   Code   RO         6805    i.create_chain      ff.o
    0x08008a3e   0x08008a3e   0x00000002   PAD
    0x08008a40   0x08008a40   0x000001d4   Code   RO         9525    i.create_env_blob   ef_env.o
    0x08008c14   0x08008c14   0x000000e2   Code   RO         6806    i.create_name       ff.o
    0x08008cf6   0x08008cf6   0x00000002   PAD
    0x08008cf8   0x08008cf8   0x00000030   Code   RO         6807    i.dec_lock          ff.o
    0x08008d28   0x08008d28   0x000000f0   Code   RO         9526    i.del_env           ef_env.o
    0x08008e18   0x08008e18   0x00000014   Code   RO          825    i.delay_init        delay.o
    0x08008e2c   0x08008e2c   0x0000001a   Code   RO          826    i.delay_ms          delay.o
    0x08008e46   0x08008e46   0x00000002   PAD
    0x08008e48   0x08008e48   0x00000034   Code   RO          827    i.delay_us          delay.o
    0x08008e7c   0x08008e7c   0x0000004a   Code   RO         6808    i.dir_alloc         ff.o
    0x08008ec6   0x08008ec6   0x00000058   Code   RO         6809    i.dir_find          ff.o
    0x08008f1e   0x08008f1e   0x00000126   Code   RO         6810    i.dir_next          ff.o
    0x08009044   0x08009044   0x0000003c   Code   RO         6812    i.dir_register      ff.o
    0x08009080   0x08009080   0x000000a4   Code   RO         6814    i.dir_sdi           ff.o
    0x08009124   0x08009124   0x0000002c   Code   RO         6744    i.disk_initialize   diskio.o
    0x08009150   0x08009150   0x0000001c   Code   RO         6745    i.disk_ioctl        diskio.o
    0x0800916c   0x0800916c   0x00000020   Code   RO         6746    i.disk_read         diskio.o
    0x0800918c   0x0800918c   0x00000018   Code   RO         6747    i.disk_status       diskio.o
    0x080091a4   0x080091a4   0x00000020   Code   RO         6748    i.disk_write        diskio.o
    0x080091c4   0x080091c4   0x000000f0   Code   RO         9527    i.do_gc             ef_env.o
    0x080092b4   0x080092b4   0x00000020   Code   RO        11411    i.eMBEnable         mb.o
    0x080092d4   0x080092d4   0x00000072   Code   RO        11463    i.eMBFuncReadCoils  mbfunccoils.o
    0x08009346   0x08009346   0x00000072   Code   RO        11223    i.eMBFuncReadDiscreteInputs  mbfuncdisc.o
    0x080093b8   0x080093b8   0x00000064   Code   RO        11235    i.eMBFuncReadHoldingRegister  mbfuncholding.o
    0x0800941c   0x0800941c   0x00000062   Code   RO        11265    i.eMBFuncReadInputRegister  mbfuncinput.o
    0x0800947e   0x0800947e   0x0000009c   Code   RO        11236    i.eMBFuncReadWriteMultipleHoldingRegister  mbfuncholding.o
    0x0800951a   0x0800951a   0x00000002   PAD
    0x0800951c   0x0800951c   0x00000024   Code   RO        11277    i.eMBFuncReportSlaveID  mbfuncother.o
    0x08009540   0x08009540   0x00000056   Code   RO        11464    i.eMBFuncWriteCoil  mbfunccoils.o
    0x08009596   0x08009596   0x00000032   Code   RO        11237    i.eMBFuncWriteHoldingRegister  mbfuncholding.o
    0x080095c8   0x080095c8   0x00000064   Code   RO        11465    i.eMBFuncWriteMultipleCoils  mbfunccoils.o
    0x0800962c   0x0800962c   0x0000004e   Code   RO        11238    i.eMBFuncWriteMultipleHoldingRegister  mbfuncholding.o
    0x0800967a   0x0800967a   0x00000002   PAD
    0x0800967c   0x0800967c   0x00000080   Code   RO        11412    i.eMBInit           mb.o
    0x080096fc   0x080096fc   0x000000b0   Code   RO        11413    i.eMBPoll           mb.o
    0x080097ac   0x080097ac   0x0000004c   Code   RO        11339    i.eMBRTUInit        mbrtu.o
    0x080097f8   0x080097f8   0x00000058   Code   RO        11340    i.eMBRTUReceive     mbrtu.o
    0x08009850   0x08009850   0x0000006c   Code   RO        11341    i.eMBRTUSend        mbrtu.o
    0x080098bc   0x080098bc   0x00000024   Code   RO        11342    i.eMBRTUStart       mbrtu.o
    0x080098e0   0x080098e0   0x0000001a   Code   RO        11343    i.eMBRTUStop        mbrtu.o
    0x080098fa   0x080098fa   0x00000002   PAD
    0x080098fc   0x080098fc   0x000000a0   Code   RO        11658    i.eMBRegCoilsCB     user_mb_app.o
    0x0800999c   0x0800999c   0x00000074   Code   RO        11659    i.eMBRegDiscreteCB  user_mb_app.o
    0x08009a10   0x08009a10   0x00000070   Code   RO        11660    i.eMBRegHoldingCB   user_mb_app.o
    0x08009a80   0x08009a80   0x00000048   Code   RO        11661    i.eMBRegInputCB     user_mb_app.o
    0x08009ac8   0x08009ac8   0x000000a8   Code   RO         9505    i.easyflash_init    easyflash.o
    0x08009b70   0x08009b70   0x0000005c   Code   RO           15    i.easyflash_user_init  main.o
    0x08009bcc   0x08009bcc   0x00000024   Code   RO         9899    i.ef_calc_crc32     ef_utils.o
    0x08009bf0   0x08009bf0   0x000000f4   Code   RO         9530    i.ef_env_init       ef_env.o
    0x08009ce4   0x08009ce4   0x00000110   Code   RO         9531    i.ef_env_set_default  ef_env.o
    0x08009df4   0x08009df4   0x00000070   Code   RO         9532    i.ef_get_env        ef_env.o
    0x08009e64   0x08009e64   0x0000007c   Code   RO         9533    i.ef_get_env_blob   ef_env.o
    0x08009ee0   0x08009ee0   0x0000001a   Code   RO         9535    i.ef_is_str         ef_env.o
    0x08009efa   0x08009efa   0x00000002   PAD
    0x08009efc   0x08009efc   0x000000bc   Code   RO         9536    i.ef_load_env       ef_env.o
    0x08009fb8   0x08009fb8   0x00000050   Code   RO         9822    i.ef_log_clean      ef_log.o
    0x0800a008   0x0800a008   0x00000050   Code   RO         9432    i.ef_log_debug      ef_port.o
    0x0800a058   0x0800a058   0x00000030   Code   RO         9823    i.ef_log_get_used_size  ef_log.o
    0x0800a088   0x0800a088   0x00000040   Code   RO         9433    i.ef_log_info       ef_port.o
    0x0800a0c8   0x0800a0c8   0x00000020   Code   RO         9824    i.ef_log_init       ef_log.o
    0x0800a0e8   0x0800a0e8   0x0000019c   Code   RO         9825    i.ef_log_read       ef_log.o
    0x0800a284   0x0800a284   0x00000154   Code   RO         9826    i.ef_log_write      ef_log.o
    0x0800a3d8   0x0800a3d8   0x00000004   Code   RO         9434    i.ef_port_env_lock  ef_port.o
    0x0800a3dc   0x0800a3dc   0x00000004   Code   RO         9435    i.ef_port_env_unlock  ef_port.o
    0x0800a3e0   0x0800a3e0   0x00000094   Code   RO         9436    i.ef_port_erase     ef_port.o
    0x0800a474   0x0800a474   0x00000038   Code   RO         9437    i.ef_port_init      ef_port.o
    0x0800a4ac   0x0800a4ac   0x00000020   Code   RO         9438    i.ef_port_read      ef_port.o
    0x0800a4cc   0x0800a4cc   0x00000024   Code   RO         9439    i.ef_port_write     ef_port.o
    0x0800a4f0   0x0800a4f0   0x00000024   Code   RO         9440    i.ef_print          ef_port.o
    0x0800a514   0x0800a514   0x00000004   Code   RO         9539    i.ef_save_env       ef_env.o
    0x0800a518   0x0800a518   0x0000001a   Code   RO         9540    i.ef_set_and_save_env  ef_env.o
    0x0800a532   0x0800a532   0x0000001a   Code   RO         9541    i.ef_set_env        ef_env.o
    0x0800a54c   0x0800a54c   0x00000050   Code   RO         9542    i.ef_set_env_blob   ef_env.o
    0x0800a59c   0x0800a59c   0x0000007c   Code   RO         8174    i.elog_file_config  elog_file.o
    0x0800a618   0x0800a618   0x00000040   Code   RO         8176    i.elog_file_init    elog_file.o
    0x0800a658   0x0800a658   0x00000004   Code   RO         8231    i.elog_file_port_init  elog_file_port.o
    0x0800a65c   0x0800a65c   0x00000002   Code   RO         8232    i.elog_file_port_lock  elog_file_port.o
    0x0800a65e   0x0800a65e   0x00000002   Code   RO         8233    i.elog_file_port_unlock  elog_file_port.o
    0x0800a660   0x0800a660   0x000000d4   Code   RO         8177    i.elog_file_rotate  elog_file.o
    0x0800a734   0x0800a734   0x00000180   Code   RO         8178    i.elog_file_write   elog_file.o
    0x0800a8b4   0x0800a8b4   0x00000148   Code   RO         8059    i.elog_flash_clean  elog_flash.o
    0x0800a9fc   0x0800a9fc   0x000000e0   Code   RO         8060    i.elog_flash_flush  elog_flash.o
    0x0800aadc   0x0800aadc   0x00000018   Code   RO         8061    i.elog_flash_init   elog_flash.o
    0x0800aaf4   0x0800aaf4   0x0000014c   Code   RO         8063    i.elog_flash_output  elog_flash.o
    0x0800ac40   0x0800ac40   0x00000012   Code   RO         8064    i.elog_flash_output_all  elog_flash.o
    0x0800ac52   0x0800ac52   0x00000002   PAD
    0x0800ac54   0x0800ac54   0x000000ac   Code   RO         8065    i.elog_flash_output_recent  elog_flash.o
    0x0800ad00   0x0800ad00   0x00000004   Code   RO         8132    i.elog_flash_port_init  elog_flash_port.o
    0x0800ad04   0x0800ad04   0x00000008   Code   RO         8133    i.elog_flash_port_lock  elog_flash_port.o
    0x0800ad0c   0x0800ad0c   0x00000010   Code   RO         8134    i.elog_flash_port_output  elog_flash_port.o
    0x0800ad1c   0x0800ad1c   0x00000008   Code   RO         8135    i.elog_flash_port_unlock  elog_flash_port.o
    0x0800ad24   0x0800ad24   0x0000010c   Code   RO         8066    i.elog_flash_write  elog_flash.o
    0x0800ae30   0x0800ae30   0x000000ec   Code   RO         7806    i.elog_get_filter_tag_lvl  elog.o
    0x0800af1c   0x0800af1c   0x00000172   Code   RO         7809    i.elog_hexdump      elog.o
    0x0800b08e   0x0800b08e   0x00000002   PAD
    0x0800b090   0x0800b090   0x00000068   Code   RO         7810    i.elog_init         elog.o
    0x0800b0f8   0x0800b0f8   0x000000e8   Code   RO         7962    i.elog_memcpy       elog_utils.o
    0x0800b1e0   0x0800b1e0   0x00000370   Code   RO         7811    i.elog_output       elog.o
    0x0800b550   0x0800b550   0x00000020   Code   RO         7812    i.elog_output_lock  elog.o
    0x0800b570   0x0800b570   0x0000002c   Code   RO         7813    i.elog_output_lock_enabled  elog.o
    0x0800b59c   0x0800b59c   0x00000020   Code   RO         7814    i.elog_output_unlock  elog.o
    0x0800b5bc   0x0800b5bc   0x00000008   Code   RO         7994    i.elog_port_get_p_info  elog_port.o
    0x0800b5c4   0x0800b5c4   0x00000008   Code   RO         7995    i.elog_port_get_t_info  elog_port.o
    0x0800b5cc   0x0800b5cc   0x00000008   Code   RO         7996    i.elog_port_get_time  elog_port.o
    0x0800b5d4   0x0800b5d4   0x00000004   Code   RO         7997    i.elog_port_init    elog_port.o
    0x0800b5d8   0x0800b5d8   0x0000002c   Code   RO         7998    i.elog_port_output  elog_port.o
    0x0800b604   0x0800b604   0x00000008   Code   RO         7999    i.elog_port_output_lock  elog_port.o
    0x0800b60c   0x0800b60c   0x00000008   Code   RO         8000    i.elog_port_output_unlock  elog_port.o
    0x0800b614   0x0800b614   0x000000b0   Code   RO         7818    i.elog_set_filter_lvl  elog.o
    0x0800b6c4   0x0800b6c4   0x000000b8   Code   RO         7821    i.elog_set_fmt      elog.o
    0x0800b77c   0x0800b77c   0x0000000c   Code   RO         7823    i.elog_set_text_color_enabled  elog.o
    0x0800b788   0x0800b788   0x00000088   Code   RO         7824    i.elog_start        elog.o
    0x0800b810   0x0800b810   0x000000f0   Code   RO         7963    i.elog_strcpy       elog_utils.o
    0x0800b900   0x0800b900   0x000000e8   Code   RO           16    i.elog_user_init    main.o
    0x0800b9e8   0x0800b9e8   0x00000020   Code   RO           17    i.elogger_eflash_user_init  main.o
    0x0800ba08   0x0800ba08   0x00000028   Code   RO         6815    i.enq_lock          ff.o
    0x0800ba30   0x0800ba30   0x00000062   Code   RO         9543    i.env_iterator      ef_env.o
    0x0800ba92   0x0800ba92   0x0000002a   Code   RO         6816    i.f_close           ff.o
    0x0800babc   0x0800babc   0x0000028c   Code   RO         6820    i.f_lseek           ff.o
    0x0800bd48   0x0800bd48   0x00000068   Code   RO         6823    i.f_mount           ff.o
    0x0800bdb0   0x0800bdb0   0x00000210   Code   RO         6824    i.f_open            ff.o
    0x0800bfc0   0x0800bfc0   0x0000018e   Code   RO         6829    i.f_read            ff.o
    0x0800c14e   0x0800c14e   0x0000009a   Code   RO         6833    i.f_sync            ff.o
    0x0800c1e8   0x0800c1e8   0x000001ca   Code   RO         6836    i.f_write           ff.o
    0x0800c3b2   0x0800c3b2   0x00000042   Code   RO         9544    i.find_env          ef_env.o
    0x0800c3f4   0x0800c3f4   0x00000036   Code   RO         9545    i.find_env_cb       ef_env.o
    0x0800c42a   0x0800c42a   0x00000002   PAD
    0x0800c42c   0x0800c42c   0x00000020   Code   RO         9546    i.find_env_no_cache  ef_env.o
    0x0800c44c   0x0800c44c   0x00000084   Code   RO         9547    i.find_next_env_addr  ef_env.o
    0x0800c4d0   0x0800c4d0   0x00000080   Code   RO         9827    i.find_sec_using_end_addr  ef_log.o
    0x0800c550   0x0800c550   0x000001e0   Code   RO         9828    i.find_start_and_end_addr  ef_log.o
    0x0800c730   0x0800c730   0x000002dc   Code   RO         6837    i.find_volume       ff.o
    0x0800ca0c   0x0800ca0c   0x00000086   Code   RO         6838    i.follow_path       ff.o
    0x0800ca92   0x0800ca92   0x00000002   PAD
    0x0800ca94   0x0800ca94   0x000000d0   Code   RO         9548    i.format_sector     ef_env.o
    0x0800cb64   0x0800cb64   0x00000018   Code   RO          560    i.fputc             bsp.o
    0x0800cb7c   0x0800cb7c   0x0000000e   Code   RO         9549    i.gc_check_cb       ef_env.o
    0x0800cb8a   0x0800cb8a   0x00000002   PAD
    0x0800cb8c   0x0800cb8c   0x000000a8   Code   RO         9550    i.gc_collect        ef_env.o
    0x0800cc34   0x0800cc34   0x00000078   Code   RO         9551    i.get_env_from_cache  ef_env.o
    0x0800ccac   0x0800ccac   0x000000c4   Code   RO         6839    i.get_fat           ff.o
    0x0800cd70   0x0800cd70   0x00000004   Code   RO         6461    i.get_fattime       fatfs.o
    0x0800cd74   0x0800cd74   0x000000c0   Code   RO         7826    i.get_fmt_enabled   elog.o
    0x0800ce34   0x0800ce34   0x0000004e   Code   RO         6841    i.get_ldnumber      ff.o
    0x0800ce82   0x0800ce82   0x0000004e   Code   RO         9552    i.get_next_env_addr  ef_env.o
    0x0800ced0   0x0800ced0   0x00000020   Code   RO         9829    i.get_next_flash_sec_addr  ef_log.o
    0x0800cef0   0x0800cef0   0x00000034   Code   RO         9553    i.get_next_sector_addr  ef_env.o
    0x0800cf24   0x0800cf24   0x0000002c   Code   RO         9554    i.get_sector_from_cache  ef_env.o
    0x0800cf50   0x0800cf50   0x000000a0   Code   RO         9830    i.get_sector_status  ef_log.o
    0x0800cff0   0x0800cff0   0x00000028   Code   RO         9555    i.get_status        ef_env.o
    0x0800d018   0x0800d018   0x00000288   Code   RO         9204    i.hardware_init     sfud.o
    0x0800d2a0   0x0800d2a0   0x00000094   Code   RO         6842    i.inc_lock          ff.o
    0x0800d334   0x0800d334   0x00000050   Code   RO        12131    i.internal_alloc    mc_w.l(mallocr.o)
    0x0800d384   0x0800d384   0x00000026   Code   RO         6843    i.ld_clust          ff.o
    0x0800d3aa   0x0800d3aa   0x00000016   Code   RO         6844    i.ld_dword          ff.o
    0x0800d3c0   0x0800d3c0   0x0000000a   Code   RO         6845    i.ld_word           ff.o
    0x0800d3ca   0x0800d3ca   0x00000002   PAD
    0x0800d3cc   0x0800d3cc   0x0000001c   Code   RO         8067    i.log_buf_lock      elog_flash.o
    0x0800d3e8   0x0800d3e8   0x0000001c   Code   RO         8068    i.log_buf_unlock    elog_flash.o
    0x0800d404   0x0800d404   0x00000034   Code   RO         9831    i.log_index2addr    ef_log.o
    0x0800d438   0x0800d438   0x00000044   Code   RO         9832    i.log_seq_read      ef_log.o
    0x0800d47c   0x0800d47c   0x00000124   Code   RO           19    i.main              main.o
    0x0800d5a0   0x0800d5a0   0x0000009c   Code   RO         9205    i.make_adress_byte_array  sfud.o
    0x0800d63c   0x0800d63c   0x00000018   Code   RO         6846    i.mem_cmp           ff.o
    0x0800d654   0x0800d654   0x00000012   Code   RO         6847    i.mem_cpy           ff.o
    0x0800d666   0x0800d666   0x0000000c   Code   RO         6848    i.mem_set           ff.o
    0x0800d672   0x0800d672   0x00000002   PAD
    0x0800d674   0x0800d674   0x00000150   Code   RO         9556    i.move_env          ef_env.o
    0x0800d7c4   0x0800d7c4   0x00000034   Code   RO         6849    i.move_window       ff.o
    0x0800d7f8   0x0800d7f8   0x00000064   Code   RO         9557    i.new_env           ef_env.o
    0x0800d85c   0x0800d85c   0x00000222   Code   RO         9206    i.page256_or_1_byte_write  sfud.o
    0x0800da7e   0x0800da7e   0x00000018   Code   RO        11298    i.prveMBError2Exception  mbutils.o
    0x0800da96   0x0800da96   0x00000002   PAD
    0x0800da98   0x0800da98   0x0000000c   Code   RO        11616    i.prvvTIMERExpiredISR  porttimer.o
    0x0800daa4   0x0800daa4   0x0000000c   Code   RO        11552    i.prvvUARTRxISR     portserial.o
    0x0800dab0   0x0800dab0   0x0000000c   Code   RO        11553    i.prvvUARTTxReadyISR  portserial.o
    0x0800dabc   0x0800dabc   0x00000102   Code   RO         6850    i.put_fat           ff.o
    0x0800dbbe   0x0800dbbe   0x00000002   PAD
    0x0800dbc0   0x0800dbc0   0x000000f4   Code   RO         9354    i.qspi_read         sfud_port.o
    0x0800dcb4   0x0800dcb4   0x00000132   Code   RO         9355    i.qspi_send_then_recv  sfud_port.o
    0x0800dde6   0x0800dde6   0x0000000a   Code   RO         1084    i.read_all_log      user_cmd.o
    0x0800ddf0   0x0800ddf0   0x00000170   Code   RO         9559    i.read_env          ef_env.o
    0x0800df60   0x0800df60   0x000000a8   Code   RO         9208    i.read_jedec_id     sfud.o
    0x0800e008   0x0800e008   0x00000044   Code   RO         1085    i.read_recent_log   user_cmd.o
    0x0800e04c   0x0800e04c   0x00000216   Code   RO         9560    i.read_sector_meta_data  ef_env.o
    0x0800e262   0x0800e262   0x00000002   PAD
    0x0800e264   0x0800e264   0x00000024   Code   RO         1086    i.reboot            user_cmd.o
    0x0800e288   0x0800e288   0x0000007e   Code   RO         6854    i.remove_chain      ff.o
    0x0800e306   0x0800e306   0x00000002   PAD
    0x0800e308   0x0800e308   0x00000110   Code   RO         9209    i.reset             sfud.o
    0x0800e418   0x0800e418   0x0000000a   Code   RO         9356    i.retry_delay_100us  sfud_port.o
    0x0800e422   0x0800e422   0x00000002   PAD
    0x0800e424   0x0800e424   0x000001f4   Code   RO         1087    i.sd_read_file      user_cmd.o
    0x0800e618   0x0800e618   0x000001c0   Code   RO         1088    i.sd_write_file     user_cmd.o
    0x0800e7d8   0x0800e7d8   0x00000056   Code   RO         9561    i.sector_iterator   ef_env.o
    0x0800e82e   0x0800e82e   0x00000022   Code   RO         9562    i.sector_statistics_cb  ef_env.o
    0x0800e850   0x0800e850   0x00000114   Code   RO         9210    i.set_4_byte_address_mode  sfud.o
    0x0800e964   0x0800e964   0x00000088   Code   RO         9563    i.set_env           ef_env.o
    0x0800e9ec   0x0800e9ec   0x0000002c   Code   RO         9564    i.set_status        ef_env.o
    0x0800ea18   0x0800ea18   0x000000fc   Code   RO         9211    i.set_write_enabled  sfud.o
    0x0800eb14   0x0800eb14   0x00000134   Code   RO         9212    i.sfud_chip_erase   sfud.o
    0x0800ec48   0x0800ec48   0x000000f0   Code   RO         9213    i.sfud_device_init  sfud.o
    0x0800ed38   0x0800ed38   0x000001e2   Code   RO         9214    i.sfud_erase        sfud.o
    0x0800ef1a   0x0800ef1a   0x00000002   PAD
    0x0800ef1c   0x0800ef1c   0x00000008   Code   RO         9218    i.sfud_get_device_table  sfud.o
    0x0800ef24   0x0800ef24   0x0000008c   Code   RO         9219    i.sfud_init         sfud.o
    0x0800efb0   0x0800efb0   0x00000048   Code   RO         9357    i.sfud_log_debug    sfud_port.o
    0x0800eff8   0x0800eff8   0x0000003c   Code   RO         9358    i.sfud_log_info     sfud_port.o
    0x0800f034   0x0800f034   0x0000015e   Code   RO         9221    i.sfud_read         sfud.o
    0x0800f192   0x0800f192   0x00000002   PAD
    0x0800f194   0x0800f194   0x0000008c   Code   RO         9222    i.sfud_read_status  sfud.o
    0x0800f220   0x0800f220   0x00000044   Code   RO         9359    i.sfud_spi_port_init  sfud_port.o
    0x0800f264   0x0800f264   0x0000002a   Code   RO         9223    i.sfud_write        sfud.o
    0x0800f28e   0x0800f28e   0x00000002   PAD
    0x0800f290   0x0800f290   0x000000dc   Code   RO         9224    i.sfud_write_status  sfud.o
    0x0800f36c   0x0800f36c   0x00000006   Code   RO         9913    i.shellBackspace    shell.o
    0x0800f372   0x0800f372   0x00000030   Code   RO         9914    i.shellCheckPermission  shell.o
    0x0800f3a2   0x0800f3a2   0x00000002   PAD
    0x0800f3a4   0x0800f3a4   0x0000001c   Code   RO         9915    i.shellClear        shell.o
    0x0800f3c0   0x0800f3c0   0x00000030   Code   RO         9916    i.shellClearCommandLine  shell.o
    0x0800f3f0   0x0800f3f0   0x00000014   Code   RO         9917    i.shellCmds         shell.o
    0x0800f404   0x0800f404   0x00000008   Code   RO         9918    i.shellDelete       shell.o
    0x0800f40c   0x0800f40c   0x000000d6   Code   RO         9919    i.shellDeleteByte   shell.o
    0x0800f4e2   0x0800f4e2   0x00000002   PAD
    0x0800f4e4   0x0800f4e4   0x0000001c   Code   RO         9920    i.shellDeleteCommandLine  shell.o
    0x0800f500   0x0800f500   0x00000008   Code   RO         9921    i.shellDown         shell.o
    0x0800f508   0x0800f508   0x00000014   Code   RO         9922    i.shellEnter        shell.o
    0x0800f51c   0x0800f51c   0x00000090   Code   RO         9923    i.shellExec         shell.o
    0x0800f5ac   0x0800f5ac   0x0000003c   Code   RO        10280    i.shellExtParseChar  shell_ext.o
    0x0800f5e8   0x0800f5e8   0x0000010a   Code   RO        10281    i.shellExtParseNumber  shell_ext.o
    0x0800f6f2   0x0800f6f2   0x000000a0   Code   RO        10282    i.shellExtParsePara  shell_ext.o
    0x0800f792   0x0800f792   0x000000c6   Code   RO        10283    i.shellExtRun       shell_ext.o
    0x0800f858   0x0800f858   0x00000004   Code   RO         9924    i.shellGetCommandDesc  shell.o
    0x0800f85c   0x0800f85c   0x00000038   Code   RO         9925    i.shellGetCommandName  shell.o
    0x0800f894   0x0800f894   0x00000028   Code   RO         9926    i.shellGetCurrent   shell.o
    0x0800f8bc   0x0800f8bc   0x0000003e   Code   RO         9927    i.shellGetVarValue  shell.o
    0x0800f8fa   0x0800f8fa   0x00000002   PAD
    0x0800f8fc   0x0800f8fc   0x000000dc   Code   RO         9928    i.shellHandler      shell.o
    0x0800f9d8   0x0800f9d8   0x00000028   Code   RO         9929    i.shellHelp         shell.o
    0x0800fa00   0x0800fa00   0x00000098   Code   RO         9930    i.shellHistory      shell.o
    0x0800fa98   0x0800fa98   0x00000068   Code   RO         9931    i.shellHistoryAdd   shell.o
    0x0800fb00   0x0800fb00   0x000000b0   Code   RO         9932    i.shellInit         shell.o
    0x0800fbb0   0x0800fbb0   0x000000dc   Code   RO         9933    i.shellInsertByte   shell.o
    0x0800fc8c   0x0800fc8c   0x00000014   Code   RO         9934    i.shellKeys         shell.o
    0x0800fca0   0x0800fca0   0x00000020   Code   RO         9935    i.shellLeft         shell.o
    0x0800fcc0   0x0800fcc0   0x0000004c   Code   RO         9937    i.shellListCommand  shell.o
    0x0800fd0c   0x0800fd0c   0x000000f4   Code   RO         9938    i.shellListItem     shell.o
    0x0800fe00   0x0800fe00   0x00000050   Code   RO         9939    i.shellListKey      shell.o
    0x0800fe50   0x0800fe50   0x00000050   Code   RO         9940    i.shellListUser     shell.o
    0x0800fea0   0x0800fea0   0x00000050   Code   RO         9941    i.shellListVar      shell.o
    0x0800fef0   0x0800fef0   0x00000010   Code   RO         9942    i.shellNormalInput  shell.o
    0x0800ff00   0x0800ff00   0x00000078   Code   RO         9943    i.shellParserParam  shell.o
    0x0800ff78   0x0800ff78   0x00000020   Code   RO         9946    i.shellRight        shell.o
    0x0800ff98   0x0800ff98   0x000000b8   Code   RO         9948    i.shellRunCommand   shell.o
    0x08010050   0x08010050   0x0000006e   Code   RO         9949    i.shellSeekCommand  shell.o
    0x080100be   0x080100be   0x00000002   PAD
    0x080100c0   0x080100c0   0x00000060   Code   RO         9950    i.shellSetUser      shell.o
    0x08010120   0x08010120   0x00000058   Code   RO         9951    i.shellSetVar       shell.o
    0x08010178   0x08010178   0x00000070   Code   RO         9952    i.shellSetVarValue  shell.o
    0x080101e8   0x080101e8   0x000000b0   Code   RO         9953    i.shellShowVar      shell.o
    0x08010298   0x08010298   0x00000024   Code   RO         9954    i.shellStringCompare  shell.o
    0x080102bc   0x080102bc   0x00000018   Code   RO         9955    i.shellStringCopy   shell.o
    0x080102d4   0x080102d4   0x00000116   Code   RO         9956    i.shellTab          shell.o
    0x080103ea   0x080103ea   0x00000002   PAD
    0x080103ec   0x080103ec   0x0000004c   Code   RO         9958    i.shellToDec        shell.o
    0x08010438   0x08010438   0x0000002a   Code   RO         9959    i.shellToHex        shell.o
    0x08010462   0x08010462   0x00000006   Code   RO         9960    i.shellUp           shell.o
    0x08010468   0x08010468   0x00000014   Code   RO         9961    i.shellUsers        shell.o
    0x0801047c   0x0801047c   0x00000014   Code   RO         9962    i.shellVars         shell.o
    0x08010490   0x08010490   0x00000058   Code   RO         9963    i.shellWriteCommandHelp  shell.o
    0x080104e8   0x080104e8   0x0000005c   Code   RO         9964    i.shellWritePrompt  shell.o
    0x08010544   0x08010544   0x00000080   Code   RO         9965    i.shellWriteReturnValue  shell.o
    0x080105c4   0x080105c4   0x00000024   Code   RO         9966    i.shellWriteString  shell.o
    0x080105e8   0x080105e8   0x00000004   Code   RO         9360    i.spi_lock          sfud_port.o
    0x080105ec   0x080105ec   0x00000004   Code   RO         9361    i.spi_unlock        sfud_port.o
    0x080105f0   0x080105f0   0x000000d0   Code   RO         9362    i.spi_write_read    sfud_port.o
    0x080106c0   0x080106c0   0x00000028   Code   RO         6855    i.st_clust          ff.o
    0x080106e8   0x080106e8   0x00000014   Code   RO         6856    i.st_dword          ff.o
    0x080106fc   0x080106fc   0x0000000a   Code   RO         6857    i.st_word           ff.o
    0x08010706   0x08010706   0x00000002   PAD
    0x08010708   0x08010708   0x0000008c   Code   RO         6858    i.sync_fs           ff.o
    0x08010794   0x08010794   0x00000056   Code   RO         6859    i.sync_window       ff.o
    0x080107ea   0x080107ea   0x00000002   PAD
    0x080107ec   0x080107ec   0x000000c0   Code   RO           21    i.test_elog         main.o
    0x080108ac   0x080108ac   0x0000016c   Code   RO           22    i.test_env          main.o
    0x08010a18   0x08010a18   0x0000023c   Code   RO         1089    i.test_log_file     user_cmd.o
    0x08010c54   0x08010c54   0x000000b0   Code   RO         9565    i.update_env_cache  ef_env.o
    0x08010d04   0x08010d04   0x0000005a   Code   RO         9566    i.update_sec_status  ef_env.o
    0x08010d5e   0x08010d5e   0x00000002   PAD
    0x08010d60   0x08010d60   0x00000060   Code   RO         9567    i.update_sector_cache  ef_env.o
    0x08010dc0   0x08010dc0   0x0000002c   Code   RO        11322    i.usMBCRC16         mbcrc.o
    0x08010dec   0x08010dec   0x00000228   Code   RO         1090    i.usb_read_file     user_cmd.o
    0x08011014   0x08011014   0x000001c0   Code   RO         1091    i.usb_write_file    user_cmd.o
    0x080111d4   0x080111d4   0x00000034   Code   RO        10311    i.userShellInit     shell_port.o
    0x08011208   0x08011208   0x0000001c   Code   RO        10313    i.userShellWrite    shell_port.o
    0x08011224   0x08011224   0x00000080   Code   RO        11555    i.vMBPortSerialEnable  portserial.o
    0x080112a4   0x080112a4   0x0000000c   Code   RO        11617    i.vMBPortTimersDisable  porttimer.o
    0x080112b0   0x080112b0   0x00000014   Code   RO        11618    i.vMBPortTimersEnable  porttimer.o
    0x080112c4   0x080112c4   0x00000038   Code   RO         6860    i.validate          ff.o
    0x080112fc   0x080112fc   0x000000c4   Code   RO         9225    i.wait_busy         sfud.o
    0x080113c0   0x080113c0   0x000000e0   Code   RO         1092    i.write_log         user_cmd.o
    0x080114a0   0x080114a0   0x00000044   Code   RO         9833    i.write_sector_status  ef_log.o
    0x080114e4   0x080114e4   0x000000c0   Code   RO         9568    i.write_status      ef_env.o
    0x080115a4   0x080115a4   0x0000001c   Code   RO        11508    i.xMBPortEventGet   portevent.o
    0x080115c0   0x080115c0   0x00000010   Code   RO        11509    i.xMBPortEventInit  portevent.o
    0x080115d0   0x080115d0   0x00000010   Code   RO        11510    i.xMBPortEventPost  portevent.o
    0x080115e0   0x080115e0   0x00000024   Code   RO        11556    i.xMBPortSerialGetByte  portserial.o
    0x08011604   0x08011604   0x00000034   Code   RO        11557    i.xMBPortSerialInit  portserial.o
    0x08011638   0x08011638   0x00000018   Code   RO        11558    i.xMBPortSerialPutByte  portserial.o
    0x08011650   0x08011650   0x00000048   Code   RO        11619    i.xMBPortTimersInit  porttimer.o
    0x08011698   0x08011698   0x00000068   Code   RO        11344    i.xMBRTUReceiveFSM  mbrtu.o
    0x08011700   0x08011700   0x00000040   Code   RO        11345    i.xMBRTUTimerT35Expired  mbrtu.o
    0x08011740   0x08011740   0x0000005c   Code   RO        11346    i.xMBRTUTransmitFSM  mbrtu.o
    0x0801179c   0x0801179c   0x00000022   Code   RO        11299    i.xMBUtilGetBits    mbutils.o
    0x080117be   0x080117be   0x00000032   Code   RO        11300    i.xMBUtilSetBits    mbutils.o
    0x080117f0   0x080117f0   0x0000007a   Data   RO           24    .constdata          main.o
    0x0801186a   0x0801186a   0x0000000c   Data   RO          908    .constdata          w25qxx.o
    0x08011876   0x08011876   0x00000007   Data   RO         1093    .constdata          user_cmd.o
    0x0801187d   0x0801187d   0x00000007   Data   RO         1094    .constdata          user_cmd.o
    0x08011884   0x08011884   0x0000000a   Data   RO         1095    .constdata          user_cmd.o
    0x0801188e   0x0801188e   0x0000000a   Data   RO         1096    .constdata          user_cmd.o
    0x08011898   0x08011898   0x00000010   Data   RO         1097    .constdata          user_cmd.o
    0x080118a8   0x080118a8   0x00000010   Data   RO         1098    .constdata          user_cmd.o
    0x080118b8   0x080118b8   0x0000000d   Data   RO         1099    .constdata          user_cmd.o
    0x080118c5   0x080118c5   0x0000000d   Data   RO         1100    .constdata          user_cmd.o
    0x080118d2   0x080118d2   0x0000000a   Data   RO         1101    .constdata          user_cmd.o
    0x080118dc   0x080118dc   0x0000000a   Data   RO         1102    .constdata          user_cmd.o
    0x080118e6   0x080118e6   0x0000000e   Data   RO         1103    .constdata          user_cmd.o
    0x080118f4   0x080118f4   0x0000000e   Data   RO         1104    .constdata          user_cmd.o
    0x08011902   0x08011902   0x0000000d   Data   RO         1105    .constdata          user_cmd.o
    0x0801190f   0x0801190f   0x0000000d   Data   RO         1106    .constdata          user_cmd.o
    0x0801191c   0x0801191c   0x0000000f   Data   RO         1107    .constdata          user_cmd.o
    0x0801192b   0x0801192b   0x0000000f   Data   RO         1108    .constdata          user_cmd.o
    0x0801193a   0x0801193a   0x0000000e   Data   RO         1109    .constdata          user_cmd.o
    0x08011948   0x08011948   0x0000000e   Data   RO         1110    .constdata          user_cmd.o
    0x08011956   0x08011956   0x0000000e   Data   RO         1111    .constdata          user_cmd.o
    0x08011964   0x08011964   0x0000000e   Data   RO         1112    .constdata          user_cmd.o
    0x08011972   0x08011972   0x00000050   Data   RO         1113    .constdata          user_cmd.o
    0x080119c2   0x080119c2   0x00000002   PAD
    0x080119c4   0x080119c4   0x00000040   Data   RO         6315    .constdata          system_stm32l4xx.o
    0x08011a04   0x08011a04   0x00000008   Data   RO         6316    .constdata          system_stm32l4xx.o
    0x08011a0c   0x08011a0c   0x00000014   Data   RO         6356    .constdata          usbh_diskio.o
    0x08011a20   0x08011a20   0x00000014   Data   RO         6411    .constdata          sd_diskio.o
    0x08011a34   0x08011a34   0x0000009c   Data   RO         6862    .constdata          ff.o
    0x08011ad0   0x08011ad0   0x000000c6   Data   RO         7828    .constdata          elog.o
    0x08011b96   0x08011b96   0x00000023   Data   RO         7964    .constdata          elog_utils.o
    0x08011bb9   0x08011bb9   0x0000005e   Data   RO         8071    .constdata          elog_flash.o
    0x08011c17   0x08011c17   0x00000021   Data   RO         8180    .constdata          elog_file.o
    0x08011c38   0x08011c38   0x00000416   Data   RO         9227    .constdata          sfud.o
    0x0801204e   0x0801204e   0x0000000f   Data   RO         9364    .constdata          sfud_port.o
    0x0801205d   0x0801205d   0x00000003   PAD
    0x08012060   0x08012060   0x00000056   Data   RO         9442    .constdata          ef_port.o
    0x080120b6   0x080120b6   0x00000077   Data   RO         9570    .constdata          ef_env.o
    0x0801212d   0x0801212d   0x00000019   Data   RO         9836    .constdata          ef_log.o
    0x08012146   0x08012146   0x00000002   PAD
    0x08012148   0x08012148   0x00000400   Data   RO         9900    .constdata          ef_utils.o
    0x08012548   0x08012548   0x00000016   Data   RO         9968    .constdata          shell.o
    0x0801255e   0x0801255e   0x00000001   Data   RO         9969    .constdata          shell.o
    0x0801255f   0x0801255f   0x0000000d   Data   RO         9970    .constdata          shell.o
    0x0801256c   0x0801256c   0x00000007   Data   RO         9971    .constdata          shell.o
    0x08012573   0x08012573   0x00000008   Data   RO         9972    .constdata          shell.o
    0x0801257b   0x0801257b   0x00000003   Data   RO         9973    .constdata          shell.o
    0x0801257e   0x0801257e   0x00000005   Data   RO         9974    .constdata          shell.o
    0x08012583   0x08012583   0x00000006   Data   RO         9975    .constdata          shell.o
    0x08012589   0x08012589   0x00000005   Data   RO         9976    .constdata          shell.o
    0x0801258e   0x0801258e   0x00000004   Data   RO         9977    .constdata          shell.o
    0x08012592   0x08012592   0x0000000a   Data   RO         9978    .constdata          shell.o
    0x0801259c   0x0801259c   0x0000000a   Data   RO         9979    .constdata          shell.o
    0x080125a6   0x080125a6   0x00000007   Data   RO         9980    .constdata          shell.o
    0x080125ad   0x080125ad   0x00000006   Data   RO         9981    .constdata          shell.o
    0x080125b3   0x080125b3   0x00000006   Data   RO         9982    .constdata          shell.o
    0x080125b9   0x080125b9   0x00000005   Data   RO         9983    .constdata          shell.o
    0x080125be   0x080125be   0x0000001e   Data   RO         9984    .constdata          shell.o
    0x080125dc   0x080125dc   0x00000006   Data   RO         9985    .constdata          shell.o
    0x080125e2   0x080125e2   0x0000000e   Data   RO         9986    .constdata          shell.o
    0x080125f0   0x080125f0   0x00000005   Data   RO         9987    .constdata          shell.o
    0x080125f5   0x080125f5   0x0000000d   Data   RO         9988    .constdata          shell.o
    0x08012602   0x08012602   0x00000005   Data   RO         9989    .constdata          shell.o
    0x08012607   0x08012607   0x0000000d   Data   RO         9990    .constdata          shell.o
    0x08012614   0x08012614   0x00000005   Data   RO         9991    .constdata          shell.o
    0x08012619   0x08012619   0x0000000d   Data   RO         9992    .constdata          shell.o
    0x08012626   0x08012626   0x00000006   Data   RO         9993    .constdata          shell.o
    0x0801262c   0x0801262c   0x0000000e   Data   RO         9994    .constdata          shell.o
    0x0801263a   0x0801263a   0x00000200   Data   RO        11323    .constdata          mbcrc.o
    0x0801283a   0x0801283a   0x00000081   Data   RO        12310    .constdata          mc_w.l(ctype_o.o)
    0x080128bb   0x080128bb   0x00000001   PAD
    0x080128bc   0x080128bc   0x00000004   Data   RO        12311    .constdata          mc_w.l(ctype_o.o)
    0x080128c0   0x080128c0   0x00000038   Data   RO         8743    .constdata__ZTV10c_keyboard  uicode.o
    0x080128f8   0x080128f8   0x00000034   Data   RO         8747    .constdata__ZTV11c_wave_ctrl  uicode.o
    0x0801292c   0x0801292c   0x00000010   Data   RO         8737    .constdata__ZTV17c_bitmap_operator  uicode.o
    0x0801293c   0x0801293c   0x00000034   Data   RO         8745    .constdata__ZTV17c_keyboard_button  uicode.o
    0x08012970   0x08012970   0x0000001c   Data   RO         8735    .constdata__ZTV17c_lattice_font_op  uicode.o
    0x0801298c   0x0801298c   0x00000034   Data   RO         8739    .constdata__ZTV5c_wnd  uicode.o
    0x080129c0   0x080129c0   0x00000034   Data   RO         8749    .constdata__ZTV6c_myUI  uicode.o
    0x080129f4   0x080129f4   0x00000034   Data   RO         8741    .constdata__ZTV8c_button  uicode.o
    0x08012a28   0x08012a28   0x000000d8   Data   RO           25    .conststring        main.o
    0x08012b00   0x08012b00   0x00000004   Data   RO         7620    .conststring        usbh_msc.o
    0x08012b04   0x08012b04   0x00000047   Data   RO         7829    .conststring        elog.o
    0x08012b4b   0x08012b4b   0x00000001   PAD
    0x08012b4c   0x08012b4c   0x00000042   Data   RO         8072    .conststring        elog_flash.o
    0x08012b8e   0x08012b8e   0x00000002   PAD
    0x08012b90   0x08012b90   0x00000008   Data   RO         8315    .conststring        uicode.o
    0x08012b98   0x08012b98   0x00000255   Data   RO         9228    .conststring        sfud.o
    0x08012ded   0x08012ded   0x00000003   PAD
    0x08012df0   0x08012df0   0x00000067   Data   RO         9443    .conststring        ef_port.o
    0x08012e57   0x08012e57   0x00000001   PAD
    0x08012e58   0x08012e58   0x00000049   Data   RO         9506    .conststring        easyflash.o
    0x08012ea1   0x08012ea1   0x00000003   PAD
    0x08012ea4   0x08012ea4   0x0000012f   Data   RO         9571    .conststring        ef_env.o
    0x08012fd3   0x08012fd3   0x00000001   PAD
    0x08012fd4   0x08012fd4   0x00000054   Data   RO         9837    .conststring        ef_log.o
    0x08013028   0x08013028   0x000002a1   Data   RO         9995    .conststring        shell.o
    0x080132c9   0x080132c9   0x00000003   PAD
    0x080132cc   0x080132cc   0x00000020   Data   RO        12368    Region$$Table       anon$$obj.o
    0x080132ec   0x080132ec   0x000000a0   Data   RO         1114    shellCommand        user_cmd.o
    0x0801338c   0x0801338c   0x00000120   Data   RO         9997    shellCommand        shell.o
    0x080134ac   0x080134ac   0x00000004   Data   RO         8318    .init_array         uicode.o
    0x080134b0   0x080134ac   0x00000000   Data   RO        12164    .init_array         mc_w.l(cpp_init.o)


    Execution Region RW_IRAM1 (Exec base: 0x20000000, Load base: 0x080134b0, Size: 0x00006ef0, Max: 0x00018000, ABSOLUTE, COMPRESSED[0x000002e4])

    Exec Addr    Load Addr    Size         Type   Attr      Idx    E Section Name        Object

    0x20000000   COMPRESSED   0x00000004   Data   RW          828    .data               delay.o
    0x20000004   COMPRESSED   0x00000002   Data   RW          909    .data               w25qxx.o
    0x20000006   COMPRESSED   0x00000001   Data   RW         1202    .data               sd_card.o
    0x20000007   COMPRESSED   0x00000001   PAD
    0x20000008   COMPRESSED   0x0000000c   Data   RW         2126    .data               stm32l4xx_hal.o
    0x20000014   COMPRESSED   0x00000004   Data   RW         6317    .data               system_stm32l4xx.o
    0x20000018   COMPRESSED   0x0000000a   Data   RW         6466    .data               fatfs.o
    0x20000022   COMPRESSED   0x00000001   Data   RW         6504    .data               usb_host.o
    0x20000023   COMPRESSED   0x00000001   PAD
    0x20000024   COMPRESSED   0x0000000c   Data   RW         6863    .data               ff.o
    0x20000030   COMPRESSED   0x00000020   Data   RW         7621    .data               usbh_msc.o
    0x20000050   COMPRESSED   0x00000034   Data   RW         7830    .data               elog.o
    0x20000084   COMPRESSED   0x00000008   Data   RW         8073    .data               elog_flash.o
    0x2000008c   COMPRESSED   0x00000008   Data   RW         8181    .data               elog_file.o
    0x20000094   COMPRESSED   0x00000524   Data   RW         8316    .data               uicode.o
    0x200005b8   COMPRESSED   0x00000050   Data   RW         9229    .data               sfud.o
    0x20000608   COMPRESSED   0x0000000c   Data   RW         9365    .data               sfud_port.o
    0x20000614   COMPRESSED   0x00000001   Data   RW         9507    .data               easyflash.o
    0x20000615   COMPRESSED   0x00000003   PAD
    0x20000618   COMPRESSED   0x00000010   Data   RW         9572    .data               ef_env.o
    0x20000628   COMPRESSED   0x00000010   Data   RW         9838    .data               ef_log.o
    0x20000638   COMPRESSED   0x00000054   Data   RW         9996    .data               shell.o
    0x2000068c   COMPRESSED   0x00000001   Data   RW        10315    .data               shell_port.o
    0x2000068d   COMPRESSED   0x00000001   PAD
    0x2000068e   COMPRESSED   0x00000002   Data   RW        11280    .data               mbfuncother.o
    0x20000690   COMPRESSED   0x0000000c   Data   RW        11348    .data               mbrtu.o
    0x2000069c   COMPRESSED   0x000000ac   Data   RW        11415    .data               mb.o
    0x20000748   COMPRESSED   0x00000002   Data   RW        11511    .data               portevent.o
    0x2000074a   COMPRESSED   0x00000001   Data   RW        11559    .data               portserial.o
    0x2000074b   COMPRESSED   0x00000001   PAD
    0x2000074c   COMPRESSED   0x00000038   Data   RW        11662    .data               user_mb_app.o
    0x20000784   COMPRESSED   0x00000004   Data   RW        12233    .data               mc_w.l(stdout.o)
    0x20000788   COMPRESSED   0x00000004   Data   RW        12242    .data               mc_w.l(mvars.o)
    0x2000078c   COMPRESSED   0x00000004   Data   RW        12243    .data               mc_w.l(mvars.o)
    0x20000790   COMPRESSED   0x00000004   Data   RW        12247    .data               mc_w.l(errno.o)
    0x20000794   COMPRESSED   0x00000004   Data   RW        12261    .data               mc_w.l(cpp_dtor.o)
    0x20000798        -       0x00000017   Zero   RW           23    .bss                main.o
    0x200007af   COMPRESSED   0x00000001   PAD
    0x200007b0        -       0x00000108   Zero   RW          561    .bss                bsp.o
    0x200008b8        -       0x00000480   Zero   RW          678    .bss                lcd.o
    0x20000d38        -       0x00000044   Zero   RW         1004    .bss                qspi.o
    0x20000d7c        -       0x000000c8   Zero   RW         1312    .bss                spi.o
    0x20000e44        -       0x0000004c   Zero   RW         1374    .bss                timer.o
    0x20000e90        -       0x00000014   Zero   RW         1570    .bss                wwdg.o
    0x20000ea4        -       0x00000230   Zero   RW         6463    .bss                fatfs.o
    0x200010d4        -       0x00000230   Zero   RW         6464    .bss                fatfs.o
    0x20001304        -       0x00000230   Zero   RW         6465    .bss                fatfs.o
    0x20001534        -       0x000003d8   Zero   RW         6503    .bss                usb_host.o
    0x2000190c        -       0x00000304   Zero   RW         6563    .bss                usbh_conf.o
    0x20001c10        -       0x00000020   Zero   RW         6861    .bss                ff.o
    0x20001c30        -       0x00000010   Zero   RW         7164    .bss                ff_gen_drv.o
    0x20001c40        -       0x000004f8   Zero   RW         7827    .bss                elog.o
    0x20002138        -       0x00000400   Zero   RW         8069    .bss                elog_flash.o
    0x20002538        -       0x0000023c   Zero   RW         8179    .bss                elog_file.o
    0x20002774        -       0x00002b78   Zero   RW         8311    .bss                uicode.o
    0x200052ec        -       0x00000105   Zero   RW         9226    .bss                sfud.o
    0x200053f1        -       0x00000100   Zero   RW         9363    .bss                sfud_port.o
    0x200054f1        -       0x00000080   Zero   RW         9441    .bss                ef_port.o
    0x20005571   COMPRESSED   0x00000003   PAD
    0x20005574        -       0x00000174   Zero   RW         9569    .bss                ef_env.o
    0x200056e8        -       0x0000001d   Zero   RW         9967    .bss                shell.o
    0x20005705   COMPRESSED   0x00000003   PAD
    0x20005708        -       0x0000026c   Zero   RW        10314    .bss                shell_port.o
    0x20005974        -       0x0000000f   Zero   RW        10452    .bss                cjson.o
    0x20005983        -       0x00000020   Zero   RW        11279    .bss                mbfuncother.o
    0x200059a3        -       0x00000100   Zero   RW        11347    .bss                mbrtu.o
    0x20005aa3   COMPRESSED   0x00000001   PAD
    0x20005aa4        -       0x0000004c   Zero   RW        11620    .bss                porttimer.o
    0x20005af0        -       0x00001000   Zero   RW            2    HEAP                startup_stm32l475xx.o
    0x20006af0        -       0x00000400   Zero   RW            1    STACK               startup_stm32l475xx.o


==============================================================================

Image component sizes


      Code (inc. data)   RO Data    RW Data    ZI Data      Debug   Object Name

       502         76          0          0        264       7461   bsp.o
        40         18          0          0         15        544   cjson.o
        40         22          0          0          0        513   cjson_test.o
       184          0          0          0          0       1306   common.o
        98          8          0          4          0       1995   delay.o
       160         26          0          0          0       3757   diskio.o
       168         92         73          1          0       1053   easyflash.o
      5862       1650        422         16        372      42772   ef_env.o
      1900        514        109         16          0      11121   ef_log.o
       460        192        189          0        128       6546   ef_port.o
        36          4       1024          0          0       1184   ef_utils.o
      2398        774        269         52       1272      17512   elog.o
       784        270         33          8        572       8437   elog_file.o
         8          0          0          0          0       4839   elog_file_port.o
      1422        688        160          8       1024       7394   elog_flash.o
        36          8          0          0          0       2412   elog_flash_port.o
        88         22          0          0          0       9357   elog_port.o
       472        184         35          0          0       6120   elog_utils.o
       112          8          0          0          0       1673   exti.o
        48         18          0         10       1680       1720   fatfs.o
      6060         84        156         12         32      48128   ff.o
        78          6          0          0         16       1683   ff_gen_drv.o
       870         38          0          0       1152       6201   lcd.o
        72         10          0          0          0        887   led.o
      2376       1130        338          0         23     903450   main.o
       336         40          0        172          0       4975   mb.o
         0          0          0          0          0       3958   mbascii.o
        44          4        512          0          0       1288   mbcrc.o
       300          0          0          0          0       3886   mbfunccoils.o
       114          0          0          0          0       1632   mbfuncdisc.o
       384          0          0          0          0       5331   mbfuncholding.o
        98          0          0          0          0       1627   mbfuncinput.o
        36         10          0          2         32       1459   mbfuncother.o
       594         46          0         12        256       6703   mbrtu.o
       108          0          0          0          0       2746   mbutils.o
         4          0          0          0          0        965   port.o
        60         14          0          2          0       2288   portevent.o
       264         42          0          1          0       4037   portserial.o
       116         26          0          0         76       2394   porttimer.o
       236         28          0          0         68       3077   qspi.o
      1178         32          0          1          0      11230   sd_card.o
       142          0         20          0          0       4040   sd_diskio.o
      4950       2172       1643         80        261      20175   sfud.o
       976        260         15         12        256      11357   sfud_port.o
      4038        240       1203         84         29      40382   shell.o
       684          8          0          0          0       5266   shell_ext.o
        80         24          0          1        620       2034   shell_port.o
       448         58          0          0        200       4905   spi.o
        36          8        392          0       5120        848   startup_stm32l475xx.o
       162         24          0         12          0      14493   stm32l4xx_hal.o
       258         24          0          0          0      35200   stm32l4xx_hal_cortex.o
       152          0          0          0          0       1823   stm32l4xx_hal_dma.o
       592         42          0          0          0       3688   stm32l4xx_hal_gpio.o
      2126          0          0          0          0      12743   stm32l4xx_hal_hcd.o
       416         36          0          0          0       2556   stm32l4xx_hal_msp.o
       136         24          0          0          0       1951   stm32l4xx_hal_pwr_ex.o
      1252         10          0          0          0       7861   stm32l4xx_hal_qspi.o
      1968         98          0          0          0       7000   stm32l4xx_hal_rcc.o
      1506         44          0          0          0       4100   stm32l4xx_hal_rcc_ex.o
      1724         10          0          0          0       8068   stm32l4xx_hal_spi.o
       862         60          0          0          0       7616   stm32l4xx_hal_tim.o
       162         26          0          0          0       3140   stm32l4xx_hal_tim_ex.o
      2954         84          0          0          0      15682   stm32l4xx_hal_uart.o
         2          0          0          0          0       1040   stm32l4xx_hal_uart_ex.o
        40          0          0          0          0       1609   stm32l4xx_hal_wwdg.o
        32          6          0          0          0       4766   stm32l4xx_it.o
      1534         30          0          0          0      16538   stm32l4xx_ll_usb.o
        16          4         72          4          0       1221   system_stm32l4xx.o
        44         10          0          0         76        823   timer.o
      1194        120        372       1316      11128      36547   uicode.o
       104         16          0          1        984       1844   usb_host.o
       616         10          0          0        772      14453   usbh_conf.o
       416          0          0          0          0       9312   usbh_core.o
       542         12          0          0          0       3264   usbh_ctlreq.o
       284         20         20          0          0       4269   usbh_diskio.o
       208          0          0          0          0       4536   usbh_ioreq.o
      1962         10          4         32          0      11549   usbh_msc.o
       764         26          0          0          0       5661   usbh_msc_bot.o
       908          0          0          0          0       6395   usbh_msc_scsi.o
       136          0          0          0          0       4026   usbh_pipes.o
        24          6          0          0          0        586   usbh_platform.o
      2868       1608        492          0          0       9864   user_cmd.o
       460         20          0         56          0       4851   user_mb_app.o
       238         64         12          2          0       2806   w25qxx.o
        44         16          0          0         20       1584   wwdg.o

    ----------------------------------------------------------------------
     66324      11314       7618       1924      26456    1518133   Object Totals
         0          0         32          0          0          0   (incl. Generated)
       118          0         21          7          8          0   (incl. Padding)

    ----------------------------------------------------------------------

      Code (inc. data)   RO Data    RW Data    ZI Data      Debug   Library Member Name

        86          0          0          0          0          0   __dczerorl2.o
        28          0          0          0          0         68   _chval.o
       164          0          0          0          0         92   _strtoul.o
        46          0          0          0          0         84   aeabi_atexit.o
        26          0          0          0          0         80   atol.o
         8          4          0          4          0         68   cpp_dtor.o
         2          0          0          0          0         68   cpp_final.o
        32         10          0          0          0         80   cpp_init.o
         8          4        133          0          0         68   ctype_o.o
        66          0          0          0          0         84   cxa_finalize.o
         0          0          0          0          0          0   entry.o
         0          0          0          0          0          0   entry10a.o
         4          0          0          0          0          0   entry10b.o
         0          0          0          0          0          0   entry11a.o
         8          4          0          0          0          0   entry2.o
         4          0          0          0          0          0   entry5.o
         0          0          0          0          0          0   entry7b.o
         4          0          0          0          0          0   entry8a.o
         0          0          0          0          0          0   entry8b.o
         8          4          0          0          0          0   entry9a.o
         8          4          0          4          0         68   errno.o
        30          0          0          0          0          0   handlers.o
        36          8          0          0          0         68   init.o
         0          0          0          0          0          0   iusefp.o
        30          0          0          0          0         68   llshl.o
        36          0          0          0          0         68   llsshr.o
        32          0          0          0          0         68   llushr.o
       252         24          0          0          0        252   mallocr.o
        36          0          0          0          0         68   memcpya.o
        36          0          0          0          0        108   memseta.o
         0          0          0          8          0          0   mvars.o
      2470        110          0          0          0        916   printfa.o
         0          0          0          4          0          0   stdout.o
        28          0          0          0          0         76   strcmp.o
        14          0          0          0          0         68   strlen.o
        30          0          0          0          0         80   strncmp.o
        24          0          0          0          0         76   strncpy.o
        36          0          0          0          0         80   strstr.o
       112          0          0          0          0         88   strtol.o
        44          0          0          0          0         80   uidiv.o
       104          0          0          0          0         92   uldiv.o
        48          0          0          0          0         68   cdrcmple.o
       350          0          0          0          0        148   dadd.o
       222          0          0          0          0        100   ddiv.o
       186          0          0          0          0        176   depilogue.o
        48          0          0          0          0         68   dfixul.o
       234          0          0          0          0         96   dmul.o

    ----------------------------------------------------------------------
      4948        172        134         20          0       3672   Library Totals
         8          0          1          0          0          0   (incl. Padding)

    ----------------------------------------------------------------------

      Code (inc. data)   RO Data    RW Data    ZI Data      Debug   Library Name

      3852        172        133         20          0       3016   mc_w.l
      1088          0          0          0          0        656   mf_w.l

    ----------------------------------------------------------------------
      4948        172        134         20          0       3672   Library Totals

    ----------------------------------------------------------------------

==============================================================================


      Code (inc. data)   RO Data    RW Data    ZI Data      Debug   

     71272      11486       7752       1944      26456    1463461   Grand Totals
     71272      11486       7752        740      26456    1463461   ELF Image Totals (compressed)
     71272      11486       7752        740          0          0   ROM Totals

==============================================================================

    Total RO  Size (Code + RO Data)                79024 (  77.17kB)
    Total RW  Size (RW Data + ZI Data)             28400 (  27.73kB)
    Total ROM Size (Code + RO Data + RW Data)      79764 (  77.89kB)

==============================================================================

