<html>
<body>
<pre>
<h1>µVision Build Log</h1>
<h2>Tool Versions:</h2>
IDE-Version: ¦ÌVision V5.29.0.0
Copyright (C) 2019 ARM Ltd and ARM Germany GmbH. All rights reserved.
License Information: ww Administrator, ww, LIC=KIVNB-2ILC5-XC1J0-BY5JD-04QUR-QDSX0
 
Tool Versions:
Toolchain:       MDK-ARM Professional  Version: 5.29.0.0
Toolchain Path:  D:\Program Files\Keil_v5\ARM\ARMCC\Bin
C Compiler:      Armcc.exe V5.06 update 6 (build 750)
Assembler:       Armasm.exe V5.06 update 6 (build 750)
Linker/Locator:  ArmLink.exe V5.06 update 6 (build 750)
Library Manager: ArmAr.exe V5.06 update 6 (build 750)
Hex Converter:   FromElf.exe V5.06 update 6 (build 750)
CPU DLL:         SARMCM3.DLL V5.29.0.0
Dialog DLL:      DCM.DLL V1.17.3.0
Target DLL:      STLink\ST-LINKIII-KEIL_SWO.dll V3.0.7.0
Dialog DLL:      TCM.DLL V1.36.5.0
 
<h2>Project:</h2>
F:\work\github\stm32l475-atk-pandora_noos\app\usb\MDK-ARM\usb.uvprojx
Project File Date:  06/17/2022

<h2>Output:</h2>
*** Using Compiler 'V5.06 update 6 (build 750)', folder: 'D:\Program Files\Keil_v5\ARM\ARMCC\Bin'
*** Warning: You are compiling one or more files of source type C++ and have selected 'use MicroLIB'. MicroLIB does not support C++!
  
Build target 'usb'
compiling wifi_task.c...
..\Core\Inc\WIFI_AT_ESP8266\wifi_task.h(57): warning:  #1-D: last line of file ends without a newline
  #endif
..\Core\Src\WIFI_AT_ESP8266\wifi_task.c(22): warning:  #47-D: incompatible redefinition of macro "LOG_TAG"  (declared at line 216 of "..\easylogger\inc\elog.h")
  #define LOG_TAG    "app_wifi_task"
..\Core\Src\WIFI_AT_ESP8266\wifi_task.c(424): warning:  #223-D: function "memset" declared implicitly
      memset(buf, 0, 64);
..\Core\Src\WIFI_AT_ESP8266\wifi_task.c(113): warning:  #177-D: function "wifi_connected_handler"  was declared but never referenced
  static void wifi_connected_handler(char *recvbuf, int size)
..\Core\Src\WIFI_AT_ESP8266\wifi_task.c(184): warning:  #177-D: function "at_init_callbatk"  was declared but never referenced
  static void at_init_callbatk(at_response_t *r)
..\Core\Src\WIFI_AT_ESP8266\wifi_task.c(199): warning:  #177-D: variable "wifi_init_cmds"  was declared but never referenced
  static const char *wifi_init_cmds[] = {
..\Core\Src\WIFI_AT_ESP8266\wifi_task.c(398): warning:  #177-D: variable "at_cmd_ver"  was declared but never referenced
  static const at_cmd_t at_cmd_ver = {
..\Core\Src\WIFI_AT_ESP8266\wifi_task.c: 7 warnings, 0 errors
linking...
Program Size: Code=85404 RO-data=8592 RW-data=1996 ZI-data=30244  
FromELF: creating hex file...
After Build - User command #1: fromelf.exe --bin -o "usb.bin"  "usb\usb.axf"
"usb\usb.axf" - 0 Error(s), 7 Warning(s).

<h2>Software Packages used:</h2>

Package Vendor: ARM
                http://www.keil.com/pack/ARM.CMSIS.5.6.0.pack
                ARM.CMSIS.5.6.0
                CMSIS (Cortex Microcontroller Software Interface Standard)
   * Component: CORE Version: 5.3.0

Package Vendor: Keil
                http://www.keil.com/pack/Keil.STM32L4xx_DFP.2.0.0.pack
                Keil.STM32L4xx_DFP.2.0.0
                STMicroelectronics STM32L4 Series Device Support, Drivers and Examples

<h2>Collection of Component include folders:</h2>
  .\RTE\_usb
  C:\Users\Administrator\AppData\Local\Arm\Packs\ARM\CMSIS\5.6.0\CMSIS\Core\Include
  C:\Users\Administrator\AppData\Local\Arm\Packs\Keil\STM32L4xx_DFP\2.0.0\Drivers\CMSIS\Device\ST\STM32L4xx\Include

<h2>Collection of Component Files used:</h2>

   * Component: ARM::CMSIS:CORE:5.3.0
Build Time Elapsed:  00:00:03
</pre>
</body>
</html>
