Component: ARM Compiler 5.06 update 6 (build 750) Tool: armlink [4d35ed]

==============================================================================

Section Cross References

    startup_stm32l475xx.o(RESET) refers to startup_stm32l475xx.o(STACK) for __initial_sp
    startup_stm32l475xx.o(RESET) refers to startup_stm32l475xx.o(.text) for Reset_Handler
    startup_stm32l475xx.o(RESET) refers to stm32l4xx_it.o(i.NMI_Handler) for NMI_Handler
    startup_stm32l475xx.o(RESET) refers to stm32l4xx_it.o(i.HardFault_Handler) for HardFault_Handler
    startup_stm32l475xx.o(RESET) refers to stm32l4xx_it.o(i.MemManage_Handler) for MemManage_Handler
    startup_stm32l475xx.o(RESET) refers to stm32l4xx_it.o(i.BusFault_Handler) for BusFault_Handler
    startup_stm32l475xx.o(RESET) refers to stm32l4xx_it.o(i.UsageFault_Handler) for UsageFault_Handler
    startup_stm32l475xx.o(RESET) refers to stm32l4xx_it.o(i.SVC_Handler) for SVC_Handler
    startup_stm32l475xx.o(RESET) refers to stm32l4xx_it.o(i.DebugMon_Handler) for DebugMon_Handler
    startup_stm32l475xx.o(RESET) refers to stm32l4xx_it.o(i.PendSV_Handler) for PendSV_Handler
    startup_stm32l475xx.o(RESET) refers to stm32l4xx_it.o(i.SysTick_Handler) for SysTick_Handler
    startup_stm32l475xx.o(RESET) refers to wwdg.o(i.WWDG_IRQHandler) for WWDG_IRQHandler
    startup_stm32l475xx.o(RESET) refers to exti.o(i.EXTI9_5_IRQHandler) for EXTI9_5_IRQHandler
    startup_stm32l475xx.o(RESET) refers to bsp.o(i.TIM3_IRQHandler) for TIM3_IRQHandler
    startup_stm32l475xx.o(RESET) refers to bsp.o(i.TIM4_IRQHandler) for TIM4_IRQHandler
    startup_stm32l475xx.o(RESET) refers to bsp.o(i.USART1_IRQHandler) for USART1_IRQHandler
    startup_stm32l475xx.o(RESET) refers to bsp.o(i.USART3_IRQHandler) for USART3_IRQHandler
    startup_stm32l475xx.o(RESET) refers to exti.o(i.EXTI15_10_IRQHandler) for EXTI15_10_IRQHandler
    startup_stm32l475xx.o(RESET) refers to stm32l4xx_it.o(i.OTG_FS_IRQHandler) for OTG_FS_IRQHandler
    startup_stm32l475xx.o(.text) refers to system_stm32l4xx.o(i.SystemInit) for SystemInit
    startup_stm32l475xx.o(.text) refers to entry.o(.ARM.Collect$$$$00000000) for __main
    main.o(i.FreeModbus_Init) refers to mb.o(i.eMBInit) for eMBInit
    main.o(i.FreeModbus_Init) refers to elog.o(i.elog_output) for elog_output
    main.o(i.FreeModbus_Init) refers to mb.o(i.eMBEnable) for eMBEnable
    main.o(i.FreeModbus_Init) refers to main.o(.constdata) for .constdata
    main.o(i.MSC_Application) refers to memcpya.o(.text) for __aeabi_memcpy4
    main.o(i.MSC_Application) refers to memseta.o(.text) for __aeabi_memclr4
    main.o(i.MSC_Application) refers to elog.o(i.elog_output) for elog_output
    main.o(i.MSC_Application) refers to ff.o(i.f_mount) for f_mount
    main.o(i.MSC_Application) refers to bsp.o(i.Error_Handler) for Error_Handler
    main.o(i.MSC_Application) refers to ff.o(i.f_open) for f_open
    main.o(i.MSC_Application) refers to ff.o(i.f_write) for f_write
    main.o(i.MSC_Application) refers to ff.o(i.f_lseek) for f_lseek
    main.o(i.MSC_Application) refers to ff.o(i.f_read) for f_read
    main.o(i.MSC_Application) refers to ff.o(i.f_close) for f_close
    main.o(i.MSC_Application) refers to fatfs.o(.data) for USBHPath
    main.o(i.MSC_Application) refers to main.o(.constdata) for .constdata
    main.o(i.MSC_Application) refers to fatfs.o(.bss) for USBHFatFS
    main.o(i.MSC_Application) refers to fatfs.o(.bss) for USBHFile
    main.o(i.SD_Mount) refers to memcpya.o(.text) for __aeabi_memcpy4
    main.o(i.SD_Mount) refers to memseta.o(.text) for __aeabi_memclr4
    main.o(i.SD_Mount) refers to elog.o(i.elog_output) for elog_output
    main.o(i.SD_Mount) refers to ff.o(i.f_mount) for f_mount
    main.o(i.SD_Mount) refers to ff.o(i.f_open) for f_open
    main.o(i.SD_Mount) refers to ff.o(i.f_write) for f_write
    main.o(i.SD_Mount) refers to bsp.o(i.Error_Handler) for Error_Handler
    main.o(i.SD_Mount) refers to ff.o(i.f_lseek) for f_lseek
    main.o(i.SD_Mount) refers to ff.o(i.f_read) for f_read
    main.o(i.SD_Mount) refers to ff.o(i.f_close) for f_close
    main.o(i.SD_Mount) refers to printfa.o(i.__0printf) for __2printf
    main.o(i.SD_Mount) refers to fatfs.o(.data) for SDPath
    main.o(i.SD_Mount) refers to main.o(.constdata) for .constdata
    main.o(i.SD_Mount) refers to fatfs.o(.bss) for SDFatFs
    main.o(i.SD_Mount) refers to fatfs.o(.bss) for SDFile
    main.o(i.easyflash_user_init) refers to elog.o(i.elog_output) for elog_output
    main.o(i.easyflash_user_init) refers to main.o(i.test_env) for test_env
    main.o(i.easyflash_user_init) refers to main.o(.constdata) for .constdata
    main.o(i.elog_user_init) refers to elog.o(i.elog_set_text_color_enabled) for elog_set_text_color_enabled
    main.o(i.elog_user_init) refers to elog.o(i.elog_set_fmt) for elog_set_fmt
    main.o(i.elog_user_init) refers to elog_flash.o(i.elog_flash_init) for elog_flash_init
[...]
    0x080015ac   0x080015ac   0x0000001e   Code   RO         2120    i.HAL_Init          stm32l4xx_hal.o
    0x080015ca   0x080015ca   0x00000002   PAD
    0x080015cc   0x080015cc   0x00000044   Code   RO         2121    i.HAL_InitTick      stm32l4xx_hal.o
    0x08001610   0x08001610   0x0000002c   Code   RO          511    i.HAL_MspInit       stm32l4xx_hal_msp.o
    0x0800163c   0x0800163c   0x0000001a   Code   RO         3868    i.HAL_NVIC_EnableIRQ  stm32l4xx_hal_cortex.o
    0x08001656   0x08001656   0x00000002   PAD
    0x08001658   0x08001658   0x00000040   Code   RO         3874    i.HAL_NVIC_SetPriority  stm32l4xx_hal_cortex.o
    0x08001698   0x08001698   0x00000024   Code   RO         3875    i.HAL_NVIC_SetPriorityGrouping  stm32l4xx_hal_cortex.o
    0x080016bc   0x080016bc   0x00000024   Code   RO         3876    i.HAL_NVIC_SystemReset  stm32l4xx_hal_cortex.o
    0x080016e0   0x080016e0   0x00000068   Code   RO         3612    i.HAL_PWREx_ControlVoltageScaling  stm32l4xx_hal_pwr_ex.o
    0x08001748   0x08001748   0x00000010   Code   RO         3638    i.HAL_PWREx_EnableVddUSB  stm32l4xx_hal_pwr_ex.o
    0x08001758   0x08001758   0x00000010   Code   RO         3643    i.HAL_PWREx_GetVoltageRange  stm32l4xx_hal_pwr_ex.o
    0x08001768   0x08001768   0x00000086   Code   RO         5874    i.HAL_QSPI_Abort    stm32l4xx_hal_qspi.o
    0x080017ee   0x080017ee   0x0000008c   Code   RO         5880    i.HAL_QSPI_Command  stm32l4xx_hal_qspi.o
    0x0800187a   0x0800187a   0x00000002   PAD
    0x0800187c   0x0800187c   0x000000a0   Code   RO         5889    i.HAL_QSPI_Init     stm32l4xx_hal_qspi.o
    0x0800191c   0x0800191c   0x00000050   Code   RO         1010    i.HAL_QSPI_MspInit  qspi.o
    0x0800196c   0x0800196c   0x000000ca   Code   RO         5893    i.HAL_QSPI_Receive  stm32l4xx_hal_qspi.o
    0x08001a36   0x08001a36   0x00000002   PAD
    0x08001a38   0x08001a38   0x000000c2   Code   RO         5902    i.HAL_QSPI_Transmit  stm32l4xx_hal_qspi.o
    0x08001afa   0x08001afa   0x00000002   PAD
    0x08001afc   0x08001afc   0x000003ae   Code   RO         2974    i.HAL_RCCEx_PeriphCLKConfig  stm32l4xx_hal_rcc_ex.o
    0x08001eaa   0x08001eaa   0x00000002   PAD
    0x08001eac   0x08001eac   0x00000120   Code   RO         2853    i.HAL_RCC_ClockConfig  stm32l4xx_hal_rcc.o
    0x08001fcc   0x08001fcc   0x00000024   Code   RO         2859    i.HAL_RCC_GetPCLK1Freq  stm32l4xx_hal_rcc.o
    0x08001ff0   0x08001ff0   0x00000024   Code   RO         2860    i.HAL_RCC_GetPCLK2Freq  stm32l4xx_hal_rcc.o
    0x08002014   0x08002014   0x000000a4   Code   RO         2862    i.HAL_RCC_GetSysClockFreq  stm32l4xx_hal_rcc.o
    0x080020b8   0x080020b8   0x00000528   Code   RO         2865    i.HAL_RCC_OscConfig  stm32l4xx_hal_rcc.o
    0x080025e0   0x080025e0   0x000000e0   Code   RO         5558    i.HAL_SPI_Init      stm32l4xx_hal_spi.o
    0x080026c0   0x080026c0   0x000000a0   Code   RO         1315    i.HAL_SPI_MspInit   spi.o
    0x08002760   0x08002760   0x0000018e   Code   RO         5566    i.HAL_SPI_Transmit  stm32l4xx_hal_spi.o
    0x080028ee   0x080028ee   0x00000268   Code   RO         5567    i.HAL_SPI_TransmitReceive  stm32l4xx_hal_spi.o
    0x08002b56   0x08002b56   0x00000018   Code   RO         3877    i.HAL_SYSTICK_CLKSourceConfig  stm32l4xx_hal_cortex.o
    0x08002b6e   0x08002b6e   0x00000028   Code   RO         3879    i.HAL_SYSTICK_Config  stm32l4xx_hal_cortex.o
    0x08002b96   0x08002b96   0x00000002   Code   RO         4786    i.HAL_TIMEx_Break2Callback  stm32l4xx_hal_tim_ex.o
    0x08002b98   0x08002b98   0x00000002   Code   RO         4787    i.HAL_TIMEx_BreakCallback  stm32l4xx_hal_tim_ex.o
    0x08002b9a   0x08002b9a   0x00000002   Code   RO         4788    i.HAL_TIMEx_CommutCallback  stm32l4xx_hal_tim_ex.o
    0x08002b9c   0x08002b9c   0x0000009c   Code   RO         4808    i.HAL_TIMEx_MasterConfigSynchronization  stm32l4xx_hal_tim_ex.o
    0x08002c38   0x08002c38   0x00000062   Code   RO         4072    i.HAL_TIM_Base_Init  stm32l4xx_hal_tim.o
    0x08002c9a   0x08002c9a   0x00000002   PAD
    0x08002c9c   0x08002c9c   0x00000064   Code   RO          513    i.HAL_TIM_Base_MspInit  stm32l4xx_hal_msp.o
    0x08002d00   0x08002d00   0x00000080   Code   RO         4077    i.HAL_TIM_Base_Start_IT  stm32l4xx_hal_tim.o
    0x08002d80   0x08002d80   0x00000030   Code   RO         4080    i.HAL_TIM_Base_Stop_IT  stm32l4xx_hal_tim.o
    0x08002db0   0x08002db0   0x000000e0   Code   RO         4081    i.HAL_TIM_ConfigClockSource  stm32l4xx_hal_tim.o
    0x08002e90   0x08002e90   0x00000002   Code   RO         4106    i.HAL_TIM_IC_CaptureCallback  stm32l4xx_hal_tim.o
    0x08002e92   0x08002e92   0x00000184   Code   RO         4120    i.HAL_TIM_IRQHandler  stm32l4xx_hal_tim.o
    0x08003016   0x08003016   0x00000002   Code   RO         4123    i.HAL_TIM_OC_DelayElapsedCallback  stm32l4xx_hal_tim.o
    0x08003018   0x08003018   0x00000002   Code   RO         4150    i.HAL_TIM_PWM_PulseFinishedCallback  stm32l4xx_hal_tim.o
    0x0800301a   0x0800301a   0x00000002   PAD
    0x0800301c   0x0800301c   0x00000028   Code   RO          560    i.HAL_TIM_PeriodElapsedCallback  bsp.o
    0x08003044   0x08003044   0x00000002   Code   RO         4163    i.HAL_TIM_TriggerCallback  stm32l4xx_hal_tim.o
    0x08003046   0x08003046   0x00000002   Code   RO         5080    i.HAL_UARTEx_RxEventCallback  stm32l4xx_hal_uart.o
    0x08003048   0x08003048   0x00000002   Code   RO         5473    i.HAL_UARTEx_WakeupCallback  stm32l4xx_hal_uart_ex.o
    0x0800304a   0x0800304a   0x00000002   Code   RO         5096    i.HAL_UART_ErrorCallback  stm32l4xx_hal_uart.o
    0x0800304c   0x0800304c   0x00000294   Code   RO         5099    i.HAL_UART_IRQHandler  stm32l4xx_hal_uart.o
    0x080032e0   0x080032e0   0x00000066   Code   RO         5100    i.HAL_UART_Init     stm32l4xx_hal_uart.o
    0x08003346   0x08003346   0x00000002   PAD
    0x08003348   0x08003348   0x00000110   Code   RO          515    i.HAL_UART_MspInit  stm32l4xx_hal_msp.o
    0x08003458   0x08003458   0x000000fe   Code   RO         5103    i.HAL_UART_Receive  stm32l4xx_hal_uart.o
    0x08003556   0x08003556   0x00000002   PAD
    0x08003558   0x08003558   0x00000054   Code   RO         5105    i.HAL_UART_Receive_IT  stm32l4xx_hal_uart.o
    0x080035ac   0x080035ac   0x00000034   Code   RO          561    i.HAL_UART_RxCpltCallback  bsp.o
    0x080035e0   0x080035e0   0x000000b6   Code   RO         5109    i.HAL_UART_Transmit  stm32l4xx_hal_uart.o
    0x08003696   0x08003696   0x00000002   Code   RO          562    i.HAL_UART_TxCpltCallback  bsp.o
    0x08003698   0x08003698   0x00000020   Code   RO         1577    i.HAL_WWDG_EarlyWakeupCallback  wwdg.o
    0x080036b8   0x080036b8   0x0000001e   Code   RO         6277    i.HAL_WWDG_IRQHandler  stm32l4xx_hal_wwdg.o
    0x080036d6   0x080036d6   0x0000000a   Code   RO         6280    i.HAL_WWDG_Refresh  stm32l4xx_hal_wwdg.o
    0x080036e0   0x080036e0   0x000001e6   Code   RO         1648    i.HCD_HC_IN_IRQHandler  stm32l4xx_hal_hcd.o
    0x080038c6   0x080038c6   0x000001ec   Code   RO         1649    i.HCD_HC_OUT_IRQHandler  stm32l4xx_hal_hcd.o
    0x08003ab2   0x08003ab2   0x00000094   Code   RO         1650    i.HCD_Port_IRQHandler  stm32l4xx_hal_hcd.o
    0x08003b46   0x08003b46   0x0000008c   Code   RO         1651    i.HCD_RXQLVL_IRQHandler  stm32l4xx_hal_hcd.o
    0x08003bd2   0x08003bd2   0x00000002   Code   RO          431    i.HardFault_Handler  stm32l4xx_it.o
    0x08003bd4   0x08003bd4   0x00000068   Code   RO         1546    i.KEY_Init          key.o
    0x08003c3c   0x08003c3c   0x00000052   Code   RO          666    i.LCD_Address_Set   lcd.o
    0x08003c8e   0x08003c8e   0x00000002   PAD
    0x08003c90   0x08003c90   0x00000058   Code   RO          667    i.LCD_Clear         lcd.o
    0x08003ce8   0x08003ce8   0x000000a4   Code   RO          677    i.LCD_Gpio_Init     lcd.o
    0x08003d8c   0x08003d8c   0x000001a0   Code   RO          678    i.LCD_Init          lcd.o
    0x08003f2c   0x08003f2c   0x00000040   Code   RO          680    i.LCD_SPI_Send      lcd.o
    0x08003f6c   0x08003f6c   0x0000001c   Code   RO          686    i.LCD_Write_Cmd     lcd.o
    0x08003f88   0x08003f88   0x0000001c   Code   RO          687    i.LCD_Write_Data    lcd.o
    0x08003fa4   0x08003fa4   0x00000048   Code   RO         1411    i.LED_Init          led.o
    0x08003fec   0x08003fec   0x00000320   Code   RO           14    i.MSC_Application   main.o
    0x0800430c   0x0800430c   0x00000018   Code   RO         6731    i.MX_DriverVbusFS   usbh_platform.o
    0x08004324   0x08004324   0x0000002c   Code   RO         6471    i.MX_FATFS_Init     fatfs.o
    0x08004350   0x08004350   0x0000007c   Code   RO          563    i.MX_GPIO_Init      bsp.o
    0x080043cc   0x080043cc   0x00000038   Code   RO          564    i.MX_USART1_UART_Init  bsp.o
    0x08004404   0x08004404   0x00000040   Code   RO         6511    i.MX_USB_HOST_Init  usb_host.o
    0x08004444   0x08004444   0x0000000c   Code   RO         6512    i.MX_USB_HOST_Process  usb_host.o
    0x08004450   0x08004450   0x00000002   Code   RO          432    i.MemManage_Handler  stm32l4xx_it.o
    0x08004452   0x08004452   0x00000002   PAD
    0x08004454   0x08004454   0x00000104   Code   RO        11805    i.MultiButton_callback  example_callback.o
    0x08004558   0x08004558   0x0000000c   Code   RO        11712    i.MultiTimerInstall  multitimer.o
    0x08004564   0x08004564   0x0000006c   Code   RO        11713    i.MultiTimerStart   multitimer.o
    0x080045d0   0x080045d0   0x0000003c   Code   RO        11715    i.MultiTimerYield   multitimer.o
    0x0800460c   0x0800460c   0x00000040   Code   RO        11747    i.MultiTimer_test   test_stm32.o
    0x0800464c   0x0800464c   0x00000002   Code   RO          433    i.NMI_Handler       stm32l4xx_it.o
    0x0800464e   0x0800464e   0x00000002   PAD
    0x08004650   0x08004650   0x0000000c   Code   RO          434    i.OTG_FS_IRQHandler  stm32l4xx_it.o
    0x0800465c   0x0800465c   0x00000002   Code   RO          435    i.PendSV_Handler    stm32l4xx_it.o
    0x0800465e   0x0800465e   0x0000000a   Code   RO        11748    i.PlatformTicksGetFunc  test_stm32.o
    0x08004668   0x08004668   0x0000015e   Code   RO         5907    i.QSPI_Config       stm32l4xx_hal_qspi.o
    0x080047c6   0x080047c6   0x00000002   PAD
    0x080047c8   0x080047c8   0x00000040   Code   RO         1011    i.QSPI_Init         qspi.o
    0x08004808   0x08004808   0x00000024   Code   RO         1012    i.QSPI_Receive      qspi.o
    0x0800482c   0x0800482c   0x00000038   Code   RO         1013    i.QSPI_Send_CMD     qspi.o
    0x08004864   0x08004864   0x00000048   Code   RO         5914    i.QSPI_WaitFlagStateUntilTimeout  stm32l4xx_hal_qspi.o
    0x080048ac   0x080048ac   0x0000012c   Code   RO         2978    i.RCCEx_PLLSAI1_Config  stm32l4xx_hal_rcc_ex.o
    0x080049d8   0x080049d8   0x00000108   Code   RO         2979    i.RCCEx_PLLSAI2_Config  stm32l4xx_hal_rcc_ex.o
    0x08004ae0   0x08004ae0   0x0000007c   Code   RO         2866    i.RCC_SetFlashLatencyFromMSIRange  stm32l4xx_hal_rcc.o
    0x08004b5c   0x08004b5c   0x00000004   Code   RO         6417    i.SDCARD_initialize  sd_diskio.o
    0x08004b60   0x08004b60   0x00000032   Code   RO         6418    i.SDCARD_ioctl      sd_diskio.o
    0x08004b92   0x08004b92   0x0000002a   Code   RO         6419    i.SDCARD_read       sd_diskio.o
    0x08004bbc   0x08004bbc   0x00000004   Code   RO         6420    i.SDCARD_status     sd_diskio.o
    0x08004bc0   0x08004bc0   0x0000002a   Code   RO         6421    i.SDCARD_write      sd_diskio.o
    0x08004bea   0x08004bea   0x00000002   PAD
    0x08004bec   0x08004bec   0x0000001c   Code   RO         1196    i.SD_DisSelect      sd_card.o
    0x08004c08   0x08004c08   0x0000002a   Code   RO         1198    i.SD_GetCSD         sd_card.o
    0x08004c32   0x08004c32   0x00000028   Code   RO         1199    i.SD_GetResponse    sd_card.o
    0x08004c5a   0x08004c5a   0x0000006e   Code   RO         1200    i.SD_GetSectorCount  sd_card.o
    0x08004cc8   0x08004cc8   0x00000158   Code   RO         1201    i.SD_Init           sd_card.o
    0x08004e20   0x08004e20   0x00000408   Code   RO           15    i.SD_Mount          main.o
    0x08005228   0x08005228   0x0000006c   Code   RO         1202    i.SD_ReadDisk       sd_card.o
    0x08005294   0x08005294   0x00000034   Code   RO         1203    i.SD_RecvData       sd_card.o
    0x080052c8   0x080052c8   0x00000054   Code   RO         1204    i.SD_SPI_Init       sd_card.o
    0x0800531c   0x0800531c   0x00000004   Code   RO         1205    i.SD_SPI_ReadWriteByte  sd_card.o
    0x08005320   0x08005320   0x00000020   Code   RO         1208    i.SD_Select         sd_card.o
    0x08005340   0x08005340   0x00000050   Code   RO         1209    i.SD_SendBlock      sd_card.o
    0x08005390   0x08005390   0x0000005e   Code   RO         1210    i.SD_SendCmd        sd_card.o
    0x080053ee   0x080053ee   0x00000020   Code   RO         1211    i.SD_WaitReady      sd_card.o
    0x0800540e   0x0800540e   0x00000002   PAD
    0x08005410   0x08005410   0x00000080   Code   RO         1212    i.SD_WriteDisk      sd_card.o
    0x08005490   0x08005490   0x00000054   Code   RO         1316    i.SPI1_Init         spi.o
    0x080054e4   0x080054e4   0x00000020   Code   RO         1317    i.SPI1_ReadWriteByte  spi.o
    0x08005504   0x08005504   0x00000034   Code   RO         1318    i.SPI1_SetSpeed     spi.o
    0x08005538   0x08005538   0x00000018   Code   RO         1319    i.SPI1_WriteByte    spi.o
    0x08005550   0x08005550   0x0000004c   Code   RO         1320    i.SPI3_Init         spi.o
    0x0800559c   0x0800559c   0x00000014   Code   RO         1322    i.SPI3_WriteByte    spi.o
    0x080055b0   0x080055b0   0x00000048   Code   RO         5596    i.SPI_EndRxTxTransaction  stm32l4xx_hal_spi.o
    0x080055f8   0x080055f8   0x000000e6   Code   RO         5601    i.SPI_WaitFifoStateUntilTimeout  stm32l4xx_hal_spi.o
    0x080056de   0x080056de   0x00000002   PAD
    0x080056e0   0x080056e0   0x000000b8   Code   RO         5602    i.SPI_WaitFlagStateUntilTimeout  stm32l4xx_hal_spi.o
    0x08005798   0x08005798   0x00000002   Code   RO          436    i.SVC_Handler       stm32l4xx_it.o
    0x0800579a   0x0800579a   0x00000002   PAD
    0x0800579c   0x0800579c   0x000000b8   Code   RO         1065    i.Str2Int           common.o
    0x08005854   0x08005854   0x00000004   Code   RO          437    i.SysTick_Handler   stm32l4xx_it.o
    0x08005858   0x08005858   0x00000074   Code   RO          566    i.SystemClock_Config  bsp.o
    0x080058cc   0x080058cc   0x00000010   Code   RO         6325    i.SystemInit        system_stm32l4xx.o
    0x080058dc   0x080058dc   0x0000000c   Code   RO          567    i.TIM3_IRQHandler   bsp.o
    0x080058e8   0x080058e8   0x0000002c   Code   RO         1384    i.TIM3_Init         timer.o
    0x08005914   0x08005914   0x0000000c   Code   RO          568    i.TIM4_IRQHandler   bsp.o
    0x08005920   0x08005920   0x000000c0   Code   RO         4165    i.TIM_Base_SetConfig  stm32l4xx_hal_tim.o
    0x080059e0   0x080059e0   0x00000014   Code   RO         4176    i.TIM_ETR_SetConfig  stm32l4xx_hal_tim.o
    0x080059f4   0x080059f4   0x00000010   Code   RO         4177    i.TIM_ITRx_SetConfig  stm32l4xx_hal_tim.o
    0x08005a04   0x08005a04   0x00000022   Code   RO         4185    i.TIM_TI1_ConfigInputStage  stm32l4xx_hal_tim.o
    0x08005a26   0x08005a26   0x00000024   Code   RO         4187    i.TIM_TI2_ConfigInputStage  stm32l4xx_hal_tim.o
    0x08005a4a   0x08005a4a   0x000000c8   Code   RO         5114    i.UART_AdvFeatureConfig  stm32l4xx_hal_uart.o
    0x08005b12   0x08005b12   0x0000005c   Code   RO         5115    i.UART_CheckIdleState  stm32l4xx_hal_uart.o
    0x08005b6e   0x08005b6e   0x00000014   Code   RO         5116    i.UART_DMAAbortOnError  stm32l4xx_hal_uart.o
    0x08005b82   0x08005b82   0x0000004a   Code   RO         5126    i.UART_EndRxTransfer  stm32l4xx_hal_uart.o
    0x08005bcc   0x08005bcc   0x0000009e   Code   RO         5128    i.UART_RxISR_16BIT  stm32l4xx_hal_uart.o
    0x08005c6a   0x08005c6a   0x0000009e   Code   RO         5129    i.UART_RxISR_8BIT   stm32l4xx_hal_uart.o
    0x08005d08   0x08005d08   0x00000248   Code   RO         5130    i.UART_SetConfig    stm32l4xx_hal_uart.o
    0x08005f50   0x08005f50   0x000000b8   Code   RO         5132    i.UART_Start_Receive_IT  stm32l4xx_hal_uart.o
    0x08006008   0x08006008   0x000000c6   Code   RO         5135    i.UART_WaitOnFlagUntilTimeout  stm32l4xx_hal_uart.o
    0x080060ce   0x080060ce   0x00000002   PAD
    0x080060d0   0x080060d0   0x0000000c   Code   RO          569    i.USART1_IRQHandler  bsp.o
    0x080060dc   0x080060dc   0x00000030   Code   RO          570    i.USART3_IRQHandler  bsp.o
    0x0800610c   0x0800610c   0x00000028   Code   RO         7572    i.USBH_AllocPipe    usbh_pipes.o
    0x08006134   0x08006134   0x00000026   Code   RO         7500    i.USBH_BulkReceiveData  usbh_ioreq.o
    0x0800615a   0x0800615a   0x00000030   Code   RO         7501    i.USBH_BulkSendData  usbh_ioreq.o
    0x0800618a   0x0800618a   0x0000000a   Code   RO         7573    i.USBH_ClosePipe    usbh_pipes.o
    0x08006194   0x08006194   0x0000001e   Code   RO         7386    i.USBH_ClrFeature   usbh_ctlreq.o
    0x080061b2   0x080061b2   0x00000026   Code   RO         7502    i.USBH_CtlReceiveData  usbh_ioreq.o
    0x080061d8   0x080061d8   0x0000003a   Code   RO         7387    i.USBH_CtlReq       usbh_ctlreq.o
    0x08006212   0x08006212   0x00000030   Code   RO         7503    i.USBH_CtlSendData  usbh_ioreq.o
    0x08006242   0x08006242   0x00000024   Code   RO         7504    i.USBH_CtlSendSetup  usbh_ioreq.o
    0x08006266   0x08006266   0x00000004   Code   RO         6558    i.USBH_Delay        usbh_conf.o
    0x0800626a   0x0800626a   0x0000004c   Code   RO         7247    i.USBH_FindInterface  usbh_core.o
    0x080062b6   0x080062b6   0x00000018   Code   RO         7574    i.USBH_FreePipe     usbh_pipes.o
    0x080062ce   0x080062ce   0x00000040   Code   RO         7388    i.USBH_GetDescriptor  usbh_ctlreq.o
    0x0800630e   0x0800630e   0x00000020   Code   RO         7575    i.USBH_GetFreePipe  usbh_pipes.o
    0x0800632e   0x0800632e   0x0000000e   Code   RO         7389    i.USBH_GetNextDesc  usbh_ctlreq.o
    0x0800633c   0x0800633c   0x0000002e   Code   RO         7390    i.USBH_Get_CfgDesc  usbh_ctlreq.o
    0x0800636a   0x0800636a   0x0000002e   Code   RO         7391    i.USBH_Get_DevDesc  usbh_ctlreq.o
    0x08006398   0x08006398   0x0000002e   Code   RO         7392    i.USBH_Get_StringDesc  usbh_ctlreq.o
    0x080063c6   0x080063c6   0x00000024   Code   RO         6559    i.USBH_Get_USB_Status  usbh_conf.o
    0x080063ea   0x080063ea   0x000001c6   Code   RO         7393    i.USBH_HandleControl  usbh_ctlreq.o
    0x080065b0   0x080065b0   0x00000238   Code   RO         7250    i.USBH_HandleEnum   usbh_core.o
    0x080067e8   0x080067e8   0x00000014   Code   RO         7251    i.USBH_HandleSof    usbh_core.o
    0x080067fc   0x080067fc   0x00000042   Code   RO         7252    i.USBH_Init         usbh_core.o
    0x0800683e   0x0800683e   0x00000012   Code   RO         6560    i.USBH_LL_ClosePipe  usbh_conf.o
    0x08006850   0x08006850   0x00000014   Code   RO         7254    i.USBH_LL_Connect   usbh_core.o
    0x08006864   0x08006864   0x0000002e   Code   RO         7255    i.USBH_LL_Disconnect  usbh_core.o
    0x08006892   0x08006892   0x0000001a   Code   RO         6562    i.USBH_LL_DriverVBUS  usbh_conf.o
    0x080068ac   0x080068ac   0x00000008   Code   RO         6563    i.USBH_LL_GetLastXferSize  usbh_conf.o
    0x080068b4   0x080068b4   0x00000022   Code   RO         6564    i.USBH_LL_GetSpeed  usbh_conf.o
    0x080068d6   0x080068d6   0x00000024   Code   RO         6565    i.USBH_LL_GetToggle  usbh_conf.o
    0x080068fa   0x080068fa   0x00000008   Code   RO         6566    i.USBH_LL_GetURBState  usbh_conf.o
    0x08006902   0x08006902   0x0000000e   Code   RO         7256    i.USBH_LL_IncTimer  usbh_core.o
    0x08006910   0x08006910   0x00000050   Code   RO         6567    i.USBH_LL_Init      usbh_conf.o
    0x08006960   0x08006960   0x00000026   Code   RO         6568    i.USBH_LL_OpenPipe  usbh_conf.o
    0x08006986   0x08006986   0x00000008   Code   RO         7257    i.USBH_LL_PortDisabled  usbh_core.o
    0x0800698e   0x0800698e   0x00000008   Code   RO         7258    i.USBH_LL_PortEnabled  usbh_core.o
    0x08006996   0x08006996   0x00000012   Code   RO         6569    i.USBH_LL_ResetPort  usbh_conf.o
    0x080069a8   0x080069a8   0x00000006   Code   RO         7259    i.USBH_LL_SetTimer  usbh_core.o
    0x080069ae   0x080069ae   0x00000026   Code   RO         6570    i.USBH_LL_SetToggle  usbh_conf.o
    0x080069d4   0x080069d4   0x00000012   Code   RO         6571    i.USBH_LL_Start     usbh_conf.o
    0x080069e6   0x080069e6   0x00000012   Code   RO         6572    i.USBH_LL_Stop      usbh_conf.o
    0x080069f8   0x080069f8   0x0000002a   Code   RO         6573    i.USBH_LL_SubmitURB  usbh_conf.o
    0x08006a22   0x08006a22   0x00000024   Code   RO         7710    i.USBH_MSC_BOT_Abort  usbh_msc_bot.o
    0x08006a46   0x08006a46   0x00000002   PAD
    0x08006a48   0x08006a48   0x00000024   Code   RO         7711    i.USBH_MSC_BOT_Init  usbh_msc_bot.o
    0x08006a6c   0x08006a6c   0x0000023a   Code   RO         7712    i.USBH_MSC_BOT_Process  usbh_msc_bot.o
    0x08006ca6   0x08006ca6   0x00000016   Code   RO         7713    i.USBH_MSC_BOT_REQ_GetMaxLUN  usbh_msc_bot.o
    0x08006cbc   0x08006cbc   0x00000018   Code   RO         7714    i.USBH_MSC_BOT_REQ_Reset  usbh_msc_bot.o
    0x08006cd4   0x08006cd4   0x0000007c   Code   RO         7619    i.USBH_MSC_ClassRequest  usbh_msc.o
    0x08006d50   0x08006d50   0x0000004c   Code   RO         7715    i.USBH_MSC_DecodeCSW  usbh_msc_bot.o
    0x08006d9c   0x08006d9c   0x00000070   Code   RO         7620    i.USBH_MSC_GetLUNInfo  usbh_msc.o
    0x08006e0c   0x08006e0c   0x0000004c   Code   RO         7622    i.USBH_MSC_InterfaceDeInit  usbh_msc.o
    0x08006e58   0x08006e58   0x0000010e   Code   RO         7623    i.USBH_MSC_InterfaceInit  usbh_msc.o
    0x08006f66   0x08006f66   0x00000348   Code   RO         7625    i.USBH_MSC_Process  usbh_msc.o
    0x080072ae   0x080072ae   0x000000be   Code   RO         7626    i.USBH_MSC_RdWrProcess  usbh_msc.o
    0x0800736c   0x0800736c   0x0000009a   Code   RO         7627    i.USBH_MSC_Read     usbh_msc.o
    0x08007406   0x08007406   0x000000e4   Code   RO         7762    i.USBH_MSC_SCSI_Inquiry  usbh_msc_scsi.o
    0x080074ea   0x080074ea   0x0000009c   Code   RO         7763    i.USBH_MSC_SCSI_Read  usbh_msc_scsi.o
    0x08007586   0x08007586   0x0000008c   Code   RO         7764    i.USBH_MSC_SCSI_ReadCapacity  usbh_msc_scsi.o
    0x08007612   0x08007612   0x00000098   Code   RO         7765    i.USBH_MSC_SCSI_RequestSense  usbh_msc_scsi.o
    0x080076aa   0x080076aa   0x0000004e   Code   RO         7766    i.USBH_MSC_SCSI_TestUnitReady  usbh_msc_scsi.o
    0x080076f8   0x080076f8   0x0000009a   Code   RO         7767    i.USBH_MSC_SCSI_Write  usbh_msc_scsi.o
    0x08007792   0x08007792   0x00000004   Code   RO         7628    i.USBH_MSC_SOFProcess  usbh_msc.o
    0x08007796   0x08007796   0x00000026   Code   RO         7629    i.USBH_MSC_UnitIsReady  usbh_msc.o
    0x080077bc   0x080077bc   0x0000009a   Code   RO         7630    i.USBH_MSC_Write    usbh_msc.o
    0x08007856   0x08007856   0x0000001e   Code   RO         7576    i.USBH_OpenPipe     usbh_pipes.o
    0x08007874   0x08007874   0x000000b2   Code   RO         7394    i.USBH_ParseCfgDesc  usbh_ctlreq.o
    0x08007926   0x08007926   0x00000058   Code   RO         7395    i.USBH_ParseDevDesc  usbh_ctlreq.o
    0x0800797e   0x0800797e   0x00000020   Code   RO         7396    i.USBH_ParseEPDesc  usbh_ctlreq.o
    0x0800799e   0x0800799e   0x00000026   Code   RO         7397    i.USBH_ParseInterfaceDesc  usbh_ctlreq.o
    0x080079c4   0x080079c4   0x00000034   Code   RO         7398    i.USBH_ParseStringDesc  usbh_ctlreq.o
    0x080079f8   0x080079f8   0x00000270   Code   RO         7260    i.USBH_Process      usbh_core.o
    0x08007c68   0x08007c68   0x00000022   Code   RO         7262    i.USBH_RegisterClass  usbh_core.o
    0x08007c8a   0x08007c8a   0x00000016   Code   RO         7263    i.USBH_SelectInterface  usbh_core.o
    0x08007ca0   0x08007ca0   0x0000001c   Code   RO         7399    i.USBH_SetAddress   usbh_ctlreq.o
    0x08007cbc   0x08007cbc   0x0000001c   Code   RO         7400    i.USBH_SetCfg       usbh_ctlreq.o
    0x08007cd8   0x08007cd8   0x0000001c   Code   RO         7401    i.USBH_SetFeature   usbh_ctlreq.o
    0x08007cf4   0x08007cf4   0x00000016   Code   RO         7264    i.USBH_Start        usbh_core.o
    0x08007d0a   0x08007d0a   0x00000002   PAD
    0x08007d0c   0x08007d0c   0x00000028   Code   RO         6513    i.USBH_UserProcess  usb_host.o
    0x08007d34   0x08007d34   0x00000004   Code   RO         6362    i.USBH_initialize   usbh_diskio.o
    0x08007d38   0x08007d38   0x00000070   Code   RO         6363    i.USBH_ioctl        usbh_diskio.o
    0x08007da8   0x08007da8   0x00000044   Code   RO         6364    i.USBH_read         usbh_diskio.o
    0x08007dec   0x08007dec   0x00000018   Code   RO         6365    i.USBH_status       usbh_diskio.o
    0x08007e04   0x08007e04   0x0000004c   Code   RO         6366    i.USBH_write        usbh_diskio.o
    0x08007e50   0x08007e50   0x0000005c   Code   RO         1806    i.USB_CoreInit      stm32l4xx_ll_usb.o
    0x08007eac   0x08007eac   0x0000000c   Code   RO         1813    i.USB_DisableGlobalInt  stm32l4xx_ll_usb.o
    0x08007eb8   0x08007eb8   0x0000002c   Code   RO         1815    i.USB_DriveVbus     stm32l4xx_ll_usb.o
    0x08007ee4   0x08007ee4   0x0000000c   Code   RO         1822    i.USB_EnableGlobalInt  stm32l4xx_ll_usb.o
    0x08007ef0   0x08007ef0   0x0000003c   Code   RO         1823    i.USB_FlushRxFifo   stm32l4xx_ll_usb.o
    0x08007f2c   0x08007f2c   0x00000040   Code   RO         1824    i.USB_FlushTxFifo   stm32l4xx_ll_usb.o
    0x08007f6c   0x08007f6c   0x00000008   Code   RO         1825    i.USB_GetCurrentFrame  stm32l4xx_ll_usb.o
    0x08007f74   0x08007f74   0x0000000e   Code   RO         1827    i.USB_GetHostSpeed  stm32l4xx_ll_usb.o
    0x08007f82   0x08007f82   0x00000008   Code   RO         1828    i.USB_GetMode       stm32l4xx_ll_usb.o
    0x08007f8a   0x08007f8a   0x000000c4   Code   RO         1829    i.USB_HC_Halt       stm32l4xx_ll_usb.o
    0x0800804e   0x0800804e   0x00000002   PAD
    0x08008050   0x08008050   0x000000ee   Code   RO         1830    i.USB_HC_Init       stm32l4xx_ll_usb.o
    0x0800813e   0x0800813e   0x00000008   Code   RO         1831    i.USB_HC_ReadInterrupt  stm32l4xx_ll_usb.o
    0x08008146   0x08008146   0x000000f8   Code   RO         1832    i.USB_HC_StartXfer  stm32l4xx_ll_usb.o
    0x0800823e   0x0800823e   0x00000002   PAD
    0x08008240   0x08008240   0x0000008c   Code   RO         1833    i.USB_HostInit      stm32l4xx_ll_usb.o
    0x080082cc   0x080082cc   0x00000036   Code   RO         1834    i.USB_InitFSLSPClkSel  stm32l4xx_ll_usb.o
    0x08008302   0x08008302   0x00000008   Code   RO         1839    i.USB_ReadInterrupts  stm32l4xx_ll_usb.o
    0x0800830a   0x0800830a   0x0000003e   Code   RO         1840    i.USB_ReadPacket    stm32l4xx_ll_usb.o
    0x08008348   0x08008348   0x00000032   Code   RO         1841    i.USB_ResetPort     stm32l4xx_ll_usb.o
    0x0800837a   0x0800837a   0x0000005c   Code   RO         1842    i.USB_SetCurrentMode  stm32l4xx_ll_usb.o
    0x080083d6   0x080083d6   0x0000008a   Code   RO         1847    i.USB_StopHost      stm32l4xx_ll_usb.o
    0x08008460   0x08008460   0x00000024   Code   RO         1848    i.USB_WritePacket   stm32l4xx_ll_usb.o
    0x08008484   0x08008484   0x00000002   Code   RO          438    i.UsageFault_Handler  stm32l4xx_it.o
    0x08008486   0x08008486   0x00000002   PAD
    0x08008488   0x08008488   0x00000098   Code   RO          907    i.W25QXX_Init       w25qxx.o
    0x08008520   0x08008520   0x0000002a   Code   RO          908    i.W25QXX_Read       w25qxx.o
    0x0800854a   0x0800854a   0x0000002c   Code   RO          909    i.W25QXX_ReadID     w25qxx.o
    0x08008576   0x08008576   0x00000002   PAD
    0x08008578   0x08008578   0x0000000c   Code   RO         1579    i.WWDG_IRQHandler   wwdg.o
    0x08008584   0x08008584   0x00000002   Code   RO         8719    i._ZN10c_keyboardD1Ev  uicode.o
    0x08008586   0x08008586   0x00000002   PAD
    0x08008588   0x08008588   0x0000004c   Code   RO         8593    i._ZN11c_wave_ctrlC1Ev  uicode.o
    0x080085d4   0x080085d4   0x00000002   Code   RO         8728    i._ZN11c_wave_ctrlD1Ev  uicode.o
    0x080085d6   0x080085d6   0x0000005a   Code   RO         8587    i._ZN13c_wave_bufferC1Ev  uicode.o
    0x08008630   0x08008630   0x00000010   Code   RO         8722    i._ZN17c_keyboard_buttonC1Ev  uicode.o
    0x08008640   0x08008640   0x00000002   Code   RO         8725    i._ZN17c_keyboard_buttonD1Ev  uicode.o
    0x08008642   0x08008642   0x00000002   PAD
    0x08008644   0x08008644   0x00000038   Code   RO         8567    i._ZN5c_wndC1Ev     uicode.o
    0x0800867c   0x0800867c   0x00000002   Code   RO         8738    i._ZN6c_myUID1Ev    uicode.o
    0x0800867e   0x0800867e   0x0000000e   Code   RO         8623    i._ZN6c_rectC1Ev    uicode.o
    0x0800868c   0x0800868c   0x00000010   Code   RO         8706    i._ZN8c_buttonC1Ev  uicode.o
    0x0800869c   0x0800869c   0x00000002   Code   RO         8709    i._ZN8c_buttonD1Ev  uicode.o
    0x0800869e   0x0800869e   0x00000002   PAD
    0x080086a0   0x080086a0   0x00000020   Code   RO        12309    i.__0printf         mc_w.l(printfa.o)
    0x080086c0   0x080086c0   0x00000030   Code   RO        12310    i.__0snprintf       mc_w.l(printfa.o)
    0x080086f0   0x080086f0   0x00000028   Code   RO        12311    i.__0sprintf        mc_w.l(printfa.o)
    0x08008718   0x08008718   0x0000002c   Code   RO        12314    i.__0vsnprintf      mc_w.l(printfa.o)
    0x08008744   0x08008744   0x00000024   Code   RO        12315    i.__0vsprintf       mc_w.l(printfa.o)
    0x08008768   0x08008768   0x00000020   Code   RO         3881    i.__NVIC_SetPriority  stm32l4xx_hal_cortex.o
    0x08008788   0x08008788   0x00000008   Code   RO        12456    i.__aeabi_errno_addr  mc_w.l(errno.o)
    0x08008790   0x08008790   0x0000005c   Code   RO        12341    i.__free$realloc    mc_w.l(mallocr.o)
    0x080087ec   0x080087ec   0x00000050   Code   RO        12342    i.__malloc$realloc  mc_w.l(mallocr.o)
    0x0800883c   0x0800883c   0x0000000e   Code   RO        12582    i.__scatterload_copy  mc_w.l(handlers.o)
    0x0800884a   0x0800884a   0x00000002   Code   RO        12583    i.__scatterload_null  mc_w.l(handlers.o)
    0x0800884c   0x0800884c   0x0000000e   Code   RO        12584    i.__scatterload_zeroinit  mc_w.l(handlers.o)
    0x0800885a   0x0800885a   0x00000002   PAD
    0x0800885c   0x0800885c   0x00000394   Code   RO         8297    i.__sti___10_UIcode_cpp_396ac66f  uicode.o
    0x08008bf0   0x08008bf0   0x0000018a   Code   RO        12316    i._fp_digits        mc_w.l(printfa.o)
    0x08008d7a   0x08008d7a   0x00000002   PAD
    0x08008d7c   0x08008d7c   0x000006e2   Code   RO        12317    i._printf_core      mc_w.l(printfa.o)
    0x0800945e   0x0800945e   0x00000024   Code   RO        12318    i._printf_post_padding  mc_w.l(printfa.o)
    0x08009482   0x08009482   0x0000002e   Code   RO        12319    i._printf_pre_padding  mc_w.l(printfa.o)
    0x080094b0   0x080094b0   0x00000016   Code   RO        12320    i._snputc           mc_w.l(printfa.o)
    0x080094c6   0x080094c6   0x0000000a   Code   RO        12321    i._sputc            mc_w.l(printfa.o)
    0x080094d0   0x080094d0   0x000001fa   Code   RO         9214    i.aai_write         sfud.o
    0x080096ca   0x080096ca   0x00000026   Code   RO         9530    i.align_write       ef_env.o
    0x080096f0   0x080096f0   0x000000c8   Code   RO         9531    i.alloc_env         ef_env.o
    0x080097b8   0x080097b8   0x0000002c   Code   RO         9532    i.alloc_env_cb      ef_env.o
    0x080097e4   0x080097e4   0x0000001e   Code   RO        11806    i.btnTimerCallback  example_callback.o
    0x08009802   0x08009802   0x00000008   Code   RO        11856    i.button_attach     multi_button.o
    0x0800980a   0x0800980a   0x000001a8   Code   RO        11857    i.button_handler    multi_button.o
    0x080099b2   0x080099b2   0x00000036   Code   RO        11858    i.button_init       multi_button.o
    0x080099e8   0x080099e8   0x00000024   Code   RO        11859    i.button_start      multi_button.o
    0x08009a0c   0x08009a0c   0x0000001c   Code   RO        11861    i.button_ticks      multi_button.o
    0x08009a28   0x08009a28   0x00000028   Code   RO        10438    i.cJSON_Version     cjson.o
    0x08009a50   0x08009a50   0x0000009c   Code   RO         9533    i.check_and_recovery_env_cb  ef_env.o
    0x08009aec   0x08009aec   0x00000020   Code   RO         9534    i.check_and_recovery_gc_cb  ef_env.o
    0x08009b0c   0x08009b0c   0x00000074   Code   RO         6810    i.check_fs          ff.o
    0x08009b80   0x08009b80   0x0000002c   Code   RO         9535    i.check_sec_hdr_cb  ef_env.o
    0x08009bac   0x08009bac   0x00000010   Code   RO         6811    i.chk_chr           ff.o
    0x08009bbc   0x08009bbc   0x00000070   Code   RO         6812    i.chk_lock          ff.o
    0x08009c2c   0x08009c2c   0x00000028   Code   RO        11178    i.cjson_main        cjson_test.o
    0x08009c54   0x08009c54   0x0000000a   Code   RO         1094    i.clean_log         user_cmd.o
    0x08009c5e   0x08009c5e   0x00000002   PAD
    0x08009c60   0x08009c60   0x00000024   Code   RO         6813    i.clear_lock        ff.o
    0x08009c84   0x08009c84   0x00000028   Code   RO         6814    i.clmt_clust        ff.o
    0x08009cac   0x08009cac   0x00000018   Code   RO         6815    i.clust2sect        ff.o
    0x08009cc4   0x08009cc4   0x000000ba   Code   RO         6816    i.create_chain      ff.o
    0x08009d7e   0x08009d7e   0x00000002   PAD
    0x08009d80   0x08009d80   0x000001d4   Code   RO         9536    i.create_env_blob   ef_env.o
    0x08009f54   0x08009f54   0x000000e2   Code   RO         6817    i.create_name       ff.o
    0x0800a036   0x0800a036   0x00000002   PAD
    0x0800a038   0x0800a038   0x00000030   Code   RO         6818    i.dec_lock          ff.o
    0x0800a068   0x0800a068   0x000000f0   Code   RO         9537    i.del_env           ef_env.o
    0x0800a158   0x0800a158   0x00000014   Code   RO          836    i.delay_init        delay.o
    0x0800a16c   0x0800a16c   0x0000001a   Code   RO          837    i.delay_ms          delay.o
    0x0800a186   0x0800a186   0x00000002   PAD
    0x0800a188   0x0800a188   0x00000034   Code   RO          838    i.delay_us          delay.o
    0x0800a1bc   0x0800a1bc   0x0000004a   Code   RO         6819    i.dir_alloc         ff.o
    0x0800a206   0x0800a206   0x00000058   Code   RO         6820    i.dir_find          ff.o
    0x0800a25e   0x0800a25e   0x00000126   Code   RO         6821    i.dir_next          ff.o
    0x0800a384   0x0800a384   0x0000003c   Code   RO         6823    i.dir_register      ff.o
    0x0800a3c0   0x0800a3c0   0x000000a4   Code   RO         6825    i.dir_sdi           ff.o
    0x0800a464   0x0800a464   0x0000002c   Code   RO         6755    i.disk_initialize   diskio.o
    0x0800a490   0x0800a490   0x0000001c   Code   RO         6756    i.disk_ioctl        diskio.o
    0x0800a4ac   0x0800a4ac   0x00000020   Code   RO         6757    i.disk_read         diskio.o
    0x0800a4cc   0x0800a4cc   0x00000018   Code   RO         6758    i.disk_status       diskio.o
    0x0800a4e4   0x0800a4e4   0x00000020   Code   RO         6759    i.disk_write        diskio.o
    0x0800a504   0x0800a504   0x000000f0   Code   RO         9538    i.do_gc             ef_env.o
    0x0800a5f4   0x0800a5f4   0x00000020   Code   RO        11429    i.eMBEnable         mb.o
    0x0800a614   0x0800a614   0x00000072   Code   RO        11481    i.eMBFuncReadCoils  mbfunccoils.o
    0x0800a686   0x0800a686   0x00000072   Code   RO        11234    i.eMBFuncReadDiscreteInputs  mbfuncdisc.o
    0x0800a6f8   0x0800a6f8   0x00000064   Code   RO        11246    i.eMBFuncReadHoldingRegister  mbfuncholding.o
    0x0800a75c   0x0800a75c   0x00000062   Code   RO        11276    i.eMBFuncReadInputRegister  mbfuncinput.o
    0x0800a7be   0x0800a7be   0x0000009c   Code   RO        11247    i.eMBFuncReadWriteMultipleHoldingRegister  mbfuncholding.o
    0x0800a85a   0x0800a85a   0x00000002   PAD
    0x0800a85c   0x0800a85c   0x00000024   Code   RO        11288    i.eMBFuncReportSlaveID  mbfuncother.o
    0x0800a880   0x0800a880   0x00000056   Code   RO        11482    i.eMBFuncWriteCoil  mbfunccoils.o
    0x0800a8d6   0x0800a8d6   0x00000032   Code   RO        11248    i.eMBFuncWriteHoldingRegister  mbfuncholding.o
    0x0800a908   0x0800a908   0x00000064   Code   RO        11483    i.eMBFuncWriteMultipleCoils  mbfunccoils.o
    0x0800a96c   0x0800a96c   0x0000004e   Code   RO        11249    i.eMBFuncWriteMultipleHoldingRegister  mbfuncholding.o
    0x0800a9ba   0x0800a9ba   0x00000002   PAD
    0x0800a9bc   0x0800a9bc   0x00000080   Code   RO        11430    i.eMBInit           mb.o
    0x0800aa3c   0x0800aa3c   0x000000b0   Code   RO        11431    i.eMBPoll           mb.o
    0x0800aaec   0x0800aaec   0x0000004c   Code   RO        11350    i.eMBRTUInit        mbrtu.o
    0x0800ab38   0x0800ab38   0x00000058   Code   RO        11351    i.eMBRTUReceive     mbrtu.o
    0x0800ab90   0x0800ab90   0x0000006c   Code   RO        11352    i.eMBRTUSend        mbrtu.o
    0x0800abfc   0x0800abfc   0x00000024   Code   RO        11353    i.eMBRTUStart       mbrtu.o
    0x0800ac20   0x0800ac20   0x0000001a   Code   RO        11354    i.eMBRTUStop        mbrtu.o
    0x0800ac3a   0x0800ac3a   0x00000002   PAD
    0x0800ac3c   0x0800ac3c   0x000000a0   Code   RO        11676    i.eMBRegCoilsCB     user_mb_app.o
    0x0800acdc   0x0800acdc   0x00000074   Code   RO        11677    i.eMBRegDiscreteCB  user_mb_app.o
    0x0800ad50   0x0800ad50   0x00000070   Code   RO        11678    i.eMBRegHoldingCB   user_mb_app.o
    0x0800adc0   0x0800adc0   0x00000048   Code   RO        11679    i.eMBRegInputCB     user_mb_app.o
    0x0800ae08   0x0800ae08   0x000000a8   Code   RO         9516    i.easyflash_init    easyflash.o
    0x0800aeb0   0x0800aeb0   0x0000005c   Code   RO           16    i.easyflash_user_init  main.o
    0x0800af0c   0x0800af0c   0x00000024   Code   RO         9910    i.ef_calc_crc32     ef_utils.o
    0x0800af30   0x0800af30   0x000000f4   Code   RO         9541    i.ef_env_init       ef_env.o
    0x0800b024   0x0800b024   0x00000110   Code   RO         9542    i.ef_env_set_default  ef_env.o
    0x0800b134   0x0800b134   0x00000070   Code   RO         9543    i.ef_get_env        ef_env.o
    0x0800b1a4   0x0800b1a4   0x0000007c   Code   RO         9544    i.ef_get_env_blob   ef_env.o
    0x0800b220   0x0800b220   0x0000001a   Code   RO         9546    i.ef_is_str         ef_env.o
    0x0800b23a   0x0800b23a   0x00000002   PAD
    0x0800b23c   0x0800b23c   0x000000bc   Code   RO         9547    i.ef_load_env       ef_env.o
    0x0800b2f8   0x0800b2f8   0x00000050   Code   RO         9833    i.ef_log_clean      ef_log.o
    0x0800b348   0x0800b348   0x00000050   Code   RO         9443    i.ef_log_debug      ef_port.o
    0x0800b398   0x0800b398   0x00000030   Code   RO         9834    i.ef_log_get_used_size  ef_log.o
    0x0800b3c8   0x0800b3c8   0x00000040   Code   RO         9444    i.ef_log_info       ef_port.o
    0x0800b408   0x0800b408   0x00000020   Code   RO         9835    i.ef_log_init       ef_log.o
    0x0800b428   0x0800b428   0x0000019c   Code   RO         9836    i.ef_log_read       ef_log.o
    0x0800b5c4   0x0800b5c4   0x00000154   Code   RO         9837    i.ef_log_write      ef_log.o
    0x0800b718   0x0800b718   0x00000004   Code   RO         9445    i.ef_port_env_lock  ef_port.o
    0x0800b71c   0x0800b71c   0x00000004   Code   RO         9446    i.ef_port_env_unlock  ef_port.o
    0x0800b720   0x0800b720   0x00000094   Code   RO         9447    i.ef_port_erase     ef_port.o
    0x0800b7b4   0x0800b7b4   0x00000038   Code   RO         9448    i.ef_port_init      ef_port.o
    0x0800b7ec   0x0800b7ec   0x00000020   Code   RO         9449    i.ef_port_read      ef_port.o
    0x0800b80c   0x0800b80c   0x00000024   Code   RO         9450    i.ef_port_write     ef_port.o
    0x0800b830   0x0800b830   0x00000024   Code   RO         9451    i.ef_print          ef_port.o
    0x0800b854   0x0800b854   0x00000004   Code   RO         9550    i.ef_save_env       ef_env.o
    0x0800b858   0x0800b858   0x0000001a   Code   RO         9551    i.ef_set_and_save_env  ef_env.o
    0x0800b872   0x0800b872   0x0000001a   Code   RO         9552    i.ef_set_env        ef_env.o
    0x0800b88c   0x0800b88c   0x00000050   Code   RO         9553    i.ef_set_env_blob   ef_env.o
    0x0800b8dc   0x0800b8dc   0x0000007c   Code   RO         8185    i.elog_file_config  elog_file.o
    0x0800b958   0x0800b958   0x00000040   Code   RO         8187    i.elog_file_init    elog_file.o
    0x0800b998   0x0800b998   0x00000004   Code   RO         8242    i.elog_file_port_init  elog_file_port.o
    0x0800b99c   0x0800b99c   0x00000002   Code   RO         8243    i.elog_file_port_lock  elog_file_port.o
    0x0800b99e   0x0800b99e   0x00000002   Code   RO         8244    i.elog_file_port_unlock  elog_file_port.o
    0x0800b9a0   0x0800b9a0   0x000000d4   Code   RO         8188    i.elog_file_rotate  elog_file.o
    0x0800ba74   0x0800ba74   0x00000180   Code   RO         8189    i.elog_file_write   elog_file.o
    0x0800bbf4   0x0800bbf4   0x00000148   Code   RO         8070    i.elog_flash_clean  elog_flash.o
    0x0800bd3c   0x0800bd3c   0x000000e0   Code   RO         8071    i.elog_flash_flush  elog_flash.o
    0x0800be1c   0x0800be1c   0x00000018   Code   RO         8072    i.elog_flash_init   elog_flash.o
    0x0800be34   0x0800be34   0x0000014c   Code   RO         8074    i.elog_flash_output  elog_flash.o
    0x0800bf80   0x0800bf80   0x00000012   Code   RO         8075    i.elog_flash_output_all  elog_flash.o
    0x0800bf92   0x0800bf92   0x00000002   PAD
    0x0800bf94   0x0800bf94   0x000000ac   Code   RO         8076    i.elog_flash_output_recent  elog_flash.o
    0x0800c040   0x0800c040   0x00000004   Code   RO         8143    i.elog_flash_port_init  elog_flash_port.o
    0x0800c044   0x0800c044   0x00000008   Code   RO         8144    i.elog_flash_port_lock  elog_flash_port.o
    0x0800c04c   0x0800c04c   0x00000010   Code   RO         8145    i.elog_flash_port_output  elog_flash_port.o
    0x0800c05c   0x0800c05c   0x00000008   Code   RO         8146    i.elog_flash_port_unlock  elog_flash_port.o
    0x0800c064   0x0800c064   0x0000010c   Code   RO         8077    i.elog_flash_write  elog_flash.o
    0x0800c170   0x0800c170   0x000000ec   Code   RO         7817    i.elog_get_filter_tag_lvl  elog.o
    0x0800c25c   0x0800c25c   0x00000172   Code   RO         7820    i.elog_hexdump      elog.o
    0x0800c3ce   0x0800c3ce   0x00000002   PAD
    0x0800c3d0   0x0800c3d0   0x00000068   Code   RO         7821    i.elog_init         elog.o
    0x0800c438   0x0800c438   0x000000e8   Code   RO         7973    i.elog_memcpy       elog_utils.o
    0x0800c520   0x0800c520   0x00000370   Code   RO         7822    i.elog_output       elog.o
    0x0800c890   0x0800c890   0x00000020   Code   RO         7823    i.elog_output_lock  elog.o
    0x0800c8b0   0x0800c8b0   0x0000002c   Code   RO         7824    i.elog_output_lock_enabled  elog.o
    0x0800c8dc   0x0800c8dc   0x00000020   Code   RO         7825    i.elog_output_unlock  elog.o
    0x0800c8fc   0x0800c8fc   0x00000008   Code   RO         8005    i.elog_port_get_p_info  elog_port.o
    0x0800c904   0x0800c904   0x00000008   Code   RO         8006    i.elog_port_get_t_info  elog_port.o
    0x0800c90c   0x0800c90c   0x00000008   Code   RO         8007    i.elog_port_get_time  elog_port.o
    0x0800c914   0x0800c914   0x00000004   Code   RO         8008    i.elog_port_init    elog_port.o
    0x0800c918   0x0800c918   0x0000002c   Code   RO         8009    i.elog_port_output  elog_port.o
    0x0800c944   0x0800c944   0x00000008   Code   RO         8010    i.elog_port_output_lock  elog_port.o
    0x0800c94c   0x0800c94c   0x00000008   Code   RO         8011    i.elog_port_output_unlock  elog_port.o
    0x0800c954   0x0800c954   0x000000b0   Code   RO         7829    i.elog_set_filter_lvl  elog.o
    0x0800ca04   0x0800ca04   0x000000b8   Code   RO         7832    i.elog_set_fmt      elog.o
    0x0800cabc   0x0800cabc   0x0000000c   Code   RO         7834    i.elog_set_text_color_enabled  elog.o
    0x0800cac8   0x0800cac8   0x00000088   Code   RO         7835    i.elog_start        elog.o
    0x0800cb50   0x0800cb50   0x000000f0   Code   RO         7974    i.elog_strcpy       elog_utils.o
    0x0800cc40   0x0800cc40   0x000000e8   Code   RO           17    i.elog_user_init    main.o
    0x0800cd28   0x0800cd28   0x00000020   Code   RO           18    i.elogger_eflash_user_init  main.o
    0x0800cd48   0x0800cd48   0x00000028   Code   RO         6826    i.enq_lock          ff.o
    0x0800cd70   0x0800cd70   0x00000062   Code   RO         9554    i.env_iterator      ef_env.o
    0x0800cdd2   0x0800cdd2   0x00000002   PAD
    0x0800cdd4   0x0800cdd4   0x00000028   Code   RO        11749    i.exampleTimer1Callback  test_stm32.o
    0x0800cdfc   0x0800cdfc   0x0000002a   Code   RO         6827    i.f_close           ff.o
    0x0800ce26   0x0800ce26   0x0000028c   Code   RO         6831    i.f_lseek           ff.o
    0x0800d0b2   0x0800d0b2   0x00000002   PAD
    0x0800d0b4   0x0800d0b4   0x00000068   Code   RO         6834    i.f_mount           ff.o
    0x0800d11c   0x0800d11c   0x00000210   Code   RO         6835    i.f_open            ff.o
    0x0800d32c   0x0800d32c   0x0000018e   Code   RO         6840    i.f_read            ff.o
    0x0800d4ba   0x0800d4ba   0x0000009a   Code   RO         6844    i.f_sync            ff.o
    0x0800d554   0x0800d554   0x000001ca   Code   RO         6847    i.f_write           ff.o
    0x0800d71e   0x0800d71e   0x00000042   Code   RO         9555    i.find_env          ef_env.o
    0x0800d760   0x0800d760   0x00000036   Code   RO         9556    i.find_env_cb       ef_env.o
    0x0800d796   0x0800d796   0x00000002   PAD
    0x0800d798   0x0800d798   0x00000020   Code   RO         9557    i.find_env_no_cache  ef_env.o
    0x0800d7b8   0x0800d7b8   0x00000084   Code   RO         9558    i.find_next_env_addr  ef_env.o
    0x0800d83c   0x0800d83c   0x00000080   Code   RO         9838    i.find_sec_using_end_addr  ef_log.o
    0x0800d8bc   0x0800d8bc   0x000001e0   Code   RO         9839    i.find_start_and_end_addr  ef_log.o
    0x0800da9c   0x0800da9c   0x000002dc   Code   RO         6848    i.find_volume       ff.o
    0x0800dd78   0x0800dd78   0x00000086   Code   RO         6849    i.follow_path       ff.o
    0x0800ddfe   0x0800ddfe   0x00000002   PAD
    0x0800de00   0x0800de00   0x000000d0   Code   RO         9559    i.format_sector     ef_env.o
    0x0800ded0   0x0800ded0   0x00000018   Code   RO          571    i.fputc             bsp.o
    0x0800dee8   0x0800dee8   0x0000000e   Code   RO         9560    i.gc_check_cb       ef_env.o
    0x0800def6   0x0800def6   0x00000002   PAD
    0x0800def8   0x0800def8   0x000000a8   Code   RO         9561    i.gc_collect        ef_env.o
    0x0800dfa0   0x0800dfa0   0x00000006   Code   RO        11862    i.get_button_event  multi_button.o
    0x0800dfa6   0x0800dfa6   0x00000002   PAD
    0x0800dfa8   0x0800dfa8   0x00000078   Code   RO         9562    i.get_env_from_cache  ef_env.o
    0x0800e020   0x0800e020   0x000000c4   Code   RO         6850    i.get_fat           ff.o
    0x0800e0e4   0x0800e0e4   0x00000004   Code   RO         6472    i.get_fattime       fatfs.o
    0x0800e0e8   0x0800e0e8   0x000000c0   Code   RO         7837    i.get_fmt_enabled   elog.o
    0x0800e1a8   0x0800e1a8   0x0000004e   Code   RO         6852    i.get_ldnumber      ff.o
    0x0800e1f6   0x0800e1f6   0x0000004e   Code   RO         9563    i.get_next_env_addr  ef_env.o
    0x0800e244   0x0800e244   0x00000020   Code   RO         9840    i.get_next_flash_sec_addr  ef_log.o
    0x0800e264   0x0800e264   0x00000034   Code   RO         9564    i.get_next_sector_addr  ef_env.o
    0x0800e298   0x0800e298   0x0000002c   Code   RO         9565    i.get_sector_from_cache  ef_env.o
    0x0800e2c4   0x0800e2c4   0x000000a0   Code   RO         9841    i.get_sector_status  ef_log.o
    0x0800e364   0x0800e364   0x00000028   Code   RO         9566    i.get_status        ef_env.o
    0x0800e38c   0x0800e38c   0x00000288   Code   RO         9215    i.hardware_init     sfud.o
    0x0800e614   0x0800e614   0x00000094   Code   RO         6853    i.inc_lock          ff.o
    0x0800e6a8   0x0800e6a8   0x00000050   Code   RO        12343    i.internal_alloc    mc_w.l(mallocr.o)
    0x0800e6f8   0x0800e6f8   0x00000026   Code   RO         6854    i.ld_clust          ff.o
    0x0800e71e   0x0800e71e   0x00000016   Code   RO         6855    i.ld_dword          ff.o
    0x0800e734   0x0800e734   0x0000000a   Code   RO         6856    i.ld_word           ff.o
    0x0800e73e   0x0800e73e   0x00000002   PAD
    0x0800e740   0x0800e740   0x0000001c   Code   RO         8078    i.log_buf_lock      elog_flash.o
    0x0800e75c   0x0800e75c   0x0000001c   Code   RO         8079    i.log_buf_unlock    elog_flash.o
    0x0800e778   0x0800e778   0x00000034   Code   RO         9842    i.log_index2addr    ef_log.o
    0x0800e7ac   0x0800e7ac   0x00000044   Code   RO         9843    i.log_seq_read      ef_log.o
    0x0800e7f0   0x0800e7f0   0x0000014c   Code   RO           20    i.main              main.o
    0x0800e93c   0x0800e93c   0x0000009c   Code   RO         9216    i.make_adress_byte_array  sfud.o
    0x0800e9d8   0x0800e9d8   0x00000018   Code   RO         6857    i.mem_cmp           ff.o
    0x0800e9f0   0x0800e9f0   0x00000012   Code   RO         6858    i.mem_cpy           ff.o
    0x0800ea02   0x0800ea02   0x0000000c   Code   RO         6859    i.mem_set           ff.o
    0x0800ea0e   0x0800ea0e   0x00000002   PAD
    0x0800ea10   0x0800ea10   0x00000150   Code   RO         9567    i.move_env          ef_env.o
    0x0800eb60   0x0800eb60   0x00000034   Code   RO         6860    i.move_window       ff.o
    0x0800eb94   0x0800eb94   0x00000064   Code   RO         9568    i.new_env           ef_env.o
    0x0800ebf8   0x0800ebf8   0x00000222   Code   RO         9217    i.page256_or_1_byte_write  sfud.o
    0x0800ee1a   0x0800ee1a   0x00000018   Code   RO        11309    i.prveMBError2Exception  mbutils.o
    0x0800ee32   0x0800ee32   0x00000002   PAD
    0x0800ee34   0x0800ee34   0x0000000c   Code   RO        11634    i.prvvTIMERExpiredISR  porttimer.o
    0x0800ee40   0x0800ee40   0x0000000c   Code   RO        11570    i.prvvUARTRxISR     portserial.o
    0x0800ee4c   0x0800ee4c   0x0000000c   Code   RO        11571    i.prvvUARTTxReadyISR  portserial.o
    0x0800ee58   0x0800ee58   0x00000102   Code   RO         6861    i.put_fat           ff.o
    0x0800ef5a   0x0800ef5a   0x00000002   PAD
    0x0800ef5c   0x0800ef5c   0x000000f4   Code   RO         9365    i.qspi_read         sfud_port.o
    0x0800f050   0x0800f050   0x00000132   Code   RO         9366    i.qspi_send_then_recv  sfud_port.o
    0x0800f182   0x0800f182   0x0000000a   Code   RO         1095    i.read_all_log      user_cmd.o
    0x0800f18c   0x0800f18c   0x00000038   Code   RO        11807    i.read_button_GPIO  example_callback.o
    0x0800f1c4   0x0800f1c4   0x00000170   Code   RO         9570    i.read_env          ef_env.o
    0x0800f334   0x0800f334   0x000000a8   Code   RO         9219    i.read_jedec_id     sfud.o
    0x0800f3dc   0x0800f3dc   0x00000044   Code   RO         1096    i.read_recent_log   user_cmd.o
    0x0800f420   0x0800f420   0x00000216   Code   RO         9571    i.read_sector_meta_data  ef_env.o
    0x0800f636   0x0800f636   0x00000002   PAD
    0x0800f638   0x0800f638   0x00000024   Code   RO         1097    i.reboot            user_cmd.o
    0x0800f65c   0x0800f65c   0x0000007e   Code   RO         6865    i.remove_chain      ff.o
    0x0800f6da   0x0800f6da   0x00000002   PAD
    0x0800f6dc   0x0800f6dc   0x00000110   Code   RO         9220    i.reset             sfud.o
    0x0800f7ec   0x0800f7ec   0x0000000a   Code   RO         9367    i.retry_delay_100us  sfud_port.o
    0x0800f7f6   0x0800f7f6   0x00000002   PAD
    0x0800f7f8   0x0800f7f8   0x000001f4   Code   RO         1098    i.sd_read_file      user_cmd.o
    0x0800f9ec   0x0800f9ec   0x000001c0   Code   RO         1099    i.sd_write_file     user_cmd.o
    0x0800fbac   0x0800fbac   0x00000056   Code   RO         9572    i.sector_iterator   ef_env.o
    0x0800fc02   0x0800fc02   0x00000022   Code   RO         9573    i.sector_statistics_cb  ef_env.o
    0x0800fc24   0x0800fc24   0x00000114   Code   RO         9221    i.set_4_byte_address_mode  sfud.o
    0x0800fd38   0x0800fd38   0x00000088   Code   RO         9574    i.set_env           ef_env.o
    0x0800fdc0   0x0800fdc0   0x0000002c   Code   RO         9575    i.set_status        ef_env.o
    0x0800fdec   0x0800fdec   0x000000fc   Code   RO         9222    i.set_write_enabled  sfud.o
    0x0800fee8   0x0800fee8   0x00000134   Code   RO         9223    i.sfud_chip_erase   sfud.o
    0x0801001c   0x0801001c   0x000000f0   Code   RO         9224    i.sfud_device_init  sfud.o
    0x0801010c   0x0801010c   0x000001e2   Code   RO         9225    i.sfud_erase        sfud.o
    0x080102ee   0x080102ee   0x00000002   PAD
    0x080102f0   0x080102f0   0x00000008   Code   RO         9229    i.sfud_get_device_table  sfud.o
    0x080102f8   0x080102f8   0x0000008c   Code   RO         9230    i.sfud_init         sfud.o
    0x08010384   0x08010384   0x00000048   Code   RO         9368    i.sfud_log_debug    sfud_port.o
    0x080103cc   0x080103cc   0x0000003c   Code   RO         9369    i.sfud_log_info     sfud_port.o
    0x08010408   0x08010408   0x0000015e   Code   RO         9232    i.sfud_read         sfud.o
    0x08010566   0x08010566   0x00000002   PAD
    0x08010568   0x08010568   0x0000008c   Code   RO         9233    i.sfud_read_status  sfud.o
    0x080105f4   0x080105f4   0x00000044   Code   RO         9370    i.sfud_spi_port_init  sfud_port.o
    0x08010638   0x08010638   0x0000002a   Code   RO         9234    i.sfud_write        sfud.o
    0x08010662   0x08010662   0x00000002   PAD
    0x08010664   0x08010664   0x000000dc   Code   RO         9235    i.sfud_write_status  sfud.o
    0x08010740   0x08010740   0x00000006   Code   RO         9924    i.shellBackspace    shell.o
    0x08010746   0x08010746   0x00000030   Code   RO         9925    i.shellCheckPermission  shell.o
    0x08010776   0x08010776   0x00000002   PAD
    0x08010778   0x08010778   0x0000001c   Code   RO         9926    i.shellClear        shell.o
    0x08010794   0x08010794   0x00000030   Code   RO         9927    i.shellClearCommandLine  shell.o
    0x080107c4   0x080107c4   0x00000014   Code   RO         9928    i.shellCmds         shell.o
    0x080107d8   0x080107d8   0x00000008   Code   RO         9929    i.shellDelete       shell.o
    0x080107e0   0x080107e0   0x000000d6   Code   RO         9930    i.shellDeleteByte   shell.o
    0x080108b6   0x080108b6   0x00000002   PAD
    0x080108b8   0x080108b8   0x0000001c   Code   RO         9931    i.shellDeleteCommandLine  shell.o
    0x080108d4   0x080108d4   0x00000008   Code   RO         9932    i.shellDown         shell.o
    0x080108dc   0x080108dc   0x00000014   Code   RO         9933    i.shellEnter        shell.o
    0x080108f0   0x080108f0   0x00000090   Code   RO         9934    i.shellExec         shell.o
    0x08010980   0x08010980   0x0000003c   Code   RO        10291    i.shellExtParseChar  shell_ext.o
    0x080109bc   0x080109bc   0x0000010a   Code   RO        10292    i.shellExtParseNumber  shell_ext.o
    0x08010ac6   0x08010ac6   0x000000a0   Code   RO        10293    i.shellExtParsePara  shell_ext.o
    0x08010b66   0x08010b66   0x000000c6   Code   RO        10294    i.shellExtRun       shell_ext.o
    0x08010c2c   0x08010c2c   0x00000004   Code   RO         9935    i.shellGetCommandDesc  shell.o
    0x08010c30   0x08010c30   0x00000038   Code   RO         9936    i.shellGetCommandName  shell.o
    0x08010c68   0x08010c68   0x00000028   Code   RO         9937    i.shellGetCurrent   shell.o
    0x08010c90   0x08010c90   0x0000003e   Code   RO         9938    i.shellGetVarValue  shell.o
    0x08010cce   0x08010cce   0x00000002   PAD
    0x08010cd0   0x08010cd0   0x000000dc   Code   RO         9939    i.shellHandler      shell.o
    0x08010dac   0x08010dac   0x00000028   Code   RO         9940    i.shellHelp         shell.o
    0x08010dd4   0x08010dd4   0x00000098   Code   RO         9941    i.shellHistory      shell.o
    0x08010e6c   0x08010e6c   0x00000068   Code   RO         9942    i.shellHistoryAdd   shell.o
    0x08010ed4   0x08010ed4   0x000000b0   Code   RO         9943    i.shellInit         shell.o
    0x08010f84   0x08010f84   0x000000dc   Code   RO         9944    i.shellInsertByte   shell.o
    0x08011060   0x08011060   0x00000014   Code   RO         9945    i.shellKeys         shell.o
    0x08011074   0x08011074   0x00000020   Code   RO         9946    i.shellLeft         shell.o
    0x08011094   0x08011094   0x0000004c   Code   RO         9948    i.shellListCommand  shell.o
    0x080110e0   0x080110e0   0x000000f4   Code   RO         9949    i.shellListItem     shell.o
    0x080111d4   0x080111d4   0x00000050   Code   RO         9950    i.shellListKey      shell.o
    0x08011224   0x08011224   0x00000050   Code   RO         9951    i.shellListUser     shell.o
    0x08011274   0x08011274   0x00000050   Code   RO         9952    i.shellListVar      shell.o
    0x080112c4   0x080112c4   0x00000010   Code   RO         9953    i.shellNormalInput  shell.o
    0x080112d4   0x080112d4   0x00000078   Code   RO         9954    i.shellParserParam  shell.o
    0x0801134c   0x0801134c   0x00000020   Code   RO         9957    i.shellRight        shell.o
    0x0801136c   0x0801136c   0x000000b8   Code   RO         9959    i.shellRunCommand   shell.o
    0x08011424   0x08011424   0x0000006e   Code   RO         9960    i.shellSeekCommand  shell.o
    0x08011492   0x08011492   0x00000002   PAD
    0x08011494   0x08011494   0x00000060   Code   RO         9961    i.shellSetUser      shell.o
    0x080114f4   0x080114f4   0x00000058   Code   RO         9962    i.shellSetVar       shell.o
    0x0801154c   0x0801154c   0x00000070   Code   RO         9963    i.shellSetVarValue  shell.o
    0x080115bc   0x080115bc   0x000000b0   Code   RO         9964    i.shellShowVar      shell.o
    0x0801166c   0x0801166c   0x00000024   Code   RO         9965    i.shellStringCompare  shell.o
    0x08011690   0x08011690   0x00000018   Code   RO         9966    i.shellStringCopy   shell.o
    0x080116a8   0x080116a8   0x00000116   Code   RO         9967    i.shellTab          shell.o
    0x080117be   0x080117be   0x00000002   PAD
    0x080117c0   0x080117c0   0x0000004c   Code   RO         9969    i.shellToDec        shell.o
    0x0801180c   0x0801180c   0x0000002a   Code   RO         9970    i.shellToHex        shell.o
    0x08011836   0x08011836   0x00000006   Code   RO         9971    i.shellUp           shell.o
    0x0801183c   0x0801183c   0x00000014   Code   RO         9972    i.shellUsers        shell.o
    0x08011850   0x08011850   0x00000014   Code   RO         9973    i.shellVars         shell.o
    0x08011864   0x08011864   0x00000058   Code   RO         9974    i.shellWriteCommandHelp  shell.o
    0x080118bc   0x080118bc   0x0000005c   Code   RO         9975    i.shellWritePrompt  shell.o
    0x08011918   0x08011918   0x00000080   Code   RO         9976    i.shellWriteReturnValue  shell.o
    0x08011998   0x08011998   0x00000024   Code   RO         9977    i.shellWriteString  shell.o
    0x080119bc   0x080119bc   0x00000004   Code   RO         9371    i.spi_lock          sfud_port.o
    0x080119c0   0x080119c0   0x00000004   Code   RO         9372    i.spi_unlock        sfud_port.o
    0x080119c4   0x080119c4   0x000000d0   Code   RO         9373    i.spi_write_read    sfud_port.o
    0x08011a94   0x08011a94   0x00000028   Code   RO         6866    i.st_clust          ff.o
    0x08011abc   0x08011abc   0x00000014   Code   RO         6867    i.st_dword          ff.o
    0x08011ad0   0x08011ad0   0x0000000a   Code   RO         6868    i.st_word           ff.o
    0x08011ada   0x08011ada   0x00000002   PAD
    0x08011adc   0x08011adc   0x0000008c   Code   RO         6869    i.sync_fs           ff.o
    0x08011b68   0x08011b68   0x00000056   Code   RO         6870    i.sync_window       ff.o
    0x08011bbe   0x08011bbe   0x00000002   PAD
    0x08011bc0   0x08011bc0   0x000000c0   Code   RO           22    i.test_elog         main.o
    0x08011c80   0x08011c80   0x0000016c   Code   RO           23    i.test_env          main.o
    0x08011dec   0x08011dec   0x0000023c   Code   RO         1100    i.test_log_file     user_cmd.o
    0x08012028   0x08012028   0x000000b0   Code   RO         9576    i.update_env_cache  ef_env.o
    0x080120d8   0x080120d8   0x0000005a   Code   RO         9577    i.update_sec_status  ef_env.o
    0x08012132   0x08012132   0x00000002   PAD
    0x08012134   0x08012134   0x00000060   Code   RO         9578    i.update_sector_cache  ef_env.o
    0x08012194   0x08012194   0x0000002c   Code   RO        11333    i.usMBCRC16         mbcrc.o
    0x080121c0   0x080121c0   0x00000228   Code   RO         1101    i.usb_read_file     user_cmd.o
    0x080123e8   0x080123e8   0x000001c0   Code   RO         1102    i.usb_write_file    user_cmd.o
    0x080125a8   0x080125a8   0x00000034   Code   RO        10322    i.userShellInit     shell_port.o
    0x080125dc   0x080125dc   0x0000001c   Code   RO        10324    i.userShellWrite    shell_port.o
    0x080125f8   0x080125f8   0x00000040   Code   RO        11573    i.vMBPortSerialEnable  portserial.o
    0x08012638   0x08012638   0x0000000c   Code   RO        11635    i.vMBPortTimersDisable  porttimer.o
    0x08012644   0x08012644   0x00000014   Code   RO        11636    i.vMBPortTimersEnable  porttimer.o
    0x08012658   0x08012658   0x00000038   Code   RO         6871    i.validate          ff.o
    0x08012690   0x08012690   0x000000c4   Code   RO         9236    i.wait_busy         sfud.o
    0x08012754   0x08012754   0x000000e0   Code   RO         1103    i.write_log         user_cmd.o
    0x08012834   0x08012834   0x00000044   Code   RO         9844    i.write_sector_status  ef_log.o
    0x08012878   0x08012878   0x000000c0   Code   RO         9579    i.write_status      ef_env.o
    0x08012938   0x08012938   0x0000001c   Code   RO        11526    i.xMBPortEventGet   portevent.o
    0x08012954   0x08012954   0x00000010   Code   RO        11527    i.xMBPortEventInit  portevent.o
    0x08012964   0x08012964   0x00000010   Code   RO        11528    i.xMBPortEventPost  portevent.o
    0x08012974   0x08012974   0x00000024   Code   RO        11574    i.xMBPortSerialGetByte  portserial.o
    0x08012998   0x08012998   0x00000034   Code   RO        11575    i.xMBPortSerialInit  portserial.o
    0x080129cc   0x080129cc   0x00000018   Code   RO        11576    i.xMBPortSerialPutByte  portserial.o
    0x080129e4   0x080129e4   0x0000007c   Code   RO        11637    i.xMBPortTimersInit  porttimer.o
    0x08012a60   0x08012a60   0x00000068   Code   RO        11355    i.xMBRTUReceiveFSM  mbrtu.o
    0x08012ac8   0x08012ac8   0x00000040   Code   RO        11356    i.xMBRTUTimerT35Expired  mbrtu.o
    0x08012b08   0x08012b08   0x0000005c   Code   RO        11357    i.xMBRTUTransmitFSM  mbrtu.o
    0x08012b64   0x08012b64   0x00000022   Code   RO        11310    i.xMBUtilGetBits    mbutils.o
    0x08012b86   0x08012b86   0x00000032   Code   RO        11311    i.xMBUtilSetBits    mbutils.o
    0x08012bb8   0x08012bb8   0x0000008a   Data   RO           25    .constdata          main.o
    0x08012c42   0x08012c42   0x0000000c   Data   RO          919    .constdata          w25qxx.o
    0x08012c4e   0x08012c4e   0x00000007   Data   RO         1104    .constdata          user_cmd.o
    0x08012c55   0x08012c55   0x00000007   Data   RO         1105    .constdata          user_cmd.o
    0x08012c5c   0x08012c5c   0x0000000a   Data   RO         1106    .constdata          user_cmd.o
    0x08012c66   0x08012c66   0x0000000a   Data   RO         1107    .constdata          user_cmd.o
    0x08012c70   0x08012c70   0x00000010   Data   RO         1108    .constdata          user_cmd.o
    0x08012c80   0x08012c80   0x00000010   Data   RO         1109    .constdata          user_cmd.o
    0x08012c90   0x08012c90   0x0000000d   Data   RO         1110    .constdata          user_cmd.o
    0x08012c9d   0x08012c9d   0x0000000d   Data   RO         1111    .constdata          user_cmd.o
    0x08012caa   0x08012caa   0x0000000a   Data   RO         1112    .constdata          user_cmd.o
    0x08012cb4   0x08012cb4   0x0000000a   Data   RO         1113    .constdata          user_cmd.o
    0x08012cbe   0x08012cbe   0x0000000e   Data   RO         1114    .constdata          user_cmd.o
    0x08012ccc   0x08012ccc   0x0000000e   Data   RO         1115    .constdata          user_cmd.o
    0x08012cda   0x08012cda   0x0000000d   Data   RO         1116    .constdata          user_cmd.o
    0x08012ce7   0x08012ce7   0x0000000d   Data   RO         1117    .constdata          user_cmd.o
    0x08012cf4   0x08012cf4   0x0000000f   Data   RO         1118    .constdata          user_cmd.o
    0x08012d03   0x08012d03   0x0000000f   Data   RO         1119    .constdata          user_cmd.o
    0x08012d12   0x08012d12   0x0000000e   Data   RO         1120    .constdata          user_cmd.o
    0x08012d20   0x08012d20   0x0000000e   Data   RO         1121    .constdata          user_cmd.o
    0x08012d2e   0x08012d2e   0x0000000e   Data   RO         1122    .constdata          user_cmd.o
    0x08012d3c   0x08012d3c   0x0000000e   Data   RO         1123    .constdata          user_cmd.o
    0x08012d4a   0x08012d4a   0x00000050   Data   RO         1124    .constdata          user_cmd.o
    0x08012d9a   0x08012d9a   0x00000002   PAD
    0x08012d9c   0x08012d9c   0x00000040   Data   RO         6326    .constdata          system_stm32l4xx.o
    0x08012ddc   0x08012ddc   0x00000008   Data   RO         6327    .constdata          system_stm32l4xx.o
    0x08012de4   0x08012de4   0x00000014   Data   RO         6367    .constdata          usbh_diskio.o
    0x08012df8   0x08012df8   0x00000014   Data   RO         6422    .constdata          sd_diskio.o
    0x08012e0c   0x08012e0c   0x0000009c   Data   RO         6873    .constdata          ff.o
    0x08012ea8   0x08012ea8   0x000000c6   Data   RO         7839    .constdata          elog.o
    0x08012f6e   0x08012f6e   0x00000023   Data   RO         7975    .constdata          elog_utils.o
    0x08012f91   0x08012f91   0x0000005e   Data   RO         8082    .constdata          elog_flash.o
    0x08012fef   0x08012fef   0x00000021   Data   RO         8191    .constdata          elog_file.o
    0x08013010   0x08013010   0x00000416   Data   RO         9238    .constdata          sfud.o
    0x08013426   0x08013426   0x0000000f   Data   RO         9375    .constdata          sfud_port.o
    0x08013435   0x08013435   0x00000003   PAD
    0x08013438   0x08013438   0x00000056   Data   RO         9453    .constdata          ef_port.o
    0x0801348e   0x0801348e   0x00000077   Data   RO         9581    .constdata          ef_env.o
    0x08013505   0x08013505   0x00000019   Data   RO         9847    .constdata          ef_log.o
    0x0801351e   0x0801351e   0x00000002   PAD
    0x08013520   0x08013520   0x00000400   Data   RO         9911    .constdata          ef_utils.o
    0x08013920   0x08013920   0x00000016   Data   RO         9979    .constdata          shell.o
    0x08013936   0x08013936   0x00000001   Data   RO         9980    .constdata          shell.o
    0x08013937   0x08013937   0x0000000d   Data   RO         9981    .constdata          shell.o
    0x08013944   0x08013944   0x00000007   Data   RO         9982    .constdata          shell.o
    0x0801394b   0x0801394b   0x00000008   Data   RO         9983    .constdata          shell.o
    0x08013953   0x08013953   0x00000003   Data   RO         9984    .constdata          shell.o
    0x08013956   0x08013956   0x00000005   Data   RO         9985    .constdata          shell.o
    0x0801395b   0x0801395b   0x00000006   Data   RO         9986    .constdata          shell.o
    0x08013961   0x08013961   0x00000005   Data   RO         9987    .constdata          shell.o
    0x08013966   0x08013966   0x00000004   Data   RO         9988    .constdata          shell.o
    0x0801396a   0x0801396a   0x0000000a   Data   RO         9989    .constdata          shell.o
    0x08013974   0x08013974   0x0000000a   Data   RO         9990    .constdata          shell.o
    0x0801397e   0x0801397e   0x00000007   Data   RO         9991    .constdata          shell.o
    0x08013985   0x08013985   0x00000006   Data   RO         9992    .constdata          shell.o
    0x0801398b   0x0801398b   0x00000006   Data   RO         9993    .constdata          shell.o
    0x08013991   0x08013991   0x00000005   Data   RO         9994    .constdata          shell.o
    0x08013996   0x08013996   0x0000001e   Data   RO         9995    .constdata          shell.o
    0x080139b4   0x080139b4   0x00000006   Data   RO         9996    .constdata          shell.o
    0x080139ba   0x080139ba   0x0000000e   Data   RO         9997    .constdata          shell.o
    0x080139c8   0x080139c8   0x00000005   Data   RO         9998    .constdata          shell.o
    0x080139cd   0x080139cd   0x0000000d   Data   RO         9999    .constdata          shell.o
    0x080139da   0x080139da   0x00000005   Data   RO        10000    .constdata          shell.o
    0x080139df   0x080139df   0x0000000d   Data   RO        10001    .constdata          shell.o
    0x080139ec   0x080139ec   0x00000005   Data   RO        10002    .constdata          shell.o
    0x080139f1   0x080139f1   0x0000000d   Data   RO        10003    .constdata          shell.o
    0x080139fe   0x080139fe   0x00000006   Data   RO        10004    .constdata          shell.o
    0x08013a04   0x08013a04   0x0000000e   Data   RO        10005    .constdata          shell.o
    0x08013a12   0x08013a12   0x00000200   Data   RO        11334    .constdata          mbcrc.o
    0x08013c12   0x08013c12   0x0000002c   Data   RO        11809    .constdata          example_callback.o
    0x08013c3e   0x08013c3e   0x00000081   Data   RO        12522    .constdata          mc_w.l(ctype_o.o)
    0x08013cbf   0x08013cbf   0x00000001   PAD
    0x08013cc0   0x08013cc0   0x00000004   Data   RO        12523    .constdata          mc_w.l(ctype_o.o)
    0x08013cc4   0x08013cc4   0x00000038   Data   RO         8754    .constdata__ZTV10c_keyboard  uicode.o
    0x08013cfc   0x08013cfc   0x00000034   Data   RO         8758    .constdata__ZTV11c_wave_ctrl  uicode.o
    0x08013d30   0x08013d30   0x00000010   Data   RO         8748    .constdata__ZTV17c_bitmap_operator  uicode.o
    0x08013d40   0x08013d40   0x00000034   Data   RO         8756    .constdata__ZTV17c_keyboard_button  uicode.o
    0x08013d74   0x08013d74   0x0000001c   Data   RO         8746    .constdata__ZTV17c_lattice_font_op  uicode.o
    0x08013d90   0x08013d90   0x00000034   Data   RO         8750    .constdata__ZTV5c_wnd  uicode.o
    0x08013dc4   0x08013dc4   0x00000034   Data   RO         8760    .constdata__ZTV6c_myUI  uicode.o
    0x08013df8   0x08013df8   0x00000034   Data   RO         8752    .constdata__ZTV8c_button  uicode.o
    0x08013e2c   0x08013e2c   0x000000d8   Data   RO           26    .conststring        main.o
    0x08013f04   0x08013f04   0x00000004   Data   RO         7631    .conststring        usbh_msc.o
    0x08013f08   0x08013f08   0x00000047   Data   RO         7840    .conststring        elog.o
    0x08013f4f   0x08013f4f   0x00000001   PAD
    0x08013f50   0x08013f50   0x00000042   Data   RO         8083    .conststring        elog_flash.o
    0x08013f92   0x08013f92   0x00000002   PAD
    0x08013f94   0x08013f94   0x00000008   Data   RO         8326    .conststring        uicode.o
    0x08013f9c   0x08013f9c   0x00000255   Data   RO         9239    .conststring        sfud.o
    0x080141f1   0x080141f1   0x00000003   PAD
    0x080141f4   0x080141f4   0x00000067   Data   RO         9454    .conststring        ef_port.o
    0x0801425b   0x0801425b   0x00000001   PAD
    0x0801425c   0x0801425c   0x00000049   Data   RO         9517    .conststring        easyflash.o
    0x080142a5   0x080142a5   0x00000003   PAD
    0x080142a8   0x080142a8   0x0000012f   Data   RO         9582    .conststring        ef_env.o
    0x080143d7   0x080143d7   0x00000001   PAD
    0x080143d8   0x080143d8   0x00000054   Data   RO         9848    .conststring        ef_log.o
    0x0801442c   0x0801442c   0x000002a1   Data   RO        10006    .conststring        shell.o
    0x080146cd   0x080146cd   0x00000003   PAD
    0x080146d0   0x080146d0   0x00000020   Data   RO        12580    Region$$Table       anon$$obj.o
    0x080146f0   0x080146f0   0x000000a0   Data   RO         1125    shellCommand        user_cmd.o
    0x08014790   0x08014790   0x00000120   Data   RO        10008    shellCommand        shell.o
    0x080148b0   0x080148b0   0x00000004   Data   RO         8329    .init_array         uicode.o
    0x080148b4   0x080148b0   0x00000000   Data   RO        12376    .init_array         mc_w.l(cpp_init.o)


    Execution Region RW_IRAM1 (Exec base: 0x20000000, Load base: 0x080148b4, Size: 0x000071c8, Max: 0x00018000, ABSOLUTE, COMPRESSED[0x000002e8])

    Exec Addr    Load Addr    Size         Type   Attr      Idx    E Section Name        Object

    0x20000000   COMPRESSED   0x00000004   Data   RW          839    .data               delay.o
    0x20000004   COMPRESSED   0x00000002   Data   RW          920    .data               w25qxx.o
    0x20000006   COMPRESSED   0x00000001   Data   RW         1213    .data               sd_card.o
    0x20000007   COMPRESSED   0x00000001   PAD
    0x20000008   COMPRESSED   0x0000000c   Data   RW         2137    .data               stm32l4xx_hal.o
    0x20000014   COMPRESSED   0x00000004   Data   RW         6328    .data               system_stm32l4xx.o
    0x20000018   COMPRESSED   0x0000000a   Data   RW         6477    .data               fatfs.o
    0x20000022   COMPRESSED   0x00000001   Data   RW         6515    .data               usb_host.o
    0x20000023   COMPRESSED   0x00000001   PAD
    0x20000024   COMPRESSED   0x0000000c   Data   RW         6874    .data               ff.o
    0x20000030   COMPRESSED   0x00000020   Data   RW         7632    .data               usbh_msc.o
    0x20000050   COMPRESSED   0x00000034   Data   RW         7841    .data               elog.o
    0x20000084   COMPRESSED   0x00000008   Data   RW         8084    .data               elog_flash.o
    0x2000008c   COMPRESSED   0x00000008   Data   RW         8192    .data               elog_file.o
    0x20000094   COMPRESSED   0x00000524   Data   RW         8327    .data               uicode.o
    0x200005b8   COMPRESSED   0x00000050   Data   RW         9240    .data               sfud.o
    0x20000608   COMPRESSED   0x0000000c   Data   RW         9376    .data               sfud_port.o
    0x20000614   COMPRESSED   0x00000001   Data   RW         9518    .data               easyflash.o
    0x20000615   COMPRESSED   0x00000003   PAD
    0x20000618   COMPRESSED   0x00000010   Data   RW         9583    .data               ef_env.o
    0x20000628   COMPRESSED   0x00000010   Data   RW         9849    .data               ef_log.o
    0x20000638   COMPRESSED   0x00000054   Data   RW        10007    .data               shell.o
    0x2000068c   COMPRESSED   0x00000001   Data   RW        10326    .data               shell_port.o
    0x2000068d   COMPRESSED   0x00000001   PAD
    0x2000068e   COMPRESSED   0x00000002   Data   RW        11291    .data               mbfuncother.o
    0x20000690   COMPRESSED   0x0000000c   Data   RW        11359    .data               mbrtu.o
    0x2000069c   COMPRESSED   0x000000ac   Data   RW        11433    .data               mb.o
    0x20000748   COMPRESSED   0x00000002   Data   RW        11529    .data               portevent.o
    0x2000074a   COMPRESSED   0x00000001   Data   RW        11577    .data               portserial.o
    0x2000074b   COMPRESSED   0x00000001   PAD
    0x2000074c   COMPRESSED   0x00000048   Data   RW        11680    .data               user_mb_app.o
    0x20000794   COMPRESSED   0x00000008   Data   RW        11716    .data               multitimer.o
    0x2000079c   COMPRESSED   0x00000004   Data   RW        11863    .data               multi_button.o
    0x200007a0   COMPRESSED   0x00000004   Data   RW        12445    .data               mc_w.l(stdout.o)
    0x200007a4   COMPRESSED   0x00000004   Data   RW        12454    .data               mc_w.l(mvars.o)
    0x200007a8   COMPRESSED   0x00000004   Data   RW        12455    .data               mc_w.l(mvars.o)
    0x200007ac   COMPRESSED   0x00000004   Data   RW        12459    .data               mc_w.l(errno.o)
    0x200007b0   COMPRESSED   0x00000004   Data   RW        12473    .data               mc_w.l(cpp_dtor.o)
    0x200007b4        -       0x00000017   Zero   RW           24    .bss                main.o
    0x200007cb   COMPRESSED   0x00000001   PAD
    0x200007cc        -       0x00000108   Zero   RW          572    .bss                bsp.o
    0x200008d4        -       0x00000480   Zero   RW          689    .bss                lcd.o
    0x20000d54        -       0x00000044   Zero   RW         1015    .bss                qspi.o
    0x20000d98        -       0x000000c8   Zero   RW         1323    .bss                spi.o
    0x20000e60        -       0x0000004c   Zero   RW         1385    .bss                timer.o
    0x20000eac        -       0x00000014   Zero   RW         1581    .bss                wwdg.o
    0x20000ec0        -       0x00000230   Zero   RW         6473    .bss                fatfs.o
    0x200010f0        -       0x00000230   Zero   RW         6474    .bss                fatfs.o
    0x20001320        -       0x00000230   Zero   RW         6475    .bss                fatfs.o
    0x20001550        -       0x00000230   Zero   RW         6476    .bss                fatfs.o
    0x20001780        -       0x000003d8   Zero   RW         6514    .bss                usb_host.o
    0x20001b58        -       0x00000304   Zero   RW         6574    .bss                usbh_conf.o
    0x20001e5c        -       0x00000020   Zero   RW         6872    .bss                ff.o
    0x20001e7c        -       0x00000010   Zero   RW         7175    .bss                ff_gen_drv.o
    0x20001e8c        -       0x000004f8   Zero   RW         7838    .bss                elog.o
    0x20002384        -       0x00000400   Zero   RW         8080    .bss                elog_flash.o
    0x20002784        -       0x0000023c   Zero   RW         8190    .bss                elog_file.o
    0x200029c0        -       0x00002b78   Zero   RW         8322    .bss                uicode.o
    0x20005538        -       0x00000105   Zero   RW         9237    .bss                sfud.o
    0x2000563d        -       0x00000100   Zero   RW         9374    .bss                sfud_port.o
    0x2000573d        -       0x00000080   Zero   RW         9452    .bss                ef_port.o
    0x200057bd   COMPRESSED   0x00000003   PAD
    0x200057c0        -       0x00000174   Zero   RW         9580    .bss                ef_env.o
    0x20005934        -       0x0000001d   Zero   RW         9978    .bss                shell.o
    0x20005951   COMPRESSED   0x00000003   PAD
    0x20005954        -       0x0000026c   Zero   RW        10325    .bss                shell_port.o
    0x20005bc0        -       0x0000000f   Zero   RW        10463    .bss                cjson.o
    0x20005bcf        -       0x00000020   Zero   RW        11290    .bss                mbfuncother.o
    0x20005bef        -       0x00000100   Zero   RW        11358    .bss                mbrtu.o
    0x20005cef   COMPRESSED   0x00000001   PAD
    0x20005cf0        -       0x0000004c   Zero   RW        11638    .bss                porttimer.o
    0x20005d3c   COMPRESSED   0x00000004   PAD
    0x20005d40        -       0x00000018   Zero   RW        11752    .bss                test_stm32.o
    0x20005d58        -       0x00000070   Zero   RW        11808    .bss                example_callback.o
    0x20005dc8        -       0x00001000   Zero   RW            2    HEAP                startup_stm32l475xx.o
    0x20006dc8        -       0x00000400   Zero   RW            1    STACK               startup_stm32l475xx.o


==============================================================================

Image component sizes


      Code (inc. data)   RO Data    RW Data    ZI Data      Debug   Object Name

       502         76          0          0        264       7461   bsp.o
        40         18          0          0         15        544   cjson.o
        40         22          0          0          0        513   cjson_test.o
       184          0          0          0          0       1306   common.o
        98          8          0          4          0       1995   delay.o
       160         26          0          0          0       3757   diskio.o
       168         92         73          1          0       1053   easyflash.o
      5862       1650        422         16        372      42772   ef_env.o
      1900        514        109         16          0      11121   ef_log.o
       460        192        189          0        128       6546   ef_port.o
        36          4       1024          0          0       1184   ef_utils.o
      2398        774        269         52       1272      17512   elog.o
       784        270         33          8        572       8437   elog_file.o
         8          0          0          0          0       4839   elog_file_port.o
      1422        688        160          8       1024       7394   elog_flash.o
        36          8          0          0          0       2412   elog_flash_port.o
        88         22          0          0          0       9357   elog_port.o
       472        184         35          0          0       6120   elog_utils.o
       922        478         44          0        112       3583   example_callback.o
       112          8          0          0          0       1673   exti.o
        48         18          0         10       2240       1720   fatfs.o
      6060         84        156         12         32      48128   ff.o
        78          6          0          0         16       1683   ff_gen_drv.o
       104         14          0          0          0        963   key.o
       870         38          0          0       1152       6201   lcd.o
        72         10          0          0          0        887   led.o
      3216       1528        354          0         23     905762   main.o
       336         40          0        172          0       5027   mb.o
         0          0          0          0          0       3958   mbascii.o
        44          4        512          0          0       1288   mbcrc.o
       300          0          0          0          0       3886   mbfunccoils.o
       114          0          0          0          0       1632   mbfuncdisc.o
       384          0          0          0          0       5331   mbfuncholding.o
        98          0          0          0          0       1627   mbfuncinput.o
        36         10          0          2         32       1459   mbfuncother.o
       594         46          0         12        256       6755   mbrtu.o
       108          0          0          0          0       2746   mbutils.o
       556         16          0          4          0       4224   multi_button.o
       180         12          0          8          0       2676   multitimer.o
         4          0          0          0          0        965   port.o
        60         14          0          2          0       2288   portevent.o
       200         36          0          1          0       4005   portserial.o
       168         28          0          0         76       2538   porttimer.o
       236         28          0          0         68       3077   qspi.o
      1178         32          0          1          0      11230   sd_card.o
       142          0         20          0          0       4040   sd_diskio.o
      4950       2172       1643         80        261      20175   sfud.o
       976        260         15         12        256      11357   sfud_port.o
      4038        240       1203         84         29      40382   shell.o
       684          8          0          0          0       5266   shell_ext.o
        80         24          0          1        620       2034   shell_port.o
       448         58          0          0        200       4905   spi.o
        36          8        392          0       5120        848   startup_stm32l475xx.o
       162         24          0         12          0      14493   stm32l4xx_hal.o
       258         24          0          0          0      35200   stm32l4xx_hal_cortex.o
       152          0          0          0          0       1823   stm32l4xx_hal_dma.o
       602         42          0          0          0       4359   stm32l4xx_hal_gpio.o
      2138          0          0          0          0      13953   stm32l4xx_hal_hcd.o
       416         36          0          0          0       2568   stm32l4xx_hal_msp.o
       136         24          0          0          0       1951   stm32l4xx_hal_pwr_ex.o
      1252         10          0          0          0       7861   stm32l4xx_hal_qspi.o
      1968         98          0          0          0       7000   stm32l4xx_hal_rcc.o
      1506         44          0          0          0       4100   stm32l4xx_hal_rcc_ex.o
      1724         10          0          0          0       8068   stm32l4xx_hal_spi.o
      1192         64          0          0          0      11028   stm32l4xx_hal_tim.o
       162         26          0          0          0       3140   stm32l4xx_hal_tim_ex.o
      2954         84          0          0          0      15682   stm32l4xx_hal_uart.o
         2          0          0          0          0       1040   stm32l4xx_hal_uart_ex.o
        40          0          0          0          0       1609   stm32l4xx_hal_wwdg.o
        32          6          0          0          0       4766   stm32l4xx_it.o
      1584         30          0          0          0      17214   stm32l4xx_ll_usb.o
        16          4         72          4          0       1221   system_stm32l4xx.o
       114         38          0          0         24       1960   test_stm32.o
        44         10          0          0         76        823   timer.o
      1194        120        372       1316      11128      36547   uicode.o
       116         22          0          1        984       2330   usb_host.o
       672         10          0          0        772      16201   usbh_conf.o
      1608         20          0          0          0      11951   usbh_core.o
      1230         12          0          0          0      12918   usbh_ctlreq.o
       284         20         20          0          0       4269   usbh_diskio.o
       208          0          0          0          0       4536   usbh_ioreq.o
      1962         10          4         32          0      11549   usbh_msc.o
       764         26          0          0          0       5661   usbh_msc_bot.o
       908          0          0          0          0       6395   usbh_msc_scsi.o
       136          0          0          0          0       4026   usbh_pipes.o
        24          6          0          0          0        586   usbh_platform.o
      2868       1608        492          0          0       9864   user_cmd.o
       460         20          0         72          0       4851   user_mb_app.o
       238         64         12          2          0       2806   w25qxx.o
        44         16          0          0         20       1584   wwdg.o

    ----------------------------------------------------------------------
     71388      12296       7678       1952      27156    1554575   Object Totals
         0          0         32          0          0          0   (incl. Generated)
       128          0         21          7         12          0   (incl. Padding)

    ----------------------------------------------------------------------

      Code (inc. data)   RO Data    RW Data    ZI Data      Debug   Library Member Name

        86          0          0          0          0          0   __dczerorl2.o
        28          0          0          0          0         68   _chval.o
       164          0          0          0          0         92   _strtoul.o
        46          0          0          0          0         84   aeabi_atexit.o
        26          0          0          0          0         80   atol.o
         8          4          0          4          0         68   cpp_dtor.o
         2          0          0          0          0         68   cpp_final.o
        32         10          0          0          0         80   cpp_init.o
         8          4        133          0          0         68   ctype_o.o
        66          0          0          0          0         84   cxa_finalize.o
         0          0          0          0          0          0   entry.o
         0          0          0          0          0          0   entry10a.o
         4          0          0          0          0          0   entry10b.o
         0          0          0          0          0          0   entry11a.o
         8          4          0          0          0          0   entry2.o
         4          0          0          0          0          0   entry5.o
         0          0          0          0          0          0   entry7b.o
         4          0          0          0          0          0   entry8a.o
         0          0          0          0          0          0   entry8b.o
         8          4          0          0          0          0   entry9a.o
         8          4          0          4          0         68   errno.o
        30          0          0          0          0          0   handlers.o
        36          8          0          0          0         68   init.o
         0          0          0          0          0          0   iusefp.o
        30          0          0          0          0         68   llshl.o
        36          0          0          0          0         68   llsshr.o
        32          0          0          0          0         68   llushr.o
       252         24          0          0          0        252   mallocr.o
        36          0          0          0          0         68   memcpya.o
        36          0          0          0          0        108   memseta.o
         0          0          0          8          0          0   mvars.o
      2470        110          0          0          0        916   printfa.o
         0          0          0          4          0          0   stdout.o
        28          0          0          0          0         76   strcmp.o
        14          0          0          0          0         68   strlen.o
        30          0          0          0          0         80   strncmp.o
        24          0          0          0          0         76   strncpy.o
        36          0          0          0          0         80   strstr.o
       112          0          0          0          0         88   strtol.o
        44          0          0          0          0         80   uidiv.o
       104          0          0          0          0         92   uldiv.o
        48          0          0          0          0         68   cdrcmple.o
       350          0          0          0          0        148   dadd.o
       222          0          0          0          0        100   ddiv.o
       186          0          0          0          0        176   depilogue.o
        48          0          0          0          0         68   dfixul.o
       234          0          0          0          0         96   dmul.o

    ----------------------------------------------------------------------
      4948        172        134         20          0       3672   Library Totals
         8          0          1          0          0          0   (incl. Padding)

    ----------------------------------------------------------------------

      Code (inc. data)   RO Data    RW Data    ZI Data      Debug   Library Name

      3852        172        133         20          0       3016   mc_w.l
      1088          0          0          0          0        656   mf_w.l

    ----------------------------------------------------------------------
      4948        172        134         20          0       3672   Library Totals

    ----------------------------------------------------------------------

==============================================================================


      Code (inc. data)   RO Data    RW Data    ZI Data      Debug   

     76336      12468       7812       1972      27156    1495203   Grand Totals
     76336      12468       7812        744      27156    1495203   ELF Image Totals (compressed)
     76336      12468       7812        744          0          0   ROM Totals

==============================================================================

    Total RO  Size (Code + RO Data)                84148 (  82.18kB)
    Total RW  Size (RW Data + ZI Data)             29128 (  28.45kB)
    Total ROM Size (Code + RO Data + RW Data)      84892 (  82.90kB)

==============================================================================

